Copyright 1986-2020 Xilinx, Inc. All Rights Reserved.
--------------------------------------------------------------------------------------------------------------------------------------------------------------------------
| Tool Version : Vivado v.2020.2 (win64) Build 3064766 Wed Nov 18 09:12:45 MST 2020
| Date         : Sat Jul 20 20:49:30 2024
| Host         : OGAS running 64-bit major release  (build 9200)
| Command      : report_methodology -file bd_0_wrapper_methodology_drc_routed.rpt -pb bd_0_wrapper_methodology_drc_routed.pb -rpx bd_0_wrapper_methodology_drc_routed.rpx
| Design       : bd_0_wrapper
| Device       : xc7z030sbg485-3
| Speed File   : -3
| Design State : Fully Routed
--------------------------------------------------------------------------------------------------------------------------------------------------------------------------

Report Methodology

Table of Contents
-----------------
1. REPORT SUMMARY
2. REPORT DETAILS

1. REPORT SUMMARY
-----------------
            Netlist: netlist
          Floorplan: checkpoint_bd_0_wrapper
      Design limits: <entire design considered>
             Max violations: <unlimited>
             Violations found: 457
+-----------+----------+-------------------------------+------------+
| Rule      | Severity | Description                   | Violations |
+-----------+----------+-------------------------------+------------+
| TIMING-18 | Warning  | Missing input or output delay | 457        |
+-----------+----------+-------------------------------+------------+

2. REPORT DETAILS
-----------------
TIMING-18#1 Warning
Missing input or output delay  
An input delay is missing on ap_ctrl_start relative to clock(s) ap_clk
Related violations: <none>

TIMING-18#2 Warning
Missing input or output delay  
An input delay is missing on ap_rst relative to clock(s) ap_clk
Related violations: <none>

TIMING-18#3 Warning
Missing input or output delay  
An input delay is missing on num_points_q0[0] relative to clock(s) ap_clk
Related violations: <none>

TIMING-18#4 Warning
Missing input or output delay  
An input delay is missing on num_points_q0[10] relative to clock(s) ap_clk
Related violations: <none>

TIMING-18#5 Warning
Missing input or output delay  
An input delay is missing on num_points_q0[11] relative to clock(s) ap_clk
Related violations: <none>

TIMING-18#6 Warning
Missing input or output delay  
An input delay is missing on num_points_q0[12] relative to clock(s) ap_clk
Related violations: <none>

TIMING-18#7 Warning
Missing input or output delay  
An input delay is missing on num_points_q0[13] relative to clock(s) ap_clk
Related violations: <none>

TIMING-18#8 Warning
Missing input or output delay  
An input delay is missing on num_points_q0[14] relative to clock(s) ap_clk
Related violations: <none>

TIMING-18#9 Warning
Missing input or output delay  
An input delay is missing on num_points_q0[15] relative to clock(s) ap_clk
Related violations: <none>

TIMING-18#10 Warning
Missing input or output delay  
An input delay is missing on num_points_q0[16] relative to clock(s) ap_clk
Related violations: <none>

TIMING-18#11 Warning
Missing input or output delay  
An input delay is missing on num_points_q0[17] relative to clock(s) ap_clk
Related violations: <none>

TIMING-18#12 Warning
Missing input or output delay  
An input delay is missing on num_points_q0[18] relative to clock(s) ap_clk
Related violations: <none>

TIMING-18#13 Warning
Missing input or output delay  
An input delay is missing on num_points_q0[19] relative to clock(s) ap_clk
Related violations: <none>

TIMING-18#14 Warning
Missing input or output delay  
An input delay is missing on num_points_q0[1] relative to clock(s) ap_clk
Related violations: <none>

TIMING-18#15 Warning
Missing input or output delay  
An input delay is missing on num_points_q0[20] relative to clock(s) ap_clk
Related violations: <none>

TIMING-18#16 Warning
Missing input or output delay  
An input delay is missing on num_points_q0[21] relative to clock(s) ap_clk
Related violations: <none>

TIMING-18#17 Warning
Missing input or output delay  
An input delay is missing on num_points_q0[22] relative to clock(s) ap_clk
Related violations: <none>

TIMING-18#18 Warning
Missing input or output delay  
An input delay is missing on num_points_q0[23] relative to clock(s) ap_clk
Related violations: <none>

TIMING-18#19 Warning
Missing input or output delay  
An input delay is missing on num_points_q0[24] relative to clock(s) ap_clk
Related violations: <none>

TIMING-18#20 Warning
Missing input or output delay  
An input delay is missing on num_points_q0[25] relative to clock(s) ap_clk
Related violations: <none>

TIMING-18#21 Warning
Missing input or output delay  
An input delay is missing on num_points_q0[26] relative to clock(s) ap_clk
Related violations: <none>

TIMING-18#22 Warning
Missing input or output delay  
An input delay is missing on num_points_q0[27] relative to clock(s) ap_clk
Related violations: <none>

TIMING-18#23 Warning
Missing input or output delay  
An input delay is missing on num_points_q0[28] relative to clock(s) ap_clk
Related violations: <none>

TIMING-18#24 Warning
Missing input or output delay  
An input delay is missing on num_points_q0[29] relative to clock(s) ap_clk
Related violations: <none>

TIMING-18#25 Warning
Missing input or output delay  
An input delay is missing on num_points_q0[2] relative to clock(s) ap_clk
Related violations: <none>

TIMING-18#26 Warning
Missing input or output delay  
An input delay is missing on num_points_q0[30] relative to clock(s) ap_clk
Related violations: <none>

TIMING-18#27 Warning
Missing input or output delay  
An input delay is missing on num_points_q0[31] relative to clock(s) ap_clk
Related violations: <none>

TIMING-18#28 Warning
Missing input or output delay  
An input delay is missing on num_points_q0[3] relative to clock(s) ap_clk
Related violations: <none>

TIMING-18#29 Warning
Missing input or output delay  
An input delay is missing on num_points_q0[4] relative to clock(s) ap_clk
Related violations: <none>

TIMING-18#30 Warning
Missing input or output delay  
An input delay is missing on num_points_q0[5] relative to clock(s) ap_clk
Related violations: <none>

TIMING-18#31 Warning
Missing input or output delay  
An input delay is missing on num_points_q0[6] relative to clock(s) ap_clk
Related violations: <none>

TIMING-18#32 Warning
Missing input or output delay  
An input delay is missing on num_points_q0[7] relative to clock(s) ap_clk
Related violations: <none>

TIMING-18#33 Warning
Missing input or output delay  
An input delay is missing on num_points_q0[8] relative to clock(s) ap_clk
Related violations: <none>

TIMING-18#34 Warning
Missing input or output delay  
An input delay is missing on num_points_q0[9] relative to clock(s) ap_clk
Related violations: <none>

TIMING-18#35 Warning
Missing input or output delay  
An input delay is missing on num_points_q1[0] relative to clock(s) ap_clk
Related violations: <none>

TIMING-18#36 Warning
Missing input or output delay  
An input delay is missing on num_points_q1[10] relative to clock(s) ap_clk
Related violations: <none>

TIMING-18#37 Warning
Missing input or output delay  
An input delay is missing on num_points_q1[11] relative to clock(s) ap_clk
Related violations: <none>

TIMING-18#38 Warning
Missing input or output delay  
An input delay is missing on num_points_q1[12] relative to clock(s) ap_clk
Related violations: <none>

TIMING-18#39 Warning
Missing input or output delay  
An input delay is missing on num_points_q1[13] relative to clock(s) ap_clk
Related violations: <none>

TIMING-18#40 Warning
Missing input or output delay  
An input delay is missing on num_points_q1[14] relative to clock(s) ap_clk
Related violations: <none>

TIMING-18#41 Warning
Missing input or output delay  
An input delay is missing on num_points_q1[15] relative to clock(s) ap_clk
Related violations: <none>

TIMING-18#42 Warning
Missing input or output delay  
An input delay is missing on num_points_q1[16] relative to clock(s) ap_clk
Related violations: <none>

TIMING-18#43 Warning
Missing input or output delay  
An input delay is missing on num_points_q1[17] relative to clock(s) ap_clk
Related violations: <none>

TIMING-18#44 Warning
Missing input or output delay  
An input delay is missing on num_points_q1[18] relative to clock(s) ap_clk
Related violations: <none>

TIMING-18#45 Warning
Missing input or output delay  
An input delay is missing on num_points_q1[19] relative to clock(s) ap_clk
Related violations: <none>

TIMING-18#46 Warning
Missing input or output delay  
An input delay is missing on num_points_q1[1] relative to clock(s) ap_clk
Related violations: <none>

TIMING-18#47 Warning
Missing input or output delay  
An input delay is missing on num_points_q1[20] relative to clock(s) ap_clk
Related violations: <none>

TIMING-18#48 Warning
Missing input or output delay  
An input delay is missing on num_points_q1[21] relative to clock(s) ap_clk
Related violations: <none>

TIMING-18#49 Warning
Missing input or output delay  
An input delay is missing on num_points_q1[22] relative to clock(s) ap_clk
Related violations: <none>

TIMING-18#50 Warning
Missing input or output delay  
An input delay is missing on num_points_q1[23] relative to clock(s) ap_clk
Related violations: <none>

TIMING-18#51 Warning
Missing input or output delay  
An input delay is missing on num_points_q1[24] relative to clock(s) ap_clk
Related violations: <none>

TIMING-18#52 Warning
Missing input or output delay  
An input delay is missing on num_points_q1[25] relative to clock(s) ap_clk
Related violations: <none>

TIMING-18#53 Warning
Missing input or output delay  
An input delay is missing on num_points_q1[26] relative to clock(s) ap_clk
Related violations: <none>

TIMING-18#54 Warning
Missing input or output delay  
An input delay is missing on num_points_q1[27] relative to clock(s) ap_clk
Related violations: <none>

TIMING-18#55 Warning
Missing input or output delay  
An input delay is missing on num_points_q1[28] relative to clock(s) ap_clk
Related violations: <none>

TIMING-18#56 Warning
Missing input or output delay  
An input delay is missing on num_points_q1[29] relative to clock(s) ap_clk
Related violations: <none>

TIMING-18#57 Warning
Missing input or output delay  
An input delay is missing on num_points_q1[2] relative to clock(s) ap_clk
Related violations: <none>

TIMING-18#58 Warning
Missing input or output delay  
An input delay is missing on num_points_q1[30] relative to clock(s) ap_clk
Related violations: <none>

TIMING-18#59 Warning
Missing input or output delay  
An input delay is missing on num_points_q1[31] relative to clock(s) ap_clk
Related violations: <none>

TIMING-18#60 Warning
Missing input or output delay  
An input delay is missing on num_points_q1[3] relative to clock(s) ap_clk
Related violations: <none>

TIMING-18#61 Warning
Missing input or output delay  
An input delay is missing on num_points_q1[4] relative to clock(s) ap_clk
Related violations: <none>

TIMING-18#62 Warning
Missing input or output delay  
An input delay is missing on num_points_q1[5] relative to clock(s) ap_clk
Related violations: <none>

TIMING-18#63 Warning
Missing input or output delay  
An input delay is missing on num_points_q1[6] relative to clock(s) ap_clk
Related violations: <none>

TIMING-18#64 Warning
Missing input or output delay  
An input delay is missing on num_points_q1[7] relative to clock(s) ap_clk
Related violations: <none>

TIMING-18#65 Warning
Missing input or output delay  
An input delay is missing on num_points_q1[8] relative to clock(s) ap_clk
Related violations: <none>

TIMING-18#66 Warning
Missing input or output delay  
An input delay is missing on num_points_q1[9] relative to clock(s) ap_clk
Related violations: <none>

TIMING-18#67 Warning
Missing input or output delay  
An input delay is missing on patch_stream_V_full_n relative to clock(s) ap_clk
Related violations: <none>

TIMING-18#68 Warning
Missing input or output delay  
An input delay is missing on points_q0[0] relative to clock(s) ap_clk
Related violations: <none>

TIMING-18#69 Warning
Missing input or output delay  
An input delay is missing on points_q0[100] relative to clock(s) ap_clk
Related violations: <none>

TIMING-18#70 Warning
Missing input or output delay  
An input delay is missing on points_q0[101] relative to clock(s) ap_clk
Related violations: <none>

TIMING-18#71 Warning
Missing input or output delay  
An input delay is missing on points_q0[102] relative to clock(s) ap_clk
Related violations: <none>

TIMING-18#72 Warning
Missing input or output delay  
An input delay is missing on points_q0[103] relative to clock(s) ap_clk
Related violations: <none>

TIMING-18#73 Warning
Missing input or output delay  
An input delay is missing on points_q0[104] relative to clock(s) ap_clk
Related violations: <none>

TIMING-18#74 Warning
Missing input or output delay  
An input delay is missing on points_q0[105] relative to clock(s) ap_clk
Related violations: <none>

TIMING-18#75 Warning
Missing input or output delay  
An input delay is missing on points_q0[106] relative to clock(s) ap_clk
Related violations: <none>

TIMING-18#76 Warning
Missing input or output delay  
An input delay is missing on points_q0[107] relative to clock(s) ap_clk
Related violations: <none>

TIMING-18#77 Warning
Missing input or output delay  
An input delay is missing on points_q0[108] relative to clock(s) ap_clk
Related violations: <none>

TIMING-18#78 Warning
Missing input or output delay  
An input delay is missing on points_q0[109] relative to clock(s) ap_clk
Related violations: <none>

TIMING-18#79 Warning
Missing input or output delay  
An input delay is missing on points_q0[10] relative to clock(s) ap_clk
Related violations: <none>

TIMING-18#80 Warning
Missing input or output delay  
An input delay is missing on points_q0[110] relative to clock(s) ap_clk
Related violations: <none>

TIMING-18#81 Warning
Missing input or output delay  
An input delay is missing on points_q0[111] relative to clock(s) ap_clk
Related violations: <none>

TIMING-18#82 Warning
Missing input or output delay  
An input delay is missing on points_q0[112] relative to clock(s) ap_clk
Related violations: <none>

TIMING-18#83 Warning
Missing input or output delay  
An input delay is missing on points_q0[113] relative to clock(s) ap_clk
Related violations: <none>

TIMING-18#84 Warning
Missing input or output delay  
An input delay is missing on points_q0[114] relative to clock(s) ap_clk
Related violations: <none>

TIMING-18#85 Warning
Missing input or output delay  
An input delay is missing on points_q0[115] relative to clock(s) ap_clk
Related violations: <none>

TIMING-18#86 Warning
Missing input or output delay  
An input delay is missing on points_q0[116] relative to clock(s) ap_clk
Related violations: <none>

TIMING-18#87 Warning
Missing input or output delay  
An input delay is missing on points_q0[117] relative to clock(s) ap_clk
Related violations: <none>

TIMING-18#88 Warning
Missing input or output delay  
An input delay is missing on points_q0[118] relative to clock(s) ap_clk
Related violations: <none>

TIMING-18#89 Warning
Missing input or output delay  
An input delay is missing on points_q0[119] relative to clock(s) ap_clk
Related violations: <none>

TIMING-18#90 Warning
Missing input or output delay  
An input delay is missing on points_q0[11] relative to clock(s) ap_clk
Related violations: <none>

TIMING-18#91 Warning
Missing input or output delay  
An input delay is missing on points_q0[120] relative to clock(s) ap_clk
Related violations: <none>

TIMING-18#92 Warning
Missing input or output delay  
An input delay is missing on points_q0[121] relative to clock(s) ap_clk
Related violations: <none>

TIMING-18#93 Warning
Missing input or output delay  
An input delay is missing on points_q0[122] relative to clock(s) ap_clk
Related violations: <none>

TIMING-18#94 Warning
Missing input or output delay  
An input delay is missing on points_q0[123] relative to clock(s) ap_clk
Related violations: <none>

TIMING-18#95 Warning
Missing input or output delay  
An input delay is missing on points_q0[124] relative to clock(s) ap_clk
Related violations: <none>

TIMING-18#96 Warning
Missing input or output delay  
An input delay is missing on points_q0[125] relative to clock(s) ap_clk
Related violations: <none>

TIMING-18#97 Warning
Missing input or output delay  
An input delay is missing on points_q0[126] relative to clock(s) ap_clk
Related violations: <none>

TIMING-18#98 Warning
Missing input or output delay  
An input delay is missing on points_q0[127] relative to clock(s) ap_clk
Related violations: <none>

TIMING-18#99 Warning
Missing input or output delay  
An input delay is missing on points_q0[12] relative to clock(s) ap_clk
Related violations: <none>

TIMING-18#100 Warning
Missing input or output delay  
An input delay is missing on points_q0[13] relative to clock(s) ap_clk
Related violations: <none>

TIMING-18#101 Warning
Missing input or output delay  
An input delay is missing on points_q0[14] relative to clock(s) ap_clk
Related violations: <none>

TIMING-18#102 Warning
Missing input or output delay  
An input delay is missing on points_q0[15] relative to clock(s) ap_clk
Related violations: <none>

TIMING-18#103 Warning
Missing input or output delay  
An input delay is missing on points_q0[16] relative to clock(s) ap_clk
Related violations: <none>

TIMING-18#104 Warning
Missing input or output delay  
An input delay is missing on points_q0[17] relative to clock(s) ap_clk
Related violations: <none>

TIMING-18#105 Warning
Missing input or output delay  
An input delay is missing on points_q0[18] relative to clock(s) ap_clk
Related violations: <none>

TIMING-18#106 Warning
Missing input or output delay  
An input delay is missing on points_q0[19] relative to clock(s) ap_clk
Related violations: <none>

TIMING-18#107 Warning
Missing input or output delay  
An input delay is missing on points_q0[1] relative to clock(s) ap_clk
Related violations: <none>

TIMING-18#108 Warning
Missing input or output delay  
An input delay is missing on points_q0[20] relative to clock(s) ap_clk
Related violations: <none>

TIMING-18#109 Warning
Missing input or output delay  
An input delay is missing on points_q0[21] relative to clock(s) ap_clk
Related violations: <none>

TIMING-18#110 Warning
Missing input or output delay  
An input delay is missing on points_q0[22] relative to clock(s) ap_clk
Related violations: <none>

TIMING-18#111 Warning
Missing input or output delay  
An input delay is missing on points_q0[23] relative to clock(s) ap_clk
Related violations: <none>

TIMING-18#112 Warning
Missing input or output delay  
An input delay is missing on points_q0[24] relative to clock(s) ap_clk
Related violations: <none>

TIMING-18#113 Warning
Missing input or output delay  
An input delay is missing on points_q0[25] relative to clock(s) ap_clk
Related violations: <none>

TIMING-18#114 Warning
Missing input or output delay  
An input delay is missing on points_q0[26] relative to clock(s) ap_clk
Related violations: <none>

TIMING-18#115 Warning
Missing input or output delay  
An input delay is missing on points_q0[27] relative to clock(s) ap_clk
Related violations: <none>

TIMING-18#116 Warning
Missing input or output delay  
An input delay is missing on points_q0[28] relative to clock(s) ap_clk
Related violations: <none>

TIMING-18#117 Warning
Missing input or output delay  
An input delay is missing on points_q0[29] relative to clock(s) ap_clk
Related violations: <none>

TIMING-18#118 Warning
Missing input or output delay  
An input delay is missing on points_q0[2] relative to clock(s) ap_clk
Related violations: <none>

TIMING-18#119 Warning
Missing input or output delay  
An input delay is missing on points_q0[30] relative to clock(s) ap_clk
Related violations: <none>

TIMING-18#120 Warning
Missing input or output delay  
An input delay is missing on points_q0[31] relative to clock(s) ap_clk
Related violations: <none>

TIMING-18#121 Warning
Missing input or output delay  
An input delay is missing on points_q0[32] relative to clock(s) ap_clk
Related violations: <none>

TIMING-18#122 Warning
Missing input or output delay  
An input delay is missing on points_q0[33] relative to clock(s) ap_clk
Related violations: <none>

TIMING-18#123 Warning
Missing input or output delay  
An input delay is missing on points_q0[34] relative to clock(s) ap_clk
Related violations: <none>

TIMING-18#124 Warning
Missing input or output delay  
An input delay is missing on points_q0[35] relative to clock(s) ap_clk
Related violations: <none>

TIMING-18#125 Warning
Missing input or output delay  
An input delay is missing on points_q0[36] relative to clock(s) ap_clk
Related violations: <none>

TIMING-18#126 Warning
Missing input or output delay  
An input delay is missing on points_q0[37] relative to clock(s) ap_clk
Related violations: <none>

TIMING-18#127 Warning
Missing input or output delay  
An input delay is missing on points_q0[38] relative to clock(s) ap_clk
Related violations: <none>

TIMING-18#128 Warning
Missing input or output delay  
An input delay is missing on points_q0[39] relative to clock(s) ap_clk
Related violations: <none>

TIMING-18#129 Warning
Missing input or output delay  
An input delay is missing on points_q0[3] relative to clock(s) ap_clk
Related violations: <none>

TIMING-18#130 Warning
Missing input or output delay  
An input delay is missing on points_q0[40] relative to clock(s) ap_clk
Related violations: <none>

TIMING-18#131 Warning
Missing input or output delay  
An input delay is missing on points_q0[41] relative to clock(s) ap_clk
Related violations: <none>

TIMING-18#132 Warning
Missing input or output delay  
An input delay is missing on points_q0[42] relative to clock(s) ap_clk
Related violations: <none>

TIMING-18#133 Warning
Missing input or output delay  
An input delay is missing on points_q0[43] relative to clock(s) ap_clk
Related violations: <none>

TIMING-18#134 Warning
Missing input or output delay  
An input delay is missing on points_q0[44] relative to clock(s) ap_clk
Related violations: <none>

TIMING-18#135 Warning
Missing input or output delay  
An input delay is missing on points_q0[45] relative to clock(s) ap_clk
Related violations: <none>

TIMING-18#136 Warning
Missing input or output delay  
An input delay is missing on points_q0[46] relative to clock(s) ap_clk
Related violations: <none>

TIMING-18#137 Warning
Missing input or output delay  
An input delay is missing on points_q0[47] relative to clock(s) ap_clk
Related violations: <none>

TIMING-18#138 Warning
Missing input or output delay  
An input delay is missing on points_q0[48] relative to clock(s) ap_clk
Related violations: <none>

TIMING-18#139 Warning
Missing input or output delay  
An input delay is missing on points_q0[49] relative to clock(s) ap_clk
Related violations: <none>

TIMING-18#140 Warning
Missing input or output delay  
An input delay is missing on points_q0[4] relative to clock(s) ap_clk
Related violations: <none>

TIMING-18#141 Warning
Missing input or output delay  
An input delay is missing on points_q0[50] relative to clock(s) ap_clk
Related violations: <none>

TIMING-18#142 Warning
Missing input or output delay  
An input delay is missing on points_q0[51] relative to clock(s) ap_clk
Related violations: <none>

TIMING-18#143 Warning
Missing input or output delay  
An input delay is missing on points_q0[52] relative to clock(s) ap_clk
Related violations: <none>

TIMING-18#144 Warning
Missing input or output delay  
An input delay is missing on points_q0[53] relative to clock(s) ap_clk
Related violations: <none>

TIMING-18#145 Warning
Missing input or output delay  
An input delay is missing on points_q0[54] relative to clock(s) ap_clk
Related violations: <none>

TIMING-18#146 Warning
Missing input or output delay  
An input delay is missing on points_q0[55] relative to clock(s) ap_clk
Related violations: <none>

TIMING-18#147 Warning
Missing input or output delay  
An input delay is missing on points_q0[56] relative to clock(s) ap_clk
Related violations: <none>

TIMING-18#148 Warning
Missing input or output delay  
An input delay is missing on points_q0[57] relative to clock(s) ap_clk
Related violations: <none>

TIMING-18#149 Warning
Missing input or output delay  
An input delay is missing on points_q0[58] relative to clock(s) ap_clk
Related violations: <none>

TIMING-18#150 Warning
Missing input or output delay  
An input delay is missing on points_q0[59] relative to clock(s) ap_clk
Related violations: <none>

TIMING-18#151 Warning
Missing input or output delay  
An input delay is missing on points_q0[5] relative to clock(s) ap_clk
Related violations: <none>

TIMING-18#152 Warning
Missing input or output delay  
An input delay is missing on points_q0[60] relative to clock(s) ap_clk
Related violations: <none>

TIMING-18#153 Warning
Missing input or output delay  
An input delay is missing on points_q0[61] relative to clock(s) ap_clk
Related violations: <none>

TIMING-18#154 Warning
Missing input or output delay  
An input delay is missing on points_q0[62] relative to clock(s) ap_clk
Related violations: <none>

TIMING-18#155 Warning
Missing input or output delay  
An input delay is missing on points_q0[63] relative to clock(s) ap_clk
Related violations: <none>

TIMING-18#156 Warning
Missing input or output delay  
An input delay is missing on points_q0[64] relative to clock(s) ap_clk
Related violations: <none>

TIMING-18#157 Warning
Missing input or output delay  
An input delay is missing on points_q0[65] relative to clock(s) ap_clk
Related violations: <none>

TIMING-18#158 Warning
Missing input or output delay  
An input delay is missing on points_q0[66] relative to clock(s) ap_clk
Related violations: <none>

TIMING-18#159 Warning
Missing input or output delay  
An input delay is missing on points_q0[67] relative to clock(s) ap_clk
Related violations: <none>

TIMING-18#160 Warning
Missing input or output delay  
An input delay is missing on points_q0[68] relative to clock(s) ap_clk
Related violations: <none>

TIMING-18#161 Warning
Missing input or output delay  
An input delay is missing on points_q0[69] relative to clock(s) ap_clk
Related violations: <none>

TIMING-18#162 Warning
Missing input or output delay  
An input delay is missing on points_q0[6] relative to clock(s) ap_clk
Related violations: <none>

TIMING-18#163 Warning
Missing input or output delay  
An input delay is missing on points_q0[70] relative to clock(s) ap_clk
Related violations: <none>

TIMING-18#164 Warning
Missing input or output delay  
An input delay is missing on points_q0[71] relative to clock(s) ap_clk
Related violations: <none>

TIMING-18#165 Warning
Missing input or output delay  
An input delay is missing on points_q0[72] relative to clock(s) ap_clk
Related violations: <none>

TIMING-18#166 Warning
Missing input or output delay  
An input delay is missing on points_q0[73] relative to clock(s) ap_clk
Related violations: <none>

TIMING-18#167 Warning
Missing input or output delay  
An input delay is missing on points_q0[74] relative to clock(s) ap_clk
Related violations: <none>

TIMING-18#168 Warning
Missing input or output delay  
An input delay is missing on points_q0[75] relative to clock(s) ap_clk
Related violations: <none>

TIMING-18#169 Warning
Missing input or output delay  
An input delay is missing on points_q0[76] relative to clock(s) ap_clk
Related violations: <none>

TIMING-18#170 Warning
Missing input or output delay  
An input delay is missing on points_q0[77] relative to clock(s) ap_clk
Related violations: <none>

TIMING-18#171 Warning
Missing input or output delay  
An input delay is missing on points_q0[78] relative to clock(s) ap_clk
Related violations: <none>

TIMING-18#172 Warning
Missing input or output delay  
An input delay is missing on points_q0[79] relative to clock(s) ap_clk
Related violations: <none>

TIMING-18#173 Warning
Missing input or output delay  
An input delay is missing on points_q0[7] relative to clock(s) ap_clk
Related violations: <none>

TIMING-18#174 Warning
Missing input or output delay  
An input delay is missing on points_q0[80] relative to clock(s) ap_clk
Related violations: <none>

TIMING-18#175 Warning
Missing input or output delay  
An input delay is missing on points_q0[81] relative to clock(s) ap_clk
Related violations: <none>

TIMING-18#176 Warning
Missing input or output delay  
An input delay is missing on points_q0[82] relative to clock(s) ap_clk
Related violations: <none>

TIMING-18#177 Warning
Missing input or output delay  
An input delay is missing on points_q0[83] relative to clock(s) ap_clk
Related violations: <none>

TIMING-18#178 Warning
Missing input or output delay  
An input delay is missing on points_q0[84] relative to clock(s) ap_clk
Related violations: <none>

TIMING-18#179 Warning
Missing input or output delay  
An input delay is missing on points_q0[85] relative to clock(s) ap_clk
Related violations: <none>

TIMING-18#180 Warning
Missing input or output delay  
An input delay is missing on points_q0[86] relative to clock(s) ap_clk
Related violations: <none>

TIMING-18#181 Warning
Missing input or output delay  
An input delay is missing on points_q0[87] relative to clock(s) ap_clk
Related violations: <none>

TIMING-18#182 Warning
Missing input or output delay  
An input delay is missing on points_q0[88] relative to clock(s) ap_clk
Related violations: <none>

TIMING-18#183 Warning
Missing input or output delay  
An input delay is missing on points_q0[89] relative to clock(s) ap_clk
Related violations: <none>

TIMING-18#184 Warning
Missing input or output delay  
An input delay is missing on points_q0[8] relative to clock(s) ap_clk
Related violations: <none>

TIMING-18#185 Warning
Missing input or output delay  
An input delay is missing on points_q0[90] relative to clock(s) ap_clk
Related violations: <none>

TIMING-18#186 Warning
Missing input or output delay  
An input delay is missing on points_q0[91] relative to clock(s) ap_clk
Related violations: <none>

TIMING-18#187 Warning
Missing input or output delay  
An input delay is missing on points_q0[92] relative to clock(s) ap_clk
Related violations: <none>

TIMING-18#188 Warning
Missing input or output delay  
An input delay is missing on points_q0[93] relative to clock(s) ap_clk
Related violations: <none>

TIMING-18#189 Warning
Missing input or output delay  
An input delay is missing on points_q0[94] relative to clock(s) ap_clk
Related violations: <none>

TIMING-18#190 Warning
Missing input or output delay  
An input delay is missing on points_q0[95] relative to clock(s) ap_clk
Related violations: <none>

TIMING-18#191 Warning
Missing input or output delay  
An input delay is missing on points_q0[96] relative to clock(s) ap_clk
Related violations: <none>

TIMING-18#192 Warning
Missing input or output delay  
An input delay is missing on points_q0[97] relative to clock(s) ap_clk
Related violations: <none>

TIMING-18#193 Warning
Missing input or output delay  
An input delay is missing on points_q0[98] relative to clock(s) ap_clk
Related violations: <none>

TIMING-18#194 Warning
Missing input or output delay  
An input delay is missing on points_q0[99] relative to clock(s) ap_clk
Related violations: <none>

TIMING-18#195 Warning
Missing input or output delay  
An input delay is missing on points_q0[9] relative to clock(s) ap_clk
Related violations: <none>

TIMING-18#196 Warning
Missing input or output delay  
An input delay is missing on points_q1[0] relative to clock(s) ap_clk
Related violations: <none>

TIMING-18#197 Warning
Missing input or output delay  
An input delay is missing on points_q1[100] relative to clock(s) ap_clk
Related violations: <none>

TIMING-18#198 Warning
Missing input or output delay  
An input delay is missing on points_q1[101] relative to clock(s) ap_clk
Related violations: <none>

TIMING-18#199 Warning
Missing input or output delay  
An input delay is missing on points_q1[102] relative to clock(s) ap_clk
Related violations: <none>

TIMING-18#200 Warning
Missing input or output delay  
An input delay is missing on points_q1[103] relative to clock(s) ap_clk
Related violations: <none>

TIMING-18#201 Warning
Missing input or output delay  
An input delay is missing on points_q1[104] relative to clock(s) ap_clk
Related violations: <none>

TIMING-18#202 Warning
Missing input or output delay  
An input delay is missing on points_q1[105] relative to clock(s) ap_clk
Related violations: <none>

TIMING-18#203 Warning
Missing input or output delay  
An input delay is missing on points_q1[106] relative to clock(s) ap_clk
Related violations: <none>

TIMING-18#204 Warning
Missing input or output delay  
An input delay is missing on points_q1[107] relative to clock(s) ap_clk
Related violations: <none>

TIMING-18#205 Warning
Missing input or output delay  
An input delay is missing on points_q1[108] relative to clock(s) ap_clk
Related violations: <none>

TIMING-18#206 Warning
Missing input or output delay  
An input delay is missing on points_q1[109] relative to clock(s) ap_clk
Related violations: <none>

TIMING-18#207 Warning
Missing input or output delay  
An input delay is missing on points_q1[10] relative to clock(s) ap_clk
Related violations: <none>

TIMING-18#208 Warning
Missing input or output delay  
An input delay is missing on points_q1[110] relative to clock(s) ap_clk
Related violations: <none>

TIMING-18#209 Warning
Missing input or output delay  
An input delay is missing on points_q1[111] relative to clock(s) ap_clk
Related violations: <none>

TIMING-18#210 Warning
Missing input or output delay  
An input delay is missing on points_q1[112] relative to clock(s) ap_clk
Related violations: <none>

TIMING-18#211 Warning
Missing input or output delay  
An input delay is missing on points_q1[113] relative to clock(s) ap_clk
Related violations: <none>

TIMING-18#212 Warning
Missing input or output delay  
An input delay is missing on points_q1[114] relative to clock(s) ap_clk
Related violations: <none>

TIMING-18#213 Warning
Missing input or output delay  
An input delay is missing on points_q1[115] relative to clock(s) ap_clk
Related violations: <none>

TIMING-18#214 Warning
Missing input or output delay  
An input delay is missing on points_q1[116] relative to clock(s) ap_clk
Related violations: <none>

TIMING-18#215 Warning
Missing input or output delay  
An input delay is missing on points_q1[117] relative to clock(s) ap_clk
Related violations: <none>

TIMING-18#216 Warning
Missing input or output delay  
An input delay is missing on points_q1[118] relative to clock(s) ap_clk
Related violations: <none>

TIMING-18#217 Warning
Missing input or output delay  
An input delay is missing on points_q1[119] relative to clock(s) ap_clk
Related violations: <none>

TIMING-18#218 Warning
Missing input or output delay  
An input delay is missing on points_q1[11] relative to clock(s) ap_clk
Related violations: <none>

TIMING-18#219 Warning
Missing input or output delay  
An input delay is missing on points_q1[120] relative to clock(s) ap_clk
Related violations: <none>

TIMING-18#220 Warning
Missing input or output delay  
An input delay is missing on points_q1[121] relative to clock(s) ap_clk
Related violations: <none>

TIMING-18#221 Warning
Missing input or output delay  
An input delay is missing on points_q1[122] relative to clock(s) ap_clk
Related violations: <none>

TIMING-18#222 Warning
Missing input or output delay  
An input delay is missing on points_q1[123] relative to clock(s) ap_clk
Related violations: <none>

TIMING-18#223 Warning
Missing input or output delay  
An input delay is missing on points_q1[124] relative to clock(s) ap_clk
Related violations: <none>

TIMING-18#224 Warning
Missing input or output delay  
An input delay is missing on points_q1[125] relative to clock(s) ap_clk
Related violations: <none>

TIMING-18#225 Warning
Missing input or output delay  
An input delay is missing on points_q1[126] relative to clock(s) ap_clk
Related violations: <none>

TIMING-18#226 Warning
Missing input or output delay  
An input delay is missing on points_q1[127] relative to clock(s) ap_clk
Related violations: <none>

TIMING-18#227 Warning
Missing input or output delay  
An input delay is missing on points_q1[12] relative to clock(s) ap_clk
Related violations: <none>

TIMING-18#228 Warning
Missing input or output delay  
An input delay is missing on points_q1[13] relative to clock(s) ap_clk
Related violations: <none>

TIMING-18#229 Warning
Missing input or output delay  
An input delay is missing on points_q1[14] relative to clock(s) ap_clk
Related violations: <none>

TIMING-18#230 Warning
Missing input or output delay  
An input delay is missing on points_q1[15] relative to clock(s) ap_clk
Related violations: <none>

TIMING-18#231 Warning
Missing input or output delay  
An input delay is missing on points_q1[16] relative to clock(s) ap_clk
Related violations: <none>

TIMING-18#232 Warning
Missing input or output delay  
An input delay is missing on points_q1[17] relative to clock(s) ap_clk
Related violations: <none>

TIMING-18#233 Warning
Missing input or output delay  
An input delay is missing on points_q1[18] relative to clock(s) ap_clk
Related violations: <none>

TIMING-18#234 Warning
Missing input or output delay  
An input delay is missing on points_q1[19] relative to clock(s) ap_clk
Related violations: <none>

TIMING-18#235 Warning
Missing input or output delay  
An input delay is missing on points_q1[1] relative to clock(s) ap_clk
Related violations: <none>

TIMING-18#236 Warning
Missing input or output delay  
An input delay is missing on points_q1[20] relative to clock(s) ap_clk
Related violations: <none>

TIMING-18#237 Warning
Missing input or output delay  
An input delay is missing on points_q1[21] relative to clock(s) ap_clk
Related violations: <none>

TIMING-18#238 Warning
Missing input or output delay  
An input delay is missing on points_q1[22] relative to clock(s) ap_clk
Related violations: <none>

TIMING-18#239 Warning
Missing input or output delay  
An input delay is missing on points_q1[23] relative to clock(s) ap_clk
Related violations: <none>

TIMING-18#240 Warning
Missing input or output delay  
An input delay is missing on points_q1[24] relative to clock(s) ap_clk
Related violations: <none>

TIMING-18#241 Warning
Missing input or output delay  
An input delay is missing on points_q1[25] relative to clock(s) ap_clk
Related violations: <none>

TIMING-18#242 Warning
Missing input or output delay  
An input delay is missing on points_q1[26] relative to clock(s) ap_clk
Related violations: <none>

TIMING-18#243 Warning
Missing input or output delay  
An input delay is missing on points_q1[27] relative to clock(s) ap_clk
Related violations: <none>

TIMING-18#244 Warning
Missing input or output delay  
An input delay is missing on points_q1[28] relative to clock(s) ap_clk
Related violations: <none>

TIMING-18#245 Warning
Missing input or output delay  
An input delay is missing on points_q1[29] relative to clock(s) ap_clk
Related violations: <none>

TIMING-18#246 Warning
Missing input or output delay  
An input delay is missing on points_q1[2] relative to clock(s) ap_clk
Related violations: <none>

TIMING-18#247 Warning
Missing input or output delay  
An input delay is missing on points_q1[30] relative to clock(s) ap_clk
Related violations: <none>

TIMING-18#248 Warning
Missing input or output delay  
An input delay is missing on points_q1[31] relative to clock(s) ap_clk
Related violations: <none>

TIMING-18#249 Warning
Missing input or output delay  
An input delay is missing on points_q1[32] relative to clock(s) ap_clk
Related violations: <none>

TIMING-18#250 Warning
Missing input or output delay  
An input delay is missing on points_q1[33] relative to clock(s) ap_clk
Related violations: <none>

TIMING-18#251 Warning
Missing input or output delay  
An input delay is missing on points_q1[34] relative to clock(s) ap_clk
Related violations: <none>

TIMING-18#252 Warning
Missing input or output delay  
An input delay is missing on points_q1[35] relative to clock(s) ap_clk
Related violations: <none>

TIMING-18#253 Warning
Missing input or output delay  
An input delay is missing on points_q1[36] relative to clock(s) ap_clk
Related violations: <none>

TIMING-18#254 Warning
Missing input or output delay  
An input delay is missing on points_q1[37] relative to clock(s) ap_clk
Related violations: <none>

TIMING-18#255 Warning
Missing input or output delay  
An input delay is missing on points_q1[38] relative to clock(s) ap_clk
Related violations: <none>

TIMING-18#256 Warning
Missing input or output delay  
An input delay is missing on points_q1[39] relative to clock(s) ap_clk
Related violations: <none>

TIMING-18#257 Warning
Missing input or output delay  
An input delay is missing on points_q1[3] relative to clock(s) ap_clk
Related violations: <none>

TIMING-18#258 Warning
Missing input or output delay  
An input delay is missing on points_q1[40] relative to clock(s) ap_clk
Related violations: <none>

TIMING-18#259 Warning
Missing input or output delay  
An input delay is missing on points_q1[41] relative to clock(s) ap_clk
Related violations: <none>

TIMING-18#260 Warning
Missing input or output delay  
An input delay is missing on points_q1[42] relative to clock(s) ap_clk
Related violations: <none>

TIMING-18#261 Warning
Missing input or output delay  
An input delay is missing on points_q1[43] relative to clock(s) ap_clk
Related violations: <none>

TIMING-18#262 Warning
Missing input or output delay  
An input delay is missing on points_q1[44] relative to clock(s) ap_clk
Related violations: <none>

TIMING-18#263 Warning
Missing input or output delay  
An input delay is missing on points_q1[45] relative to clock(s) ap_clk
Related violations: <none>

TIMING-18#264 Warning
Missing input or output delay  
An input delay is missing on points_q1[46] relative to clock(s) ap_clk
Related violations: <none>

TIMING-18#265 Warning
Missing input or output delay  
An input delay is missing on points_q1[47] relative to clock(s) ap_clk
Related violations: <none>

TIMING-18#266 Warning
Missing input or output delay  
An input delay is missing on points_q1[48] relative to clock(s) ap_clk
Related violations: <none>

TIMING-18#267 Warning
Missing input or output delay  
An input delay is missing on points_q1[49] relative to clock(s) ap_clk
Related violations: <none>

TIMING-18#268 Warning
Missing input or output delay  
An input delay is missing on points_q1[4] relative to clock(s) ap_clk
Related violations: <none>

TIMING-18#269 Warning
Missing input or output delay  
An input delay is missing on points_q1[50] relative to clock(s) ap_clk
Related violations: <none>

TIMING-18#270 Warning
Missing input or output delay  
An input delay is missing on points_q1[51] relative to clock(s) ap_clk
Related violations: <none>

TIMING-18#271 Warning
Missing input or output delay  
An input delay is missing on points_q1[52] relative to clock(s) ap_clk
Related violations: <none>

TIMING-18#272 Warning
Missing input or output delay  
An input delay is missing on points_q1[53] relative to clock(s) ap_clk
Related violations: <none>

TIMING-18#273 Warning
Missing input or output delay  
An input delay is missing on points_q1[54] relative to clock(s) ap_clk
Related violations: <none>

TIMING-18#274 Warning
Missing input or output delay  
An input delay is missing on points_q1[55] relative to clock(s) ap_clk
Related violations: <none>

TIMING-18#275 Warning
Missing input or output delay  
An input delay is missing on points_q1[56] relative to clock(s) ap_clk
Related violations: <none>

TIMING-18#276 Warning
Missing input or output delay  
An input delay is missing on points_q1[57] relative to clock(s) ap_clk
Related violations: <none>

TIMING-18#277 Warning
Missing input or output delay  
An input delay is missing on points_q1[58] relative to clock(s) ap_clk
Related violations: <none>

TIMING-18#278 Warning
Missing input or output delay  
An input delay is missing on points_q1[59] relative to clock(s) ap_clk
Related violations: <none>

TIMING-18#279 Warning
Missing input or output delay  
An input delay is missing on points_q1[5] relative to clock(s) ap_clk
Related violations: <none>

TIMING-18#280 Warning
Missing input or output delay  
An input delay is missing on points_q1[60] relative to clock(s) ap_clk
Related violations: <none>

TIMING-18#281 Warning
Missing input or output delay  
An input delay is missing on points_q1[61] relative to clock(s) ap_clk
Related violations: <none>

TIMING-18#282 Warning
Missing input or output delay  
An input delay is missing on points_q1[62] relative to clock(s) ap_clk
Related violations: <none>

TIMING-18#283 Warning
Missing input or output delay  
An input delay is missing on points_q1[63] relative to clock(s) ap_clk
Related violations: <none>

TIMING-18#284 Warning
Missing input or output delay  
An input delay is missing on points_q1[64] relative to clock(s) ap_clk
Related violations: <none>

TIMING-18#285 Warning
Missing input or output delay  
An input delay is missing on points_q1[65] relative to clock(s) ap_clk
Related violations: <none>

TIMING-18#286 Warning
Missing input or output delay  
An input delay is missing on points_q1[66] relative to clock(s) ap_clk
Related violations: <none>

TIMING-18#287 Warning
Missing input or output delay  
An input delay is missing on points_q1[67] relative to clock(s) ap_clk
Related violations: <none>

TIMING-18#288 Warning
Missing input or output delay  
An input delay is missing on points_q1[68] relative to clock(s) ap_clk
Related violations: <none>

TIMING-18#289 Warning
Missing input or output delay  
An input delay is missing on points_q1[69] relative to clock(s) ap_clk
Related violations: <none>

TIMING-18#290 Warning
Missing input or output delay  
An input delay is missing on points_q1[6] relative to clock(s) ap_clk
Related violations: <none>

TIMING-18#291 Warning
Missing input or output delay  
An input delay is missing on points_q1[70] relative to clock(s) ap_clk
Related violations: <none>

TIMING-18#292 Warning
Missing input or output delay  
An input delay is missing on points_q1[71] relative to clock(s) ap_clk
Related violations: <none>

TIMING-18#293 Warning
Missing input or output delay  
An input delay is missing on points_q1[72] relative to clock(s) ap_clk
Related violations: <none>

TIMING-18#294 Warning
Missing input or output delay  
An input delay is missing on points_q1[73] relative to clock(s) ap_clk
Related violations: <none>

TIMING-18#295 Warning
Missing input or output delay  
An input delay is missing on points_q1[74] relative to clock(s) ap_clk
Related violations: <none>

TIMING-18#296 Warning
Missing input or output delay  
An input delay is missing on points_q1[75] relative to clock(s) ap_clk
Related violations: <none>

TIMING-18#297 Warning
Missing input or output delay  
An input delay is missing on points_q1[76] relative to clock(s) ap_clk
Related violations: <none>

TIMING-18#298 Warning
Missing input or output delay  
An input delay is missing on points_q1[77] relative to clock(s) ap_clk
Related violations: <none>

TIMING-18#299 Warning
Missing input or output delay  
An input delay is missing on points_q1[78] relative to clock(s) ap_clk
Related violations: <none>

TIMING-18#300 Warning
Missing input or output delay  
An input delay is missing on points_q1[79] relative to clock(s) ap_clk
Related violations: <none>

TIMING-18#301 Warning
Missing input or output delay  
An input delay is missing on points_q1[7] relative to clock(s) ap_clk
Related violations: <none>

TIMING-18#302 Warning
Missing input or output delay  
An input delay is missing on points_q1[80] relative to clock(s) ap_clk
Related violations: <none>

TIMING-18#303 Warning
Missing input or output delay  
An input delay is missing on points_q1[81] relative to clock(s) ap_clk
Related violations: <none>

TIMING-18#304 Warning
Missing input or output delay  
An input delay is missing on points_q1[82] relative to clock(s) ap_clk
Related violations: <none>

TIMING-18#305 Warning
Missing input or output delay  
An input delay is missing on points_q1[83] relative to clock(s) ap_clk
Related violations: <none>

TIMING-18#306 Warning
Missing input or output delay  
An input delay is missing on points_q1[84] relative to clock(s) ap_clk
Related violations: <none>

TIMING-18#307 Warning
Missing input or output delay  
An input delay is missing on points_q1[85] relative to clock(s) ap_clk
Related violations: <none>

TIMING-18#308 Warning
Missing input or output delay  
An input delay is missing on points_q1[86] relative to clock(s) ap_clk
Related violations: <none>

TIMING-18#309 Warning
Missing input or output delay  
An input delay is missing on points_q1[87] relative to clock(s) ap_clk
Related violations: <none>

TIMING-18#310 Warning
Missing input or output delay  
An input delay is missing on points_q1[88] relative to clock(s) ap_clk
Related violations: <none>

TIMING-18#311 Warning
Missing input or output delay  
An input delay is missing on points_q1[89] relative to clock(s) ap_clk
Related violations: <none>

TIMING-18#312 Warning
Missing input or output delay  
An input delay is missing on points_q1[8] relative to clock(s) ap_clk
Related violations: <none>

TIMING-18#313 Warning
Missing input or output delay  
An input delay is missing on points_q1[90] relative to clock(s) ap_clk
Related violations: <none>

TIMING-18#314 Warning
Missing input or output delay  
An input delay is missing on points_q1[91] relative to clock(s) ap_clk
Related violations: <none>

TIMING-18#315 Warning
Missing input or output delay  
An input delay is missing on points_q1[92] relative to clock(s) ap_clk
Related violations: <none>

TIMING-18#316 Warning
Missing input or output delay  
An input delay is missing on points_q1[93] relative to clock(s) ap_clk
Related violations: <none>

TIMING-18#317 Warning
Missing input or output delay  
An input delay is missing on points_q1[94] relative to clock(s) ap_clk
Related violations: <none>

TIMING-18#318 Warning
Missing input or output delay  
An input delay is missing on points_q1[95] relative to clock(s) ap_clk
Related violations: <none>

TIMING-18#319 Warning
Missing input or output delay  
An input delay is missing on points_q1[96] relative to clock(s) ap_clk
Related violations: <none>

TIMING-18#320 Warning
Missing input or output delay  
An input delay is missing on points_q1[97] relative to clock(s) ap_clk
Related violations: <none>

TIMING-18#321 Warning
Missing input or output delay  
An input delay is missing on points_q1[98] relative to clock(s) ap_clk
Related violations: <none>

TIMING-18#322 Warning
Missing input or output delay  
An input delay is missing on points_q1[99] relative to clock(s) ap_clk
Related violations: <none>

TIMING-18#323 Warning
Missing input or output delay  
An input delay is missing on points_q1[9] relative to clock(s) ap_clk
Related violations: <none>

TIMING-18#324 Warning
Missing input or output delay  
An output delay is missing on ap_ctrl_done relative to clock(s) ap_clk
Related violations: <none>

TIMING-18#325 Warning
Missing input or output delay  
An output delay is missing on ap_ctrl_idle relative to clock(s) ap_clk
Related violations: <none>

TIMING-18#326 Warning
Missing input or output delay  
An output delay is missing on ap_ctrl_ready relative to clock(s) ap_clk
Related violations: <none>

TIMING-18#327 Warning
Missing input or output delay  
An output delay is missing on num_points_address0[0] relative to clock(s) ap_clk
Related violations: <none>

TIMING-18#328 Warning
Missing input or output delay  
An output delay is missing on num_points_address0[1] relative to clock(s) ap_clk
Related violations: <none>

TIMING-18#329 Warning
Missing input or output delay  
An output delay is missing on num_points_address0[2] relative to clock(s) ap_clk
Related violations: <none>

TIMING-18#330 Warning
Missing input or output delay  
An output delay is missing on num_points_address1[0] relative to clock(s) ap_clk
Related violations: <none>

TIMING-18#331 Warning
Missing input or output delay  
An output delay is missing on num_points_address1[1] relative to clock(s) ap_clk
Related violations: <none>

TIMING-18#332 Warning
Missing input or output delay  
An output delay is missing on num_points_address1[2] relative to clock(s) ap_clk
Related violations: <none>

TIMING-18#333 Warning
Missing input or output delay  
An output delay is missing on num_points_ce0 relative to clock(s) ap_clk
Related violations: <none>

TIMING-18#334 Warning
Missing input or output delay  
An output delay is missing on num_points_ce1 relative to clock(s) ap_clk
Related violations: <none>

TIMING-18#335 Warning
Missing input or output delay  
An output delay is missing on patch_stream_V_wr_data[0] relative to clock(s) ap_clk
Related violations: <none>

TIMING-18#336 Warning
Missing input or output delay  
An output delay is missing on patch_stream_V_wr_data[10] relative to clock(s) ap_clk
Related violations: <none>

TIMING-18#337 Warning
Missing input or output delay  
An output delay is missing on patch_stream_V_wr_data[11] relative to clock(s) ap_clk
Related violations: <none>

TIMING-18#338 Warning
Missing input or output delay  
An output delay is missing on patch_stream_V_wr_data[12] relative to clock(s) ap_clk
Related violations: <none>

TIMING-18#339 Warning
Missing input or output delay  
An output delay is missing on patch_stream_V_wr_data[13] relative to clock(s) ap_clk
Related violations: <none>

TIMING-18#340 Warning
Missing input or output delay  
An output delay is missing on patch_stream_V_wr_data[14] relative to clock(s) ap_clk
Related violations: <none>

TIMING-18#341 Warning
Missing input or output delay  
An output delay is missing on patch_stream_V_wr_data[15] relative to clock(s) ap_clk
Related violations: <none>

TIMING-18#342 Warning
Missing input or output delay  
An output delay is missing on patch_stream_V_wr_data[16] relative to clock(s) ap_clk
Related violations: <none>

TIMING-18#343 Warning
Missing input or output delay  
An output delay is missing on patch_stream_V_wr_data[17] relative to clock(s) ap_clk
Related violations: <none>

TIMING-18#344 Warning
Missing input or output delay  
An output delay is missing on patch_stream_V_wr_data[18] relative to clock(s) ap_clk
Related violations: <none>

TIMING-18#345 Warning
Missing input or output delay  
An output delay is missing on patch_stream_V_wr_data[19] relative to clock(s) ap_clk
Related violations: <none>

TIMING-18#346 Warning
Missing input or output delay  
An output delay is missing on patch_stream_V_wr_data[1] relative to clock(s) ap_clk
Related violations: <none>

TIMING-18#347 Warning
Missing input or output delay  
An output delay is missing on patch_stream_V_wr_data[20] relative to clock(s) ap_clk
Related violations: <none>

TIMING-18#348 Warning
Missing input or output delay  
An output delay is missing on patch_stream_V_wr_data[21] relative to clock(s) ap_clk
Related violations: <none>

TIMING-18#349 Warning
Missing input or output delay  
An output delay is missing on patch_stream_V_wr_data[22] relative to clock(s) ap_clk
Related violations: <none>

TIMING-18#350 Warning
Missing input or output delay  
An output delay is missing on patch_stream_V_wr_data[23] relative to clock(s) ap_clk
Related violations: <none>

TIMING-18#351 Warning
Missing input or output delay  
An output delay is missing on patch_stream_V_wr_data[24] relative to clock(s) ap_clk
Related violations: <none>

TIMING-18#352 Warning
Missing input or output delay  
An output delay is missing on patch_stream_V_wr_data[25] relative to clock(s) ap_clk
Related violations: <none>

TIMING-18#353 Warning
Missing input or output delay  
An output delay is missing on patch_stream_V_wr_data[26] relative to clock(s) ap_clk
Related violations: <none>

TIMING-18#354 Warning
Missing input or output delay  
An output delay is missing on patch_stream_V_wr_data[27] relative to clock(s) ap_clk
Related violations: <none>

TIMING-18#355 Warning
Missing input or output delay  
An output delay is missing on patch_stream_V_wr_data[28] relative to clock(s) ap_clk
Related violations: <none>

TIMING-18#356 Warning
Missing input or output delay  
An output delay is missing on patch_stream_V_wr_data[29] relative to clock(s) ap_clk
Related violations: <none>

TIMING-18#357 Warning
Missing input or output delay  
An output delay is missing on patch_stream_V_wr_data[2] relative to clock(s) ap_clk
Related violations: <none>

TIMING-18#358 Warning
Missing input or output delay  
An output delay is missing on patch_stream_V_wr_data[30] relative to clock(s) ap_clk
Related violations: <none>

TIMING-18#359 Warning
Missing input or output delay  
An output delay is missing on patch_stream_V_wr_data[31] relative to clock(s) ap_clk
Related violations: <none>

TIMING-18#360 Warning
Missing input or output delay  
An output delay is missing on patch_stream_V_wr_data[32] relative to clock(s) ap_clk
Related violations: <none>

TIMING-18#361 Warning
Missing input or output delay  
An output delay is missing on patch_stream_V_wr_data[33] relative to clock(s) ap_clk
Related violations: <none>

TIMING-18#362 Warning
Missing input or output delay  
An output delay is missing on patch_stream_V_wr_data[34] relative to clock(s) ap_clk
Related violations: <none>

TIMING-18#363 Warning
Missing input or output delay  
An output delay is missing on patch_stream_V_wr_data[35] relative to clock(s) ap_clk
Related violations: <none>

TIMING-18#364 Warning
Missing input or output delay  
An output delay is missing on patch_stream_V_wr_data[36] relative to clock(s) ap_clk
Related violations: <none>

TIMING-18#365 Warning
Missing input or output delay  
An output delay is missing on patch_stream_V_wr_data[37] relative to clock(s) ap_clk
Related violations: <none>

TIMING-18#366 Warning
Missing input or output delay  
An output delay is missing on patch_stream_V_wr_data[38] relative to clock(s) ap_clk
Related violations: <none>

TIMING-18#367 Warning
Missing input or output delay  
An output delay is missing on patch_stream_V_wr_data[39] relative to clock(s) ap_clk
Related violations: <none>

TIMING-18#368 Warning
Missing input or output delay  
An output delay is missing on patch_stream_V_wr_data[3] relative to clock(s) ap_clk
Related violations: <none>

TIMING-18#369 Warning
Missing input or output delay  
An output delay is missing on patch_stream_V_wr_data[40] relative to clock(s) ap_clk
Related violations: <none>

TIMING-18#370 Warning
Missing input or output delay  
An output delay is missing on patch_stream_V_wr_data[41] relative to clock(s) ap_clk
Related violations: <none>

TIMING-18#371 Warning
Missing input or output delay  
An output delay is missing on patch_stream_V_wr_data[42] relative to clock(s) ap_clk
Related violations: <none>

TIMING-18#372 Warning
Missing input or output delay  
An output delay is missing on patch_stream_V_wr_data[43] relative to clock(s) ap_clk
Related violations: <none>

TIMING-18#373 Warning
Missing input or output delay  
An output delay is missing on patch_stream_V_wr_data[44] relative to clock(s) ap_clk
Related violations: <none>

TIMING-18#374 Warning
Missing input or output delay  
An output delay is missing on patch_stream_V_wr_data[45] relative to clock(s) ap_clk
Related violations: <none>

TIMING-18#375 Warning
Missing input or output delay  
An output delay is missing on patch_stream_V_wr_data[46] relative to clock(s) ap_clk
Related violations: <none>

TIMING-18#376 Warning
Missing input or output delay  
An output delay is missing on patch_stream_V_wr_data[47] relative to clock(s) ap_clk
Related violations: <none>

TIMING-18#377 Warning
Missing input or output delay  
An output delay is missing on patch_stream_V_wr_data[48] relative to clock(s) ap_clk
Related violations: <none>

TIMING-18#378 Warning
Missing input or output delay  
An output delay is missing on patch_stream_V_wr_data[49] relative to clock(s) ap_clk
Related violations: <none>

TIMING-18#379 Warning
Missing input or output delay  
An output delay is missing on patch_stream_V_wr_data[4] relative to clock(s) ap_clk
Related violations: <none>

TIMING-18#380 Warning
Missing input or output delay  
An output delay is missing on patch_stream_V_wr_data[50] relative to clock(s) ap_clk
Related violations: <none>

TIMING-18#381 Warning
Missing input or output delay  
An output delay is missing on patch_stream_V_wr_data[51] relative to clock(s) ap_clk
Related violations: <none>

TIMING-18#382 Warning
Missing input or output delay  
An output delay is missing on patch_stream_V_wr_data[52] relative to clock(s) ap_clk
Related violations: <none>

TIMING-18#383 Warning
Missing input or output delay  
An output delay is missing on patch_stream_V_wr_data[53] relative to clock(s) ap_clk
Related violations: <none>

TIMING-18#384 Warning
Missing input or output delay  
An output delay is missing on patch_stream_V_wr_data[54] relative to clock(s) ap_clk
Related violations: <none>

TIMING-18#385 Warning
Missing input or output delay  
An output delay is missing on patch_stream_V_wr_data[55] relative to clock(s) ap_clk
Related violations: <none>

TIMING-18#386 Warning
Missing input or output delay  
An output delay is missing on patch_stream_V_wr_data[56] relative to clock(s) ap_clk
Related violations: <none>

TIMING-18#387 Warning
Missing input or output delay  
An output delay is missing on patch_stream_V_wr_data[57] relative to clock(s) ap_clk
Related violations: <none>

TIMING-18#388 Warning
Missing input or output delay  
An output delay is missing on patch_stream_V_wr_data[58] relative to clock(s) ap_clk
Related violations: <none>

TIMING-18#389 Warning
Missing input or output delay  
An output delay is missing on patch_stream_V_wr_data[59] relative to clock(s) ap_clk
Related violations: <none>

TIMING-18#390 Warning
Missing input or output delay  
An output delay is missing on patch_stream_V_wr_data[5] relative to clock(s) ap_clk
Related violations: <none>

TIMING-18#391 Warning
Missing input or output delay  
An output delay is missing on patch_stream_V_wr_data[60] relative to clock(s) ap_clk
Related violations: <none>

TIMING-18#392 Warning
Missing input or output delay  
An output delay is missing on patch_stream_V_wr_data[61] relative to clock(s) ap_clk
Related violations: <none>

TIMING-18#393 Warning
Missing input or output delay  
An output delay is missing on patch_stream_V_wr_data[62] relative to clock(s) ap_clk
Related violations: <none>

TIMING-18#394 Warning
Missing input or output delay  
An output delay is missing on patch_stream_V_wr_data[63] relative to clock(s) ap_clk
Related violations: <none>

TIMING-18#395 Warning
Missing input or output delay  
An output delay is missing on patch_stream_V_wr_data[64] relative to clock(s) ap_clk
Related violations: <none>

TIMING-18#396 Warning
Missing input or output delay  
An output delay is missing on patch_stream_V_wr_data[65] relative to clock(s) ap_clk
Related violations: <none>

TIMING-18#397 Warning
Missing input or output delay  
An output delay is missing on patch_stream_V_wr_data[66] relative to clock(s) ap_clk
Related violations: <none>

TIMING-18#398 Warning
Missing input or output delay  
An output delay is missing on patch_stream_V_wr_data[67] relative to clock(s) ap_clk
Related violations: <none>

TIMING-18#399 Warning
Missing input or output delay  
An output delay is missing on patch_stream_V_wr_data[68] relative to clock(s) ap_clk
Related violations: <none>

TIMING-18#400 Warning
Missing input or output delay  
An output delay is missing on patch_stream_V_wr_data[69] relative to clock(s) ap_clk
Related violations: <none>

TIMING-18#401 Warning
Missing input or output delay  
An output delay is missing on patch_stream_V_wr_data[6] relative to clock(s) ap_clk
Related violations: <none>

TIMING-18#402 Warning
Missing input or output delay  
An output delay is missing on patch_stream_V_wr_data[70] relative to clock(s) ap_clk
Related violations: <none>

TIMING-18#403 Warning
Missing input or output delay  
An output delay is missing on patch_stream_V_wr_data[71] relative to clock(s) ap_clk
Related violations: <none>

TIMING-18#404 Warning
Missing input or output delay  
An output delay is missing on patch_stream_V_wr_data[72] relative to clock(s) ap_clk
Related violations: <none>

TIMING-18#405 Warning
Missing input or output delay  
An output delay is missing on patch_stream_V_wr_data[73] relative to clock(s) ap_clk
Related violations: <none>

TIMING-18#406 Warning
Missing input or output delay  
An output delay is missing on patch_stream_V_wr_data[74] relative to clock(s) ap_clk
Related violations: <none>

TIMING-18#407 Warning
Missing input or output delay  
An output delay is missing on patch_stream_V_wr_data[75] relative to clock(s) ap_clk
Related violations: <none>

TIMING-18#408 Warning
Missing input or output delay  
An output delay is missing on patch_stream_V_wr_data[76] relative to clock(s) ap_clk
Related violations: <none>

TIMING-18#409 Warning
Missing input or output delay  
An output delay is missing on patch_stream_V_wr_data[77] relative to clock(s) ap_clk
Related violations: <none>

TIMING-18#410 Warning
Missing input or output delay  
An output delay is missing on patch_stream_V_wr_data[78] relative to clock(s) ap_clk
Related violations: <none>

TIMING-18#411 Warning
Missing input or output delay  
An output delay is missing on patch_stream_V_wr_data[79] relative to clock(s) ap_clk
Related violations: <none>

TIMING-18#412 Warning
Missing input or output delay  
An output delay is missing on patch_stream_V_wr_data[7] relative to clock(s) ap_clk
Related violations: <none>

TIMING-18#413 Warning
Missing input or output delay  
An output delay is missing on patch_stream_V_wr_data[80] relative to clock(s) ap_clk
Related violations: <none>

TIMING-18#414 Warning
Missing input or output delay  
An output delay is missing on patch_stream_V_wr_data[81] relative to clock(s) ap_clk
Related violations: <none>

TIMING-18#415 Warning
Missing input or output delay  
An output delay is missing on patch_stream_V_wr_data[82] relative to clock(s) ap_clk
Related violations: <none>

TIMING-18#416 Warning
Missing input or output delay  
An output delay is missing on patch_stream_V_wr_data[83] relative to clock(s) ap_clk
Related violations: <none>

TIMING-18#417 Warning
Missing input or output delay  
An output delay is missing on patch_stream_V_wr_data[84] relative to clock(s) ap_clk
Related violations: <none>

TIMING-18#418 Warning
Missing input or output delay  
An output delay is missing on patch_stream_V_wr_data[85] relative to clock(s) ap_clk
Related violations: <none>

TIMING-18#419 Warning
Missing input or output delay  
An output delay is missing on patch_stream_V_wr_data[86] relative to clock(s) ap_clk
Related violations: <none>

TIMING-18#420 Warning
Missing input or output delay  
An output delay is missing on patch_stream_V_wr_data[87] relative to clock(s) ap_clk
Related violations: <none>

TIMING-18#421 Warning
Missing input or output delay  
An output delay is missing on patch_stream_V_wr_data[88] relative to clock(s) ap_clk
Related violations: <none>

TIMING-18#422 Warning
Missing input or output delay  
An output delay is missing on patch_stream_V_wr_data[89] relative to clock(s) ap_clk
Related violations: <none>

TIMING-18#423 Warning
Missing input or output delay  
An output delay is missing on patch_stream_V_wr_data[8] relative to clock(s) ap_clk
Related violations: <none>

TIMING-18#424 Warning
Missing input or output delay  
An output delay is missing on patch_stream_V_wr_data[90] relative to clock(s) ap_clk
Related violations: <none>

TIMING-18#425 Warning
Missing input or output delay  
An output delay is missing on patch_stream_V_wr_data[91] relative to clock(s) ap_clk
Related violations: <none>

TIMING-18#426 Warning
Missing input or output delay  
An output delay is missing on patch_stream_V_wr_data[92] relative to clock(s) ap_clk
Related violations: <none>

TIMING-18#427 Warning
Missing input or output delay  
An output delay is missing on patch_stream_V_wr_data[93] relative to clock(s) ap_clk
Related violations: <none>

TIMING-18#428 Warning
Missing input or output delay  
An output delay is missing on patch_stream_V_wr_data[94] relative to clock(s) ap_clk
Related violations: <none>

TIMING-18#429 Warning
Missing input or output delay  
An output delay is missing on patch_stream_V_wr_data[95] relative to clock(s) ap_clk
Related violations: <none>

TIMING-18#430 Warning
Missing input or output delay  
An output delay is missing on patch_stream_V_wr_data[9] relative to clock(s) ap_clk
Related violations: <none>

TIMING-18#431 Warning
Missing input or output delay  
An output delay is missing on patch_stream_V_wr_en relative to clock(s) ap_clk
Related violations: <none>

TIMING-18#432 Warning
Missing input or output delay  
An output delay is missing on points_address0[0] relative to clock(s) ap_clk
Related violations: <none>

TIMING-18#433 Warning
Missing input or output delay  
An output delay is missing on points_address0[10] relative to clock(s) ap_clk
Related violations: <none>

TIMING-18#434 Warning
Missing input or output delay  
An output delay is missing on points_address0[11] relative to clock(s) ap_clk
Related violations: <none>

TIMING-18#435 Warning
Missing input or output delay  
An output delay is missing on points_address0[1] relative to clock(s) ap_clk
Related violations: <none>

TIMING-18#436 Warning
Missing input or output delay  
An output delay is missing on points_address0[2] relative to clock(s) ap_clk
Related violations: <none>

TIMING-18#437 Warning
Missing input or output delay  
An output delay is missing on points_address0[3] relative to clock(s) ap_clk
Related violations: <none>

TIMING-18#438 Warning
Missing input or output delay  
An output delay is missing on points_address0[4] relative to clock(s) ap_clk
Related violations: <none>

TIMING-18#439 Warning
Missing input or output delay  
An output delay is missing on points_address0[5] relative to clock(s) ap_clk
Related violations: <none>

TIMING-18#440 Warning
Missing input or output delay  
An output delay is missing on points_address0[6] relative to clock(s) ap_clk
Related violations: <none>

TIMING-18#441 Warning
Missing input or output delay  
An output delay is missing on points_address0[7] relative to clock(s) ap_clk
Related violations: <none>

TIMING-18#442 Warning
Missing input or output delay  
An output delay is missing on points_address0[8] relative to clock(s) ap_clk
Related violations: <none>

TIMING-18#443 Warning
Missing input or output delay  
An output delay is missing on points_address0[9] relative to clock(s) ap_clk
Related violations: <none>

TIMING-18#444 Warning
Missing input or output delay  
An output delay is missing on points_address1[0] relative to clock(s) ap_clk
Related violations: <none>

TIMING-18#445 Warning
Missing input or output delay  
An output delay is missing on points_address1[10] relative to clock(s) ap_clk
Related violations: <none>

TIMING-18#446 Warning
Missing input or output delay  
An output delay is missing on points_address1[11] relative to clock(s) ap_clk
Related violations: <none>

TIMING-18#447 Warning
Missing input or output delay  
An output delay is missing on points_address1[1] relative to clock(s) ap_clk
Related violations: <none>

TIMING-18#448 Warning
Missing input or output delay  
An output delay is missing on points_address1[2] relative to clock(s) ap_clk
Related violations: <none>

TIMING-18#449 Warning
Missing input or output delay  
An output delay is missing on points_address1[3] relative to clock(s) ap_clk
Related violations: <none>

TIMING-18#450 Warning
Missing input or output delay  
An output delay is missing on points_address1[4] relative to clock(s) ap_clk
Related violations: <none>

TIMING-18#451 Warning
Missing input or output delay  
An output delay is missing on points_address1[5] relative to clock(s) ap_clk
Related violations: <none>

TIMING-18#452 Warning
Missing input or output delay  
An output delay is missing on points_address1[6] relative to clock(s) ap_clk
Related violations: <none>

TIMING-18#453 Warning
Missing input or output delay  
An output delay is missing on points_address1[7] relative to clock(s) ap_clk
Related violations: <none>

TIMING-18#454 Warning
Missing input or output delay  
An output delay is missing on points_address1[8] relative to clock(s) ap_clk
Related violations: <none>

TIMING-18#455 Warning
Missing input or output delay  
An output delay is missing on points_address1[9] relative to clock(s) ap_clk
Related violations: <none>

TIMING-18#456 Warning
Missing input or output delay  
An output delay is missing on points_ce0 relative to clock(s) ap_clk
Related violations: <none>

TIMING-18#457 Warning
Missing input or output delay  
An output delay is missing on points_ce1 relative to clock(s) ap_clk
Related violations: <none>


