Copyright 1986-2020 Xilinx, Inc. All Rights Reserved.
---------------------------------------------------------------------------------------------------------------------------
| Tool Version : Vivado v.2020.2 (win64) Build 3064766 Wed Nov 18 09:12:45 MST 2020
| Date         : Sat Jul 20 20:47:58 2024
| Host         : OGAS running 64-bit major release  (build 9200)
| Command      : report_drc -file bd_0_wrapper_drc_opted.rpt -pb bd_0_wrapper_drc_opted.pb -rpx bd_0_wrapper_drc_opted.rpx
| Design       : bd_0_wrapper
| Device       : xc7z030sbg485-3
| Speed File   : -3
| Design State : Synthesized
---------------------------------------------------------------------------------------------------------------------------

Report DRC

Table of Contents
-----------------
1. REPORT SUMMARY
2. REPORT DETAILS

1. REPORT SUMMARY
-----------------
            Netlist: netlist
          Floorplan: checkpoint_bd_0_wrapper
      Design limits: <entire design considered>
           Ruledeck: default
             Max violations: <unlimited>
             Violations found: 85
+--------+----------+-------------------------------------------------------------------+------------+
| Rule   | Severity | Description                                                       | Violations |
+--------+----------+-------------------------------------------------------------------+------------+
| DPIP-1 | Warning  | Input pipelining                                                  | 12         |
| DPOP-1 | Warning  | PREG Output pipelining                                            | 29         |
| DPOP-2 | Warning  | MREG Output pipelining                                            | 41         |
| ZPS7-1 | Warning  | PS7 block required                                                | 1          |
| AVAL-4 | Advisory | enum_USE_DPORT_FALSE_enum_DREG_ADREG_0_connects_CED_CEAD_RSTD_GND | 2          |
+--------+----------+-------------------------------------------------------------------+------------+

2. REPORT DETAILS
-----------------
DPIP-1#1 Warning
Input pipelining  
DSP bd_0_i/hls_inst/inst/grp_p_shadowquilt_main_loop_make_verticle_strip_fu_565/grp_makePatch_alignedToLine_fu_1322/grp_alignedtoline_per_layer_loop8_fu_183/grp_p_find_boundaries_and_starting_index_and_value9_fu_922/p_find_left_and_right_boundaries11_U0/faddfsub_32ns_32ns_32_4_full_dsp_1_U6/system_top_ap_faddfsub_2_full_dsp_32_u/inst/i_synth/ADDSUB_OP.ADDSUB/DSP.OP/DSP48E1_BODY.ALIGN_ADD/DSP2/i_no_versal_es1_workaround.DSP input bd_0_i/hls_inst/inst/grp_p_shadowquilt_main_loop_make_verticle_strip_fu_565/grp_makePatch_alignedToLine_fu_1322/grp_alignedtoline_per_layer_loop8_fu_183/grp_p_find_boundaries_and_starting_index_and_value9_fu_922/p_find_left_and_right_boundaries11_U0/faddfsub_32ns_32ns_32_4_full_dsp_1_U6/system_top_ap_faddfsub_2_full_dsp_32_u/inst/i_synth/ADDSUB_OP.ADDSUB/DSP.OP/DSP48E1_BODY.ALIGN_ADD/DSP2/i_no_versal_es1_workaround.DSP/A[29:0] is not pipelined. Pipelining DSP48 input will improve performance.
Related violations: <none>

DPIP-1#2 Warning
Input pipelining  
DSP bd_0_i/hls_inst/inst/grp_p_shadowquilt_main_loop_make_verticle_strip_fu_565/grp_makePatch_alignedToLine_fu_1322/grp_alignedtoline_per_layer_loop8_fu_183/grp_p_find_boundaries_and_starting_index_and_value9_fu_922/p_find_left_and_right_boundaries11_U0/faddfsub_32ns_32ns_32_4_full_dsp_1_U6/system_top_ap_faddfsub_2_full_dsp_32_u/inst/i_synth/ADDSUB_OP.ADDSUB/DSP.OP/DSP48E1_BODY.ALIGN_ADD/DSP2/i_no_versal_es1_workaround.DSP input bd_0_i/hls_inst/inst/grp_p_shadowquilt_main_loop_make_verticle_strip_fu_565/grp_makePatch_alignedToLine_fu_1322/grp_alignedtoline_per_layer_loop8_fu_183/grp_p_find_boundaries_and_starting_index_and_value9_fu_922/p_find_left_and_right_boundaries11_U0/faddfsub_32ns_32ns_32_4_full_dsp_1_U6/system_top_ap_faddfsub_2_full_dsp_32_u/inst/i_synth/ADDSUB_OP.ADDSUB/DSP.OP/DSP48E1_BODY.ALIGN_ADD/DSP2/i_no_versal_es1_workaround.DSP/B[17:0] is not pipelined. Pipelining DSP48 input will improve performance.
Related violations: <none>

DPIP-1#3 Warning
Input pipelining  
DSP bd_0_i/hls_inst/inst/grp_p_shadowquilt_main_loop_make_verticle_strip_fu_565/grp_makePatch_alignedToLine_fu_1322/grp_alignedtoline_per_layer_loop8_fu_183/grp_p_find_boundaries_and_starting_index_and_value9_fu_922/p_find_left_and_right_boundaries11_U0/faddfsub_32ns_32ns_32_4_full_dsp_1_U6/system_top_ap_faddfsub_2_full_dsp_32_u/inst/i_synth/ADDSUB_OP.ADDSUB/DSP.OP/DSP48E1_BODY.ALIGN_ADD/DSP2/i_no_versal_es1_workaround.DSP input bd_0_i/hls_inst/inst/grp_p_shadowquilt_main_loop_make_verticle_strip_fu_565/grp_makePatch_alignedToLine_fu_1322/grp_alignedtoline_per_layer_loop8_fu_183/grp_p_find_boundaries_and_starting_index_and_value9_fu_922/p_find_left_and_right_boundaries11_U0/faddfsub_32ns_32ns_32_4_full_dsp_1_U6/system_top_ap_faddfsub_2_full_dsp_32_u/inst/i_synth/ADDSUB_OP.ADDSUB/DSP.OP/DSP48E1_BODY.ALIGN_ADD/DSP2/i_no_versal_es1_workaround.DSP/C[47:0] is not pipelined. Pipelining DSP48 input will improve performance.
Related violations: <none>

DPIP-1#4 Warning
Input pipelining  
DSP bd_0_i/hls_inst/inst/grp_p_shadowquilt_main_loop_make_verticle_strip_fu_565/grp_makePatch_alignedToLine_fu_1322/grp_alignedtoline_per_layer_loop8_fu_183/grp_p_find_boundaries_and_starting_index_and_value9_fu_922/p_find_left_and_right_boundaries11_U0/faddfsub_32ns_32ns_32_4_full_dsp_1_U6/system_top_ap_faddfsub_2_full_dsp_32_u/inst/i_synth/ADDSUB_OP.ADDSUB/DSP.OP/DSP48E1_BODY.NORM_RND/FULL_USAGE_DSP.SHIFT_RND/i_no_versal_es1_workaround.DSP input bd_0_i/hls_inst/inst/grp_p_shadowquilt_main_loop_make_verticle_strip_fu_565/grp_makePatch_alignedToLine_fu_1322/grp_alignedtoline_per_layer_loop8_fu_183/grp_p_find_boundaries_and_starting_index_and_value9_fu_922/p_find_left_and_right_boundaries11_U0/faddfsub_32ns_32ns_32_4_full_dsp_1_U6/system_top_ap_faddfsub_2_full_dsp_32_u/inst/i_synth/ADDSUB_OP.ADDSUB/DSP.OP/DSP48E1_BODY.NORM_RND/FULL_USAGE_DSP.SHIFT_RND/i_no_versal_es1_workaround.DSP/A[29:0] is not pipelined. Pipelining DSP48 input will improve performance.
Related violations: <none>

DPIP-1#5 Warning
Input pipelining  
DSP bd_0_i/hls_inst/inst/grp_p_shadowquilt_main_loop_make_verticle_strip_fu_565/grp_makePatch_alignedToLine_fu_1322/grp_alignedtoline_per_layer_loop8_fu_183/grp_p_find_boundaries_and_starting_index_and_value9_fu_922/p_find_left_and_right_boundaries11_U0/faddfsub_32ns_32ns_32_4_full_dsp_1_U6/system_top_ap_faddfsub_2_full_dsp_32_u/inst/i_synth/ADDSUB_OP.ADDSUB/DSP.OP/DSP48E1_BODY.NORM_RND/FULL_USAGE_DSP.SHIFT_RND/i_no_versal_es1_workaround.DSP input bd_0_i/hls_inst/inst/grp_p_shadowquilt_main_loop_make_verticle_strip_fu_565/grp_makePatch_alignedToLine_fu_1322/grp_alignedtoline_per_layer_loop8_fu_183/grp_p_find_boundaries_and_starting_index_and_value9_fu_922/p_find_left_and_right_boundaries11_U0/faddfsub_32ns_32ns_32_4_full_dsp_1_U6/system_top_ap_faddfsub_2_full_dsp_32_u/inst/i_synth/ADDSUB_OP.ADDSUB/DSP.OP/DSP48E1_BODY.NORM_RND/FULL_USAGE_DSP.SHIFT_RND/i_no_versal_es1_workaround.DSP/B[17:0] is not pipelined. Pipelining DSP48 input will improve performance.
Related violations: <none>

DPIP-1#6 Warning
Input pipelining  
DSP bd_0_i/hls_inst/inst/grp_p_shadowquilt_main_loop_make_verticle_strip_fu_565/grp_makePatch_alignedToLine_fu_1322/grp_alignedtoline_per_layer_loop8_fu_183/grp_p_find_boundaries_and_starting_index_and_value9_fu_922/p_find_left_and_right_boundaries11_U0/faddfsub_32ns_32ns_32_4_full_dsp_1_U6/system_top_ap_faddfsub_2_full_dsp_32_u/inst/i_synth/ADDSUB_OP.ADDSUB/DSP.OP/DSP48E1_BODY.NORM_RND/FULL_USAGE_DSP.SHIFT_RND/i_no_versal_es1_workaround.DSP input bd_0_i/hls_inst/inst/grp_p_shadowquilt_main_loop_make_verticle_strip_fu_565/grp_makePatch_alignedToLine_fu_1322/grp_alignedtoline_per_layer_loop8_fu_183/grp_p_find_boundaries_and_starting_index_and_value9_fu_922/p_find_left_and_right_boundaries11_U0/faddfsub_32ns_32ns_32_4_full_dsp_1_U6/system_top_ap_faddfsub_2_full_dsp_32_u/inst/i_synth/ADDSUB_OP.ADDSUB/DSP.OP/DSP48E1_BODY.NORM_RND/FULL_USAGE_DSP.SHIFT_RND/i_no_versal_es1_workaround.DSP/C[47:0] is not pipelined. Pipelining DSP48 input will improve performance.
Related violations: <none>

DPIP-1#7 Warning
Input pipelining  
DSP bd_0_i/hls_inst/inst/grp_p_shadowquilt_main_loop_make_verticle_strip_fu_565/grp_makePatch_alignedToLine_fu_1322/grp_alignedtoline_per_layer_loop8_fu_183/grp_p_find_boundaries_and_starting_index_and_value9_fu_922/p_find_starting_index_and_value10_U0/fsub_32ns_32ns_32_4_full_dsp_1_U19/system_top_ap_fsub_2_full_dsp_32_u/inst/i_synth/ADDSUB_OP.ADDSUB/DSP.OP/DSP48E1_BODY.ALIGN_ADD/DSP2/i_no_versal_es1_workaround.DSP input bd_0_i/hls_inst/inst/grp_p_shadowquilt_main_loop_make_verticle_strip_fu_565/grp_makePatch_alignedToLine_fu_1322/grp_alignedtoline_per_layer_loop8_fu_183/grp_p_find_boundaries_and_starting_index_and_value9_fu_922/p_find_starting_index_and_value10_U0/fsub_32ns_32ns_32_4_full_dsp_1_U19/system_top_ap_fsub_2_full_dsp_32_u/inst/i_synth/ADDSUB_OP.ADDSUB/DSP.OP/DSP48E1_BODY.ALIGN_ADD/DSP2/i_no_versal_es1_workaround.DSP/A[29:0] is not pipelined. Pipelining DSP48 input will improve performance.
Related violations: <none>

DPIP-1#8 Warning
Input pipelining  
DSP bd_0_i/hls_inst/inst/grp_p_shadowquilt_main_loop_make_verticle_strip_fu_565/grp_makePatch_alignedToLine_fu_1322/grp_alignedtoline_per_layer_loop8_fu_183/grp_p_find_boundaries_and_starting_index_and_value9_fu_922/p_find_starting_index_and_value10_U0/fsub_32ns_32ns_32_4_full_dsp_1_U19/system_top_ap_fsub_2_full_dsp_32_u/inst/i_synth/ADDSUB_OP.ADDSUB/DSP.OP/DSP48E1_BODY.ALIGN_ADD/DSP2/i_no_versal_es1_workaround.DSP input bd_0_i/hls_inst/inst/grp_p_shadowquilt_main_loop_make_verticle_strip_fu_565/grp_makePatch_alignedToLine_fu_1322/grp_alignedtoline_per_layer_loop8_fu_183/grp_p_find_boundaries_and_starting_index_and_value9_fu_922/p_find_starting_index_and_value10_U0/fsub_32ns_32ns_32_4_full_dsp_1_U19/system_top_ap_fsub_2_full_dsp_32_u/inst/i_synth/ADDSUB_OP.ADDSUB/DSP.OP/DSP48E1_BODY.ALIGN_ADD/DSP2/i_no_versal_es1_workaround.DSP/B[17:0] is not pipelined. Pipelining DSP48 input will improve performance.
Related violations: <none>

DPIP-1#9 Warning
Input pipelining  
DSP bd_0_i/hls_inst/inst/grp_p_shadowquilt_main_loop_make_verticle_strip_fu_565/grp_makePatch_alignedToLine_fu_1322/grp_alignedtoline_per_layer_loop8_fu_183/grp_p_find_boundaries_and_starting_index_and_value9_fu_922/p_find_starting_index_and_value10_U0/fsub_32ns_32ns_32_4_full_dsp_1_U19/system_top_ap_fsub_2_full_dsp_32_u/inst/i_synth/ADDSUB_OP.ADDSUB/DSP.OP/DSP48E1_BODY.ALIGN_ADD/DSP2/i_no_versal_es1_workaround.DSP input bd_0_i/hls_inst/inst/grp_p_shadowquilt_main_loop_make_verticle_strip_fu_565/grp_makePatch_alignedToLine_fu_1322/grp_alignedtoline_per_layer_loop8_fu_183/grp_p_find_boundaries_and_starting_index_and_value9_fu_922/p_find_starting_index_and_value10_U0/fsub_32ns_32ns_32_4_full_dsp_1_U19/system_top_ap_fsub_2_full_dsp_32_u/inst/i_synth/ADDSUB_OP.ADDSUB/DSP.OP/DSP48E1_BODY.ALIGN_ADD/DSP2/i_no_versal_es1_workaround.DSP/C[47:0] is not pipelined. Pipelining DSP48 input will improve performance.
Related violations: <none>

DPIP-1#10 Warning
Input pipelining  
DSP bd_0_i/hls_inst/inst/grp_p_shadowquilt_main_loop_make_verticle_strip_fu_565/grp_makePatch_alignedToLine_fu_1322/grp_alignedtoline_per_layer_loop8_fu_183/grp_p_find_boundaries_and_starting_index_and_value9_fu_922/p_find_starting_index_and_value10_U0/fsub_32ns_32ns_32_4_full_dsp_1_U19/system_top_ap_fsub_2_full_dsp_32_u/inst/i_synth/ADDSUB_OP.ADDSUB/DSP.OP/DSP48E1_BODY.NORM_RND/FULL_USAGE_DSP.SHIFT_RND/i_no_versal_es1_workaround.DSP input bd_0_i/hls_inst/inst/grp_p_shadowquilt_main_loop_make_verticle_strip_fu_565/grp_makePatch_alignedToLine_fu_1322/grp_alignedtoline_per_layer_loop8_fu_183/grp_p_find_boundaries_and_starting_index_and_value9_fu_922/p_find_starting_index_and_value10_U0/fsub_32ns_32ns_32_4_full_dsp_1_U19/system_top_ap_fsub_2_full_dsp_32_u/inst/i_synth/ADDSUB_OP.ADDSUB/DSP.OP/DSP48E1_BODY.NORM_RND/FULL_USAGE_DSP.SHIFT_RND/i_no_versal_es1_workaround.DSP/A[29:0] is not pipelined. Pipelining DSP48 input will improve performance.
Related violations: <none>

DPIP-1#11 Warning
Input pipelining  
DSP bd_0_i/hls_inst/inst/grp_p_shadowquilt_main_loop_make_verticle_strip_fu_565/grp_makePatch_alignedToLine_fu_1322/grp_alignedtoline_per_layer_loop8_fu_183/grp_p_find_boundaries_and_starting_index_and_value9_fu_922/p_find_starting_index_and_value10_U0/fsub_32ns_32ns_32_4_full_dsp_1_U19/system_top_ap_fsub_2_full_dsp_32_u/inst/i_synth/ADDSUB_OP.ADDSUB/DSP.OP/DSP48E1_BODY.NORM_RND/FULL_USAGE_DSP.SHIFT_RND/i_no_versal_es1_workaround.DSP input bd_0_i/hls_inst/inst/grp_p_shadowquilt_main_loop_make_verticle_strip_fu_565/grp_makePatch_alignedToLine_fu_1322/grp_alignedtoline_per_layer_loop8_fu_183/grp_p_find_boundaries_and_starting_index_and_value9_fu_922/p_find_starting_index_and_value10_U0/fsub_32ns_32ns_32_4_full_dsp_1_U19/system_top_ap_fsub_2_full_dsp_32_u/inst/i_synth/ADDSUB_OP.ADDSUB/DSP.OP/DSP48E1_BODY.NORM_RND/FULL_USAGE_DSP.SHIFT_RND/i_no_versal_es1_workaround.DSP/B[17:0] is not pipelined. Pipelining DSP48 input will improve performance.
Related violations: <none>

DPIP-1#12 Warning
Input pipelining  
DSP bd_0_i/hls_inst/inst/grp_p_shadowquilt_main_loop_make_verticle_strip_fu_565/grp_makePatch_alignedToLine_fu_1322/grp_alignedtoline_per_layer_loop8_fu_183/grp_p_find_boundaries_and_starting_index_and_value9_fu_922/p_find_starting_index_and_value10_U0/fsub_32ns_32ns_32_4_full_dsp_1_U19/system_top_ap_fsub_2_full_dsp_32_u/inst/i_synth/ADDSUB_OP.ADDSUB/DSP.OP/DSP48E1_BODY.NORM_RND/FULL_USAGE_DSP.SHIFT_RND/i_no_versal_es1_workaround.DSP input bd_0_i/hls_inst/inst/grp_p_shadowquilt_main_loop_make_verticle_strip_fu_565/grp_makePatch_alignedToLine_fu_1322/grp_alignedtoline_per_layer_loop8_fu_183/grp_p_find_boundaries_and_starting_index_and_value9_fu_922/p_find_starting_index_and_value10_U0/fsub_32ns_32ns_32_4_full_dsp_1_U19/system_top_ap_fsub_2_full_dsp_32_u/inst/i_synth/ADDSUB_OP.ADDSUB/DSP.OP/DSP48E1_BODY.NORM_RND/FULL_USAGE_DSP.SHIFT_RND/i_no_versal_es1_workaround.DSP/C[47:0] is not pipelined. Pipelining DSP48 input will improve performance.
Related violations: <none>

DPOP-1#1 Warning
PREG Output pipelining  
DSP bd_0_i/hls_inst/inst/grp_p_shadowquilt_main_loop_make_verticle_strip_fu_565/grp_getParallelograms_fu_1361/grp_straightLineProjectorFromLayerIJtoK_fu_541/mul_33s_32s_52_1_1_U75/system_top_mul_33s_32s_52_1_1_Multiplier_2_U/p output bd_0_i/hls_inst/inst/grp_p_shadowquilt_main_loop_make_verticle_strip_fu_565/grp_getParallelograms_fu_1361/grp_straightLineProjectorFromLayerIJtoK_fu_541/mul_33s_32s_52_1_1_U75/system_top_mul_33s_32s_52_1_1_Multiplier_2_U/p/P[47:0] is not pipelined (PREG=0). Pipelining the DSP48 output will improve performance and often saves power so it is suggested whenever possible to fully pipeline this function.  If this DSP48 function was inferred, it is suggested to describe an additional register stage after this function.  If the DSP48 was instantiated in the design, it is suggested to set the PREG attribute to 1.
Related violations: <none>

DPOP-1#2 Warning
PREG Output pipelining  
DSP bd_0_i/hls_inst/inst/grp_p_shadowquilt_main_loop_make_verticle_strip_fu_565/grp_getParallelograms_fu_1361/grp_straightLineProjectorFromLayerIJtoK_fu_541/mul_33s_32s_52_1_1_U75/system_top_mul_33s_32s_52_1_1_Multiplier_2_U/p__0 output bd_0_i/hls_inst/inst/grp_p_shadowquilt_main_loop_make_verticle_strip_fu_565/grp_getParallelograms_fu_1361/grp_straightLineProjectorFromLayerIJtoK_fu_541/mul_33s_32s_52_1_1_U75/system_top_mul_33s_32s_52_1_1_Multiplier_2_U/p__0/P[47:0] is not pipelined (PREG=0). Pipelining the DSP48 output will improve performance and often saves power so it is suggested whenever possible to fully pipeline this function.  If this DSP48 function was inferred, it is suggested to describe an additional register stage after this function.  If the DSP48 was instantiated in the design, it is suggested to set the PREG attribute to 1.
Related violations: <none>

DPOP-1#3 Warning
PREG Output pipelining  
DSP bd_0_i/hls_inst/inst/grp_p_shadowquilt_main_loop_make_verticle_strip_fu_565/grp_getShadows_fu_1393/grp_straightLineProjectorFromLayerIJtoK_fu_313/mul_33s_32s_52_1_1_U75/system_top_mul_33s_32s_52_1_1_Multiplier_2_U/p output bd_0_i/hls_inst/inst/grp_p_shadowquilt_main_loop_make_verticle_strip_fu_565/grp_getShadows_fu_1393/grp_straightLineProjectorFromLayerIJtoK_fu_313/mul_33s_32s_52_1_1_U75/system_top_mul_33s_32s_52_1_1_Multiplier_2_U/p/P[47:0] is not pipelined (PREG=0). Pipelining the DSP48 output will improve performance and often saves power so it is suggested whenever possible to fully pipeline this function.  If this DSP48 function was inferred, it is suggested to describe an additional register stage after this function.  If the DSP48 was instantiated in the design, it is suggested to set the PREG attribute to 1.
Related violations: <none>

DPOP-1#4 Warning
PREG Output pipelining  
DSP bd_0_i/hls_inst/inst/grp_p_shadowquilt_main_loop_make_verticle_strip_fu_565/grp_getShadows_fu_1393/grp_straightLineProjectorFromLayerIJtoK_fu_313/mul_33s_32s_52_1_1_U75/system_top_mul_33s_32s_52_1_1_Multiplier_2_U/p__0 output bd_0_i/hls_inst/inst/grp_p_shadowquilt_main_loop_make_verticle_strip_fu_565/grp_getShadows_fu_1393/grp_straightLineProjectorFromLayerIJtoK_fu_313/mul_33s_32s_52_1_1_U75/system_top_mul_33s_32s_52_1_1_Multiplier_2_U/p__0/P[47:0] is not pipelined (PREG=0). Pipelining the DSP48 output will improve performance and often saves power so it is suggested whenever possible to fully pipeline this function.  If this DSP48 function was inferred, it is suggested to describe an additional register stage after this function.  If the DSP48 was instantiated in the design, it is suggested to set the PREG attribute to 1.
Related violations: <none>

DPOP-1#5 Warning
PREG Output pipelining  
DSP bd_0_i/hls_inst/inst/grp_p_shadowquilt_main_loop_make_verticle_strip_fu_565/grp_makePatch_alignedToLine_fu_1322/grp_alignedtoline_per_layer_loop8_fu_183/grp_p_find_boundaries_and_starting_index_and_value9_fu_922/p_find_left_and_right_boundaries11_U0/faddfsub_32ns_32ns_32_4_full_dsp_1_U6/system_top_ap_faddfsub_2_full_dsp_32_u/inst/i_synth/ADDSUB_OP.ADDSUB/DSP.OP/DSP48E1_BODY.ALIGN_ADD/DSP2/i_no_versal_es1_workaround.DSP output bd_0_i/hls_inst/inst/grp_p_shadowquilt_main_loop_make_verticle_strip_fu_565/grp_makePatch_alignedToLine_fu_1322/grp_alignedtoline_per_layer_loop8_fu_183/grp_p_find_boundaries_and_starting_index_and_value9_fu_922/p_find_left_and_right_boundaries11_U0/faddfsub_32ns_32ns_32_4_full_dsp_1_U6/system_top_ap_faddfsub_2_full_dsp_32_u/inst/i_synth/ADDSUB_OP.ADDSUB/DSP.OP/DSP48E1_BODY.ALIGN_ADD/DSP2/i_no_versal_es1_workaround.DSP/PATTERNDETECT is not pipelined (PREG=0). Pipelining the DSP48 output will improve performance and often saves power so it is suggested whenever possible to fully pipeline this function.  If this DSP48 function was inferred, it is suggested to describe an additional register stage after this function.  If the DSP48 was instantiated in the design, it is suggested to set the PREG attribute to 1.
Related violations: <none>

DPOP-1#6 Warning
PREG Output pipelining  
DSP bd_0_i/hls_inst/inst/grp_p_shadowquilt_main_loop_make_verticle_strip_fu_565/grp_makePatch_alignedToLine_fu_1322/grp_alignedtoline_per_layer_loop8_fu_183/grp_p_find_boundaries_and_starting_index_and_value9_fu_922/p_find_left_and_right_boundaries11_U0/faddfsub_32ns_32ns_32_4_full_dsp_1_U6/system_top_ap_faddfsub_2_full_dsp_32_u/inst/i_synth/ADDSUB_OP.ADDSUB/DSP.OP/DSP48E1_BODY.ALIGN_ADD/DSP2/i_no_versal_es1_workaround.DSP output bd_0_i/hls_inst/inst/grp_p_shadowquilt_main_loop_make_verticle_strip_fu_565/grp_makePatch_alignedToLine_fu_1322/grp_alignedtoline_per_layer_loop8_fu_183/grp_p_find_boundaries_and_starting_index_and_value9_fu_922/p_find_left_and_right_boundaries11_U0/faddfsub_32ns_32ns_32_4_full_dsp_1_U6/system_top_ap_faddfsub_2_full_dsp_32_u/inst/i_synth/ADDSUB_OP.ADDSUB/DSP.OP/DSP48E1_BODY.ALIGN_ADD/DSP2/i_no_versal_es1_workaround.DSP/P[47:0] is not pipelined (PREG=0). Pipelining the DSP48 output will improve performance and often saves power so it is suggested whenever possible to fully pipeline this function.  If this DSP48 function was inferred, it is suggested to describe an additional register stage after this function.  If the DSP48 was instantiated in the design, it is suggested to set the PREG attribute to 1.
Related violations: <none>

DPOP-1#7 Warning
PREG Output pipelining  
DSP bd_0_i/hls_inst/inst/grp_p_shadowquilt_main_loop_make_verticle_strip_fu_565/grp_makePatch_alignedToLine_fu_1322/grp_alignedtoline_per_layer_loop8_fu_183/grp_p_find_boundaries_and_starting_index_and_value9_fu_922/p_find_left_and_right_boundaries11_U0/faddfsub_32ns_32ns_32_4_full_dsp_1_U6/system_top_ap_faddfsub_2_full_dsp_32_u/inst/i_synth/ADDSUB_OP.ADDSUB/DSP.OP/DSP48E1_BODY.NORM_RND/FULL_USAGE_DSP.SHIFT_RND/i_no_versal_es1_workaround.DSP output bd_0_i/hls_inst/inst/grp_p_shadowquilt_main_loop_make_verticle_strip_fu_565/grp_makePatch_alignedToLine_fu_1322/grp_alignedtoline_per_layer_loop8_fu_183/grp_p_find_boundaries_and_starting_index_and_value9_fu_922/p_find_left_and_right_boundaries11_U0/faddfsub_32ns_32ns_32_4_full_dsp_1_U6/system_top_ap_faddfsub_2_full_dsp_32_u/inst/i_synth/ADDSUB_OP.ADDSUB/DSP.OP/DSP48E1_BODY.NORM_RND/FULL_USAGE_DSP.SHIFT_RND/i_no_versal_es1_workaround.DSP/P[47:0] is not pipelined (PREG=0). Pipelining the DSP48 output will improve performance and often saves power so it is suggested whenever possible to fully pipeline this function.  If this DSP48 function was inferred, it is suggested to describe an additional register stage after this function.  If the DSP48 was instantiated in the design, it is suggested to set the PREG attribute to 1.
Related violations: <none>

DPOP-1#8 Warning
PREG Output pipelining  
DSP bd_0_i/hls_inst/inst/grp_p_shadowquilt_main_loop_make_verticle_strip_fu_565/grp_makePatch_alignedToLine_fu_1322/grp_alignedtoline_per_layer_loop8_fu_183/grp_p_find_boundaries_and_starting_index_and_value9_fu_922/p_find_starting_index_and_value10_U0/fsub_32ns_32ns_32_4_full_dsp_1_U19/system_top_ap_fsub_2_full_dsp_32_u/inst/i_synth/ADDSUB_OP.ADDSUB/DSP.OP/DSP48E1_BODY.ALIGN_ADD/DSP2/i_no_versal_es1_workaround.DSP output bd_0_i/hls_inst/inst/grp_p_shadowquilt_main_loop_make_verticle_strip_fu_565/grp_makePatch_alignedToLine_fu_1322/grp_alignedtoline_per_layer_loop8_fu_183/grp_p_find_boundaries_and_starting_index_and_value9_fu_922/p_find_starting_index_and_value10_U0/fsub_32ns_32ns_32_4_full_dsp_1_U19/system_top_ap_fsub_2_full_dsp_32_u/inst/i_synth/ADDSUB_OP.ADDSUB/DSP.OP/DSP48E1_BODY.ALIGN_ADD/DSP2/i_no_versal_es1_workaround.DSP/PATTERNDETECT is not pipelined (PREG=0). Pipelining the DSP48 output will improve performance and often saves power so it is suggested whenever possible to fully pipeline this function.  If this DSP48 function was inferred, it is suggested to describe an additional register stage after this function.  If the DSP48 was instantiated in the design, it is suggested to set the PREG attribute to 1.
Related violations: <none>

DPOP-1#9 Warning
PREG Output pipelining  
DSP bd_0_i/hls_inst/inst/grp_p_shadowquilt_main_loop_make_verticle_strip_fu_565/grp_makePatch_alignedToLine_fu_1322/grp_alignedtoline_per_layer_loop8_fu_183/grp_p_find_boundaries_and_starting_index_and_value9_fu_922/p_find_starting_index_and_value10_U0/fsub_32ns_32ns_32_4_full_dsp_1_U19/system_top_ap_fsub_2_full_dsp_32_u/inst/i_synth/ADDSUB_OP.ADDSUB/DSP.OP/DSP48E1_BODY.ALIGN_ADD/DSP2/i_no_versal_es1_workaround.DSP output bd_0_i/hls_inst/inst/grp_p_shadowquilt_main_loop_make_verticle_strip_fu_565/grp_makePatch_alignedToLine_fu_1322/grp_alignedtoline_per_layer_loop8_fu_183/grp_p_find_boundaries_and_starting_index_and_value9_fu_922/p_find_starting_index_and_value10_U0/fsub_32ns_32ns_32_4_full_dsp_1_U19/system_top_ap_fsub_2_full_dsp_32_u/inst/i_synth/ADDSUB_OP.ADDSUB/DSP.OP/DSP48E1_BODY.ALIGN_ADD/DSP2/i_no_versal_es1_workaround.DSP/P[47:0] is not pipelined (PREG=0). Pipelining the DSP48 output will improve performance and often saves power so it is suggested whenever possible to fully pipeline this function.  If this DSP48 function was inferred, it is suggested to describe an additional register stage after this function.  If the DSP48 was instantiated in the design, it is suggested to set the PREG attribute to 1.
Related violations: <none>

DPOP-1#10 Warning
PREG Output pipelining  
DSP bd_0_i/hls_inst/inst/grp_p_shadowquilt_main_loop_make_verticle_strip_fu_565/grp_makePatch_alignedToLine_fu_1322/grp_alignedtoline_per_layer_loop8_fu_183/grp_p_find_boundaries_and_starting_index_and_value9_fu_922/p_find_starting_index_and_value10_U0/fsub_32ns_32ns_32_4_full_dsp_1_U19/system_top_ap_fsub_2_full_dsp_32_u/inst/i_synth/ADDSUB_OP.ADDSUB/DSP.OP/DSP48E1_BODY.NORM_RND/FULL_USAGE_DSP.SHIFT_RND/i_no_versal_es1_workaround.DSP output bd_0_i/hls_inst/inst/grp_p_shadowquilt_main_loop_make_verticle_strip_fu_565/grp_makePatch_alignedToLine_fu_1322/grp_alignedtoline_per_layer_loop8_fu_183/grp_p_find_boundaries_and_starting_index_and_value9_fu_922/p_find_starting_index_and_value10_U0/fsub_32ns_32ns_32_4_full_dsp_1_U19/system_top_ap_fsub_2_full_dsp_32_u/inst/i_synth/ADDSUB_OP.ADDSUB/DSP.OP/DSP48E1_BODY.NORM_RND/FULL_USAGE_DSP.SHIFT_RND/i_no_versal_es1_workaround.DSP/P[47:0] is not pipelined (PREG=0). Pipelining the DSP48 output will improve performance and often saves power so it is suggested whenever possible to fully pipeline this function.  If this DSP48 function was inferred, it is suggested to describe an additional register stage after this function.  If the DSP48 was instantiated in the design, it is suggested to set the PREG attribute to 1.
Related violations: <none>

DPOP-1#11 Warning
PREG Output pipelining  
DSP bd_0_i/hls_inst/inst/grp_p_shadowquilt_main_loop_make_verticle_strip_fu_565/grp_makePatch_alignedToLine_fu_1322/grp_alignedtoline_per_layer_loop8_fu_183/mul_33s_25ns_58_1_1_U43/system_top_mul_33s_25ns_58_1_1_Multiplier_0_U/p output bd_0_i/hls_inst/inst/grp_p_shadowquilt_main_loop_make_verticle_strip_fu_565/grp_makePatch_alignedToLine_fu_1322/grp_alignedtoline_per_layer_loop8_fu_183/mul_33s_25ns_58_1_1_U43/system_top_mul_33s_25ns_58_1_1_Multiplier_0_U/p/P[47:0] is not pipelined (PREG=0). Pipelining the DSP48 output will improve performance and often saves power so it is suggested whenever possible to fully pipeline this function.  If this DSP48 function was inferred, it is suggested to describe an additional register stage after this function.  If the DSP48 was instantiated in the design, it is suggested to set the PREG attribute to 1.
Related violations: <none>

DPOP-1#12 Warning
PREG Output pipelining  
DSP bd_0_i/hls_inst/inst/grp_p_shadowquilt_main_loop_make_verticle_strip_fu_565/grp_makePatch_alignedToLine_fu_1322/grp_alignedtoline_per_layer_loop8_fu_183/mul_33s_25ns_58_1_1_U43/system_top_mul_33s_25ns_58_1_1_Multiplier_0_U/p__0 output bd_0_i/hls_inst/inst/grp_p_shadowquilt_main_loop_make_verticle_strip_fu_565/grp_makePatch_alignedToLine_fu_1322/grp_alignedtoline_per_layer_loop8_fu_183/mul_33s_25ns_58_1_1_U43/system_top_mul_33s_25ns_58_1_1_Multiplier_0_U/p__0/P[47:0] is not pipelined (PREG=0). Pipelining the DSP48 output will improve performance and often saves power so it is suggested whenever possible to fully pipeline this function.  If this DSP48 function was inferred, it is suggested to describe an additional register stage after this function.  If the DSP48 was instantiated in the design, it is suggested to set the PREG attribute to 1.
Related violations: <none>

DPOP-1#13 Warning
PREG Output pipelining  
DSP bd_0_i/hls_inst/inst/grp_p_shadowquilt_main_loop_make_verticle_strip_fu_565/grp_makePatch_alignedToLine_fu_1322/grp_alignedtoline_per_layer_loop8_fu_183/mul_33s_25ns_58_1_1_U43/system_top_mul_33s_25ns_58_1_1_Multiplier_0_U/p__1 output bd_0_i/hls_inst/inst/grp_p_shadowquilt_main_loop_make_verticle_strip_fu_565/grp_makePatch_alignedToLine_fu_1322/grp_alignedtoline_per_layer_loop8_fu_183/mul_33s_25ns_58_1_1_U43/system_top_mul_33s_25ns_58_1_1_Multiplier_0_U/p__1/P[47:0] is not pipelined (PREG=0). Pipelining the DSP48 output will improve performance and often saves power so it is suggested whenever possible to fully pipeline this function.  If this DSP48 function was inferred, it is suggested to describe an additional register stage after this function.  If the DSP48 was instantiated in the design, it is suggested to set the PREG attribute to 1.
Related violations: <none>

DPOP-1#14 Warning
PREG Output pipelining  
DSP bd_0_i/hls_inst/inst/grp_p_shadowquilt_main_loop_make_verticle_strip_fu_565/grp_makePatch_alignedToLine_fu_1322/grp_alignedtoline_per_layer_loop8_fu_183/mul_33s_25ns_58_1_1_U43/system_top_mul_33s_25ns_58_1_1_Multiplier_0_U/p__2 output bd_0_i/hls_inst/inst/grp_p_shadowquilt_main_loop_make_verticle_strip_fu_565/grp_makePatch_alignedToLine_fu_1322/grp_alignedtoline_per_layer_loop8_fu_183/mul_33s_25ns_58_1_1_U43/system_top_mul_33s_25ns_58_1_1_Multiplier_0_U/p__2/P[47:0] is not pipelined (PREG=0). Pipelining the DSP48 output will improve performance and often saves power so it is suggested whenever possible to fully pipeline this function.  If this DSP48 function was inferred, it is suggested to describe an additional register stage after this function.  If the DSP48 was instantiated in the design, it is suggested to set the PREG attribute to 1.
Related violations: <none>

DPOP-1#15 Warning
PREG Output pipelining  
DSP bd_0_i/hls_inst/inst/grp_p_shadowquilt_main_loop_make_verticle_strip_fu_565/grp_makePatch_alignedToLine_fu_1322/grp_alignedtoline_per_layer_loop8_fu_183/mul_78s_108ns_185_3_1_U44/system_top_mul_78s_108ns_185_3_1_Multiplier_1_U/tmp_product output bd_0_i/hls_inst/inst/grp_p_shadowquilt_main_loop_make_verticle_strip_fu_565/grp_makePatch_alignedToLine_fu_1322/grp_alignedtoline_per_layer_loop8_fu_183/mul_78s_108ns_185_3_1_U44/system_top_mul_78s_108ns_185_3_1_Multiplier_1_U/tmp_product/P[47:0] is not pipelined (PREG=0). Pipelining the DSP48 output will improve performance and often saves power so it is suggested whenever possible to fully pipeline this function.  If this DSP48 function was inferred, it is suggested to describe an additional register stage after this function.  If the DSP48 was instantiated in the design, it is suggested to set the PREG attribute to 1.
Related violations: <none>

DPOP-1#16 Warning
PREG Output pipelining  
DSP bd_0_i/hls_inst/inst/grp_p_shadowquilt_main_loop_make_verticle_strip_fu_565/grp_makePatch_alignedToLine_fu_1322/grp_alignedtoline_per_layer_loop8_fu_183/mul_78s_108ns_185_3_1_U44/system_top_mul_78s_108ns_185_3_1_Multiplier_1_U/tmp_product__11 output bd_0_i/hls_inst/inst/grp_p_shadowquilt_main_loop_make_verticle_strip_fu_565/grp_makePatch_alignedToLine_fu_1322/grp_alignedtoline_per_layer_loop8_fu_183/mul_78s_108ns_185_3_1_U44/system_top_mul_78s_108ns_185_3_1_Multiplier_1_U/tmp_product__11/P[47:0] is not pipelined (PREG=0). Pipelining the DSP48 output will improve performance and often saves power so it is suggested whenever possible to fully pipeline this function.  If this DSP48 function was inferred, it is suggested to describe an additional register stage after this function.  If the DSP48 was instantiated in the design, it is suggested to set the PREG attribute to 1.
Related violations: <none>

DPOP-1#17 Warning
PREG Output pipelining  
DSP bd_0_i/hls_inst/inst/grp_p_shadowquilt_main_loop_make_verticle_strip_fu_565/grp_makePatch_alignedToLine_fu_1322/grp_alignedtoline_per_layer_loop8_fu_183/mul_78s_108ns_185_3_1_U44/system_top_mul_78s_108ns_185_3_1_Multiplier_1_U/tmp_product__13 output bd_0_i/hls_inst/inst/grp_p_shadowquilt_main_loop_make_verticle_strip_fu_565/grp_makePatch_alignedToLine_fu_1322/grp_alignedtoline_per_layer_loop8_fu_183/mul_78s_108ns_185_3_1_U44/system_top_mul_78s_108ns_185_3_1_Multiplier_1_U/tmp_product__13/P[47:0] is not pipelined (PREG=0). Pipelining the DSP48 output will improve performance and often saves power so it is suggested whenever possible to fully pipeline this function.  If this DSP48 function was inferred, it is suggested to describe an additional register stage after this function.  If the DSP48 was instantiated in the design, it is suggested to set the PREG attribute to 1.
Related violations: <none>

DPOP-1#18 Warning
PREG Output pipelining  
DSP bd_0_i/hls_inst/inst/grp_p_shadowquilt_main_loop_make_verticle_strip_fu_565/grp_makePatch_alignedToLine_fu_1322/grp_alignedtoline_per_layer_loop8_fu_183/mul_78s_108ns_185_3_1_U44/system_top_mul_78s_108ns_185_3_1_Multiplier_1_U/tmp_product__16 output bd_0_i/hls_inst/inst/grp_p_shadowquilt_main_loop_make_verticle_strip_fu_565/grp_makePatch_alignedToLine_fu_1322/grp_alignedtoline_per_layer_loop8_fu_183/mul_78s_108ns_185_3_1_U44/system_top_mul_78s_108ns_185_3_1_Multiplier_1_U/tmp_product__16/P[47:0] is not pipelined (PREG=0). Pipelining the DSP48 output will improve performance and often saves power so it is suggested whenever possible to fully pipeline this function.  If this DSP48 function was inferred, it is suggested to describe an additional register stage after this function.  If the DSP48 was instantiated in the design, it is suggested to set the PREG attribute to 1.
Related violations: <none>

DPOP-1#19 Warning
PREG Output pipelining  
DSP bd_0_i/hls_inst/inst/grp_p_shadowquilt_main_loop_make_verticle_strip_fu_565/grp_makePatch_alignedToLine_fu_1322/grp_alignedtoline_per_layer_loop8_fu_183/mul_78s_108ns_185_3_1_U44/system_top_mul_78s_108ns_185_3_1_Multiplier_1_U/tmp_product__18 output bd_0_i/hls_inst/inst/grp_p_shadowquilt_main_loop_make_verticle_strip_fu_565/grp_makePatch_alignedToLine_fu_1322/grp_alignedtoline_per_layer_loop8_fu_183/mul_78s_108ns_185_3_1_U44/system_top_mul_78s_108ns_185_3_1_Multiplier_1_U/tmp_product__18/P[47:0] is not pipelined (PREG=0). Pipelining the DSP48 output will improve performance and often saves power so it is suggested whenever possible to fully pipeline this function.  If this DSP48 function was inferred, it is suggested to describe an additional register stage after this function.  If the DSP48 was instantiated in the design, it is suggested to set the PREG attribute to 1.
Related violations: <none>

DPOP-1#20 Warning
PREG Output pipelining  
DSP bd_0_i/hls_inst/inst/grp_p_shadowquilt_main_loop_make_verticle_strip_fu_565/grp_makePatch_alignedToLine_fu_1322/grp_alignedtoline_per_layer_loop8_fu_183/mul_78s_108ns_185_3_1_U44/system_top_mul_78s_108ns_185_3_1_Multiplier_1_U/tmp_product__2 output bd_0_i/hls_inst/inst/grp_p_shadowquilt_main_loop_make_verticle_strip_fu_565/grp_makePatch_alignedToLine_fu_1322/grp_alignedtoline_per_layer_loop8_fu_183/mul_78s_108ns_185_3_1_U44/system_top_mul_78s_108ns_185_3_1_Multiplier_1_U/tmp_product__2/P[47:0] is not pipelined (PREG=0). Pipelining the DSP48 output will improve performance and often saves power so it is suggested whenever possible to fully pipeline this function.  If this DSP48 function was inferred, it is suggested to describe an additional register stage after this function.  If the DSP48 was instantiated in the design, it is suggested to set the PREG attribute to 1.
Related violations: <none>

DPOP-1#21 Warning
PREG Output pipelining  
DSP bd_0_i/hls_inst/inst/grp_p_shadowquilt_main_loop_make_verticle_strip_fu_565/grp_makePatch_alignedToLine_fu_1322/grp_alignedtoline_per_layer_loop8_fu_183/mul_78s_108ns_185_3_1_U44/system_top_mul_78s_108ns_185_3_1_Multiplier_1_U/tmp_product__20 output bd_0_i/hls_inst/inst/grp_p_shadowquilt_main_loop_make_verticle_strip_fu_565/grp_makePatch_alignedToLine_fu_1322/grp_alignedtoline_per_layer_loop8_fu_183/mul_78s_108ns_185_3_1_U44/system_top_mul_78s_108ns_185_3_1_Multiplier_1_U/tmp_product__20/P[47:0] is not pipelined (PREG=0). Pipelining the DSP48 output will improve performance and often saves power so it is suggested whenever possible to fully pipeline this function.  If this DSP48 function was inferred, it is suggested to describe an additional register stage after this function.  If the DSP48 was instantiated in the design, it is suggested to set the PREG attribute to 1.
Related violations: <none>

DPOP-1#22 Warning
PREG Output pipelining  
DSP bd_0_i/hls_inst/inst/grp_p_shadowquilt_main_loop_make_verticle_strip_fu_565/grp_straightLineProjectorFromLayerIJtoK_fu_1404/mul_33s_32s_52_1_1_U75/system_top_mul_33s_32s_52_1_1_Multiplier_2_U/p output bd_0_i/hls_inst/inst/grp_p_shadowquilt_main_loop_make_verticle_strip_fu_565/grp_straightLineProjectorFromLayerIJtoK_fu_1404/mul_33s_32s_52_1_1_U75/system_top_mul_33s_32s_52_1_1_Multiplier_2_U/p/P[47:0] is not pipelined (PREG=0). Pipelining the DSP48 output will improve performance and often saves power so it is suggested whenever possible to fully pipeline this function.  If this DSP48 function was inferred, it is suggested to describe an additional register stage after this function.  If the DSP48 was instantiated in the design, it is suggested to set the PREG attribute to 1.
Related violations: <none>

DPOP-1#23 Warning
PREG Output pipelining  
DSP bd_0_i/hls_inst/inst/grp_p_shadowquilt_main_loop_make_verticle_strip_fu_565/grp_straightLineProjectorFromLayerIJtoK_fu_1404/mul_33s_32s_52_1_1_U75/system_top_mul_33s_32s_52_1_1_Multiplier_2_U/p__0 output bd_0_i/hls_inst/inst/grp_p_shadowquilt_main_loop_make_verticle_strip_fu_565/grp_straightLineProjectorFromLayerIJtoK_fu_1404/mul_33s_32s_52_1_1_U75/system_top_mul_33s_32s_52_1_1_Multiplier_2_U/p__0/P[47:0] is not pipelined (PREG=0). Pipelining the DSP48 output will improve performance and often saves power so it is suggested whenever possible to fully pipeline this function.  If this DSP48 function was inferred, it is suggested to describe an additional register stage after this function.  If the DSP48 was instantiated in the design, it is suggested to set the PREG attribute to 1.
Related violations: <none>

DPOP-1#24 Warning
PREG Output pipelining  
DSP bd_0_i/hls_inst/inst/grp_p_shadowquilt_main_loop_make_verticle_strip_fu_565/grp_straightLineProjectorFromLayerIJtoK_fu_1429/mul_33s_32s_52_1_1_U75/system_top_mul_33s_32s_52_1_1_Multiplier_2_U/p output bd_0_i/hls_inst/inst/grp_p_shadowquilt_main_loop_make_verticle_strip_fu_565/grp_straightLineProjectorFromLayerIJtoK_fu_1429/mul_33s_32s_52_1_1_U75/system_top_mul_33s_32s_52_1_1_Multiplier_2_U/p/P[47:0] is not pipelined (PREG=0). Pipelining the DSP48 output will improve performance and often saves power so it is suggested whenever possible to fully pipeline this function.  If this DSP48 function was inferred, it is suggested to describe an additional register stage after this function.  If the DSP48 was instantiated in the design, it is suggested to set the PREG attribute to 1.
Related violations: <none>

DPOP-1#25 Warning
PREG Output pipelining  
DSP bd_0_i/hls_inst/inst/grp_p_shadowquilt_main_loop_make_verticle_strip_fu_565/grp_straightLineProjectorFromLayerIJtoK_fu_1429/mul_33s_32s_52_1_1_U75/system_top_mul_33s_32s_52_1_1_Multiplier_2_U/p__0 output bd_0_i/hls_inst/inst/grp_p_shadowquilt_main_loop_make_verticle_strip_fu_565/grp_straightLineProjectorFromLayerIJtoK_fu_1429/mul_33s_32s_52_1_1_U75/system_top_mul_33s_32s_52_1_1_Multiplier_2_U/p__0/P[47:0] is not pipelined (PREG=0). Pipelining the DSP48 output will improve performance and often saves power so it is suggested whenever possible to fully pipeline this function.  If this DSP48 function was inferred, it is suggested to describe an additional register stage after this function.  If the DSP48 was instantiated in the design, it is suggested to set the PREG attribute to 1.
Related violations: <none>

DPOP-1#26 Warning
PREG Output pipelining  
DSP bd_0_i/hls_inst/inst/grp_p_shadowquilt_main_loop_make_verticle_strip_fu_565/mul_33s_32s_64_1_1_U130/system_top_mul_33s_32s_64_1_1_Multiplier_3_U/p output bd_0_i/hls_inst/inst/grp_p_shadowquilt_main_loop_make_verticle_strip_fu_565/mul_33s_32s_64_1_1_U130/system_top_mul_33s_32s_64_1_1_Multiplier_3_U/p/P[47:0] is not pipelined (PREG=0). Pipelining the DSP48 output will improve performance and often saves power so it is suggested whenever possible to fully pipeline this function.  If this DSP48 function was inferred, it is suggested to describe an additional register stage after this function.  If the DSP48 was instantiated in the design, it is suggested to set the PREG attribute to 1.
Related violations: <none>

DPOP-1#27 Warning
PREG Output pipelining  
DSP bd_0_i/hls_inst/inst/grp_p_shadowquilt_main_loop_make_verticle_strip_fu_565/mul_33s_32s_64_1_1_U130/system_top_mul_33s_32s_64_1_1_Multiplier_3_U/p__0 output bd_0_i/hls_inst/inst/grp_p_shadowquilt_main_loop_make_verticle_strip_fu_565/mul_33s_32s_64_1_1_U130/system_top_mul_33s_32s_64_1_1_Multiplier_3_U/p__0/P[47:0] is not pipelined (PREG=0). Pipelining the DSP48 output will improve performance and often saves power so it is suggested whenever possible to fully pipeline this function.  If this DSP48 function was inferred, it is suggested to describe an additional register stage after this function.  If the DSP48 was instantiated in the design, it is suggested to set the PREG attribute to 1.
Related violations: <none>

DPOP-1#28 Warning
PREG Output pipelining  
DSP bd_0_i/hls_inst/inst/grp_p_shadowquilt_main_loop_make_verticle_strip_fu_565/mul_33s_32s_64_1_1_U130/system_top_mul_33s_32s_64_1_1_Multiplier_3_U/p__1 output bd_0_i/hls_inst/inst/grp_p_shadowquilt_main_loop_make_verticle_strip_fu_565/mul_33s_32s_64_1_1_U130/system_top_mul_33s_32s_64_1_1_Multiplier_3_U/p__1/P[47:0] is not pipelined (PREG=0). Pipelining the DSP48 output will improve performance and often saves power so it is suggested whenever possible to fully pipeline this function.  If this DSP48 function was inferred, it is suggested to describe an additional register stage after this function.  If the DSP48 was instantiated in the design, it is suggested to set the PREG attribute to 1.
Related violations: <none>

DPOP-1#29 Warning
PREG Output pipelining  
DSP bd_0_i/hls_inst/inst/grp_p_shadowquilt_main_loop_make_verticle_strip_fu_565/mul_33s_32s_64_1_1_U130/system_top_mul_33s_32s_64_1_1_Multiplier_3_U/p__2 output bd_0_i/hls_inst/inst/grp_p_shadowquilt_main_loop_make_verticle_strip_fu_565/mul_33s_32s_64_1_1_U130/system_top_mul_33s_32s_64_1_1_Multiplier_3_U/p__2/P[47:0] is not pipelined (PREG=0). Pipelining the DSP48 output will improve performance and often saves power so it is suggested whenever possible to fully pipeline this function.  If this DSP48 function was inferred, it is suggested to describe an additional register stage after this function.  If the DSP48 was instantiated in the design, it is suggested to set the PREG attribute to 1.
Related violations: <none>

DPOP-2#1 Warning
MREG Output pipelining  
DSP bd_0_i/hls_inst/inst/grp_p_shadowquilt_main_loop_make_verticle_strip_fu_565/grp_getParallelograms_fu_1361/grp_straightLineProjectorFromLayerIJtoK_fu_541/mul_33s_32s_52_1_1_U75/system_top_mul_33s_32s_52_1_1_Multiplier_2_U/p multiplier stage bd_0_i/hls_inst/inst/grp_p_shadowquilt_main_loop_make_verticle_strip_fu_565/grp_getParallelograms_fu_1361/grp_straightLineProjectorFromLayerIJtoK_fu_541/mul_33s_32s_52_1_1_U75/system_top_mul_33s_32s_52_1_1_Multiplier_2_U/p/P[47:0] is not pipelined (MREG=0). Pipelining the multiplier function will improve performance and will save significant power so it is suggested whenever possible to fully pipeline this function.  If this multiplier was inferred, it is suggested to describe an additional register stage after this function.  If there is no registered adder/accumulator following the multiply function, two pipeline stages are suggested to allow both the MREG and PREG registers to be used.  If the DSP48 was instantiated in the design, it is suggested to set both the MREG and PREG attributes to 1 when performing multiply functions.
Related violations: <none>

DPOP-2#2 Warning
MREG Output pipelining  
DSP bd_0_i/hls_inst/inst/grp_p_shadowquilt_main_loop_make_verticle_strip_fu_565/grp_getParallelograms_fu_1361/grp_straightLineProjectorFromLayerIJtoK_fu_541/mul_33s_32s_52_1_1_U75/system_top_mul_33s_32s_52_1_1_Multiplier_2_U/p__0 multiplier stage bd_0_i/hls_inst/inst/grp_p_shadowquilt_main_loop_make_verticle_strip_fu_565/grp_getParallelograms_fu_1361/grp_straightLineProjectorFromLayerIJtoK_fu_541/mul_33s_32s_52_1_1_U75/system_top_mul_33s_32s_52_1_1_Multiplier_2_U/p__0/P[47:0] is not pipelined (MREG=0). Pipelining the multiplier function will improve performance and will save significant power so it is suggested whenever possible to fully pipeline this function.  If this multiplier was inferred, it is suggested to describe an additional register stage after this function.  If there is no registered adder/accumulator following the multiply function, two pipeline stages are suggested to allow both the MREG and PREG registers to be used.  If the DSP48 was instantiated in the design, it is suggested to set both the MREG and PREG attributes to 1 when performing multiply functions.
Related violations: <none>

DPOP-2#3 Warning
MREG Output pipelining  
DSP bd_0_i/hls_inst/inst/grp_p_shadowquilt_main_loop_make_verticle_strip_fu_565/grp_getParallelograms_fu_1361/grp_straightLineProjectorFromLayerIJtoK_fu_541/r_V_1_reg_378_reg multiplier stage bd_0_i/hls_inst/inst/grp_p_shadowquilt_main_loop_make_verticle_strip_fu_565/grp_getParallelograms_fu_1361/grp_straightLineProjectorFromLayerIJtoK_fu_541/r_V_1_reg_378_reg/P[47:0] is not pipelined (MREG=0). Pipelining the multiplier function will improve performance and will save significant power so it is suggested whenever possible to fully pipeline this function.  If this multiplier was inferred, it is suggested to describe an additional register stage after this function.  If there is no registered adder/accumulator following the multiply function, two pipeline stages are suggested to allow both the MREG and PREG registers to be used.  If the DSP48 was instantiated in the design, it is suggested to set both the MREG and PREG attributes to 1 when performing multiply functions.
Related violations: <none>

DPOP-2#4 Warning
MREG Output pipelining  
DSP bd_0_i/hls_inst/inst/grp_p_shadowquilt_main_loop_make_verticle_strip_fu_565/grp_getParallelograms_fu_1361/grp_straightLineProjectorFromLayerIJtoK_fu_541/r_V_1_reg_378_reg__0 multiplier stage bd_0_i/hls_inst/inst/grp_p_shadowquilt_main_loop_make_verticle_strip_fu_565/grp_getParallelograms_fu_1361/grp_straightLineProjectorFromLayerIJtoK_fu_541/r_V_1_reg_378_reg__0/P[47:0] is not pipelined (MREG=0). Pipelining the multiplier function will improve performance and will save significant power so it is suggested whenever possible to fully pipeline this function.  If this multiplier was inferred, it is suggested to describe an additional register stage after this function.  If there is no registered adder/accumulator following the multiply function, two pipeline stages are suggested to allow both the MREG and PREG registers to be used.  If the DSP48 was instantiated in the design, it is suggested to set both the MREG and PREG attributes to 1 when performing multiply functions.
Related violations: <none>

DPOP-2#5 Warning
MREG Output pipelining  
DSP bd_0_i/hls_inst/inst/grp_p_shadowquilt_main_loop_make_verticle_strip_fu_565/grp_getShadows_fu_1393/grp_straightLineProjectorFromLayerIJtoK_fu_313/mul_33s_32s_52_1_1_U75/system_top_mul_33s_32s_52_1_1_Multiplier_2_U/p multiplier stage bd_0_i/hls_inst/inst/grp_p_shadowquilt_main_loop_make_verticle_strip_fu_565/grp_getShadows_fu_1393/grp_straightLineProjectorFromLayerIJtoK_fu_313/mul_33s_32s_52_1_1_U75/system_top_mul_33s_32s_52_1_1_Multiplier_2_U/p/P[47:0] is not pipelined (MREG=0). Pipelining the multiplier function will improve performance and will save significant power so it is suggested whenever possible to fully pipeline this function.  If this multiplier was inferred, it is suggested to describe an additional register stage after this function.  If there is no registered adder/accumulator following the multiply function, two pipeline stages are suggested to allow both the MREG and PREG registers to be used.  If the DSP48 was instantiated in the design, it is suggested to set both the MREG and PREG attributes to 1 when performing multiply functions.
Related violations: <none>

DPOP-2#6 Warning
MREG Output pipelining  
DSP bd_0_i/hls_inst/inst/grp_p_shadowquilt_main_loop_make_verticle_strip_fu_565/grp_getShadows_fu_1393/grp_straightLineProjectorFromLayerIJtoK_fu_313/mul_33s_32s_52_1_1_U75/system_top_mul_33s_32s_52_1_1_Multiplier_2_U/p__0 multiplier stage bd_0_i/hls_inst/inst/grp_p_shadowquilt_main_loop_make_verticle_strip_fu_565/grp_getShadows_fu_1393/grp_straightLineProjectorFromLayerIJtoK_fu_313/mul_33s_32s_52_1_1_U75/system_top_mul_33s_32s_52_1_1_Multiplier_2_U/p__0/P[47:0] is not pipelined (MREG=0). Pipelining the multiplier function will improve performance and will save significant power so it is suggested whenever possible to fully pipeline this function.  If this multiplier was inferred, it is suggested to describe an additional register stage after this function.  If there is no registered adder/accumulator following the multiply function, two pipeline stages are suggested to allow both the MREG and PREG registers to be used.  If the DSP48 was instantiated in the design, it is suggested to set both the MREG and PREG attributes to 1 when performing multiply functions.
Related violations: <none>

DPOP-2#7 Warning
MREG Output pipelining  
DSP bd_0_i/hls_inst/inst/grp_p_shadowquilt_main_loop_make_verticle_strip_fu_565/grp_getShadows_fu_1393/grp_straightLineProjectorFromLayerIJtoK_fu_313/r_V_1_reg_378_reg multiplier stage bd_0_i/hls_inst/inst/grp_p_shadowquilt_main_loop_make_verticle_strip_fu_565/grp_getShadows_fu_1393/grp_straightLineProjectorFromLayerIJtoK_fu_313/r_V_1_reg_378_reg/P[47:0] is not pipelined (MREG=0). Pipelining the multiplier function will improve performance and will save significant power so it is suggested whenever possible to fully pipeline this function.  If this multiplier was inferred, it is suggested to describe an additional register stage after this function.  If there is no registered adder/accumulator following the multiply function, two pipeline stages are suggested to allow both the MREG and PREG registers to be used.  If the DSP48 was instantiated in the design, it is suggested to set both the MREG and PREG attributes to 1 when performing multiply functions.
Related violations: <none>

DPOP-2#8 Warning
MREG Output pipelining  
DSP bd_0_i/hls_inst/inst/grp_p_shadowquilt_main_loop_make_verticle_strip_fu_565/grp_getShadows_fu_1393/grp_straightLineProjectorFromLayerIJtoK_fu_313/r_V_1_reg_378_reg__0 multiplier stage bd_0_i/hls_inst/inst/grp_p_shadowquilt_main_loop_make_verticle_strip_fu_565/grp_getShadows_fu_1393/grp_straightLineProjectorFromLayerIJtoK_fu_313/r_V_1_reg_378_reg__0/P[47:0] is not pipelined (MREG=0). Pipelining the multiplier function will improve performance and will save significant power so it is suggested whenever possible to fully pipeline this function.  If this multiplier was inferred, it is suggested to describe an additional register stage after this function.  If there is no registered adder/accumulator following the multiply function, two pipeline stages are suggested to allow both the MREG and PREG registers to be used.  If the DSP48 was instantiated in the design, it is suggested to set both the MREG and PREG attributes to 1 when performing multiply functions.
Related violations: <none>

DPOP-2#9 Warning
MREG Output pipelining  
DSP bd_0_i/hls_inst/inst/grp_p_shadowquilt_main_loop_make_verticle_strip_fu_565/grp_makePatch_alignedToLine_fu_1322/grp_alignedtoline_per_layer_loop8_fu_183/grp_p_find_boundaries_and_starting_index_and_value9_fu_922/p_find_left_and_right_boundaries11_U0/faddfsub_32ns_32ns_32_4_full_dsp_1_U6/system_top_ap_faddfsub_2_full_dsp_32_u/inst/i_synth/ADDSUB_OP.ADDSUB/DSP.OP/DSP48E1_BODY.NORM_RND/FULL_USAGE_DSP.SHIFT_RND/i_no_versal_es1_workaround.DSP multiplier stage bd_0_i/hls_inst/inst/grp_p_shadowquilt_main_loop_make_verticle_strip_fu_565/grp_makePatch_alignedToLine_fu_1322/grp_alignedtoline_per_layer_loop8_fu_183/grp_p_find_boundaries_and_starting_index_and_value9_fu_922/p_find_left_and_right_boundaries11_U0/faddfsub_32ns_32ns_32_4_full_dsp_1_U6/system_top_ap_faddfsub_2_full_dsp_32_u/inst/i_synth/ADDSUB_OP.ADDSUB/DSP.OP/DSP48E1_BODY.NORM_RND/FULL_USAGE_DSP.SHIFT_RND/i_no_versal_es1_workaround.DSP/P[47:0] is not pipelined (MREG=0). Pipelining the multiplier function will improve performance and will save significant power so it is suggested whenever possible to fully pipeline this function.  If this multiplier was inferred, it is suggested to describe an additional register stage after this function.  If there is no registered adder/accumulator following the multiply function, two pipeline stages are suggested to allow both the MREG and PREG registers to be used.  If the DSP48 was instantiated in the design, it is suggested to set both the MREG and PREG attributes to 1 when performing multiply functions.
Related violations: <none>

DPOP-2#10 Warning
MREG Output pipelining  
DSP bd_0_i/hls_inst/inst/grp_p_shadowquilt_main_loop_make_verticle_strip_fu_565/grp_makePatch_alignedToLine_fu_1322/grp_alignedtoline_per_layer_loop8_fu_183/grp_p_find_boundaries_and_starting_index_and_value9_fu_922/p_find_starting_index_and_value10_U0/fsub_32ns_32ns_32_4_full_dsp_1_U19/system_top_ap_fsub_2_full_dsp_32_u/inst/i_synth/ADDSUB_OP.ADDSUB/DSP.OP/DSP48E1_BODY.NORM_RND/FULL_USAGE_DSP.SHIFT_RND/i_no_versal_es1_workaround.DSP multiplier stage bd_0_i/hls_inst/inst/grp_p_shadowquilt_main_loop_make_verticle_strip_fu_565/grp_makePatch_alignedToLine_fu_1322/grp_alignedtoline_per_layer_loop8_fu_183/grp_p_find_boundaries_and_starting_index_and_value9_fu_922/p_find_starting_index_and_value10_U0/fsub_32ns_32ns_32_4_full_dsp_1_U19/system_top_ap_fsub_2_full_dsp_32_u/inst/i_synth/ADDSUB_OP.ADDSUB/DSP.OP/DSP48E1_BODY.NORM_RND/FULL_USAGE_DSP.SHIFT_RND/i_no_versal_es1_workaround.DSP/P[47:0] is not pipelined (MREG=0). Pipelining the multiplier function will improve performance and will save significant power so it is suggested whenever possible to fully pipeline this function.  If this multiplier was inferred, it is suggested to describe an additional register stage after this function.  If there is no registered adder/accumulator following the multiply function, two pipeline stages are suggested to allow both the MREG and PREG registers to be used.  If the DSP48 was instantiated in the design, it is suggested to set both the MREG and PREG attributes to 1 when performing multiply functions.
Related violations: <none>

DPOP-2#11 Warning
MREG Output pipelining  
DSP bd_0_i/hls_inst/inst/grp_p_shadowquilt_main_loop_make_verticle_strip_fu_565/grp_makePatch_alignedToLine_fu_1322/grp_alignedtoline_per_layer_loop8_fu_183/mul_33s_25ns_58_1_1_U43/system_top_mul_33s_25ns_58_1_1_Multiplier_0_U/p multiplier stage bd_0_i/hls_inst/inst/grp_p_shadowquilt_main_loop_make_verticle_strip_fu_565/grp_makePatch_alignedToLine_fu_1322/grp_alignedtoline_per_layer_loop8_fu_183/mul_33s_25ns_58_1_1_U43/system_top_mul_33s_25ns_58_1_1_Multiplier_0_U/p/P[47:0] is not pipelined (MREG=0). Pipelining the multiplier function will improve performance and will save significant power so it is suggested whenever possible to fully pipeline this function.  If this multiplier was inferred, it is suggested to describe an additional register stage after this function.  If there is no registered adder/accumulator following the multiply function, two pipeline stages are suggested to allow both the MREG and PREG registers to be used.  If the DSP48 was instantiated in the design, it is suggested to set both the MREG and PREG attributes to 1 when performing multiply functions.
Related violations: <none>

DPOP-2#12 Warning
MREG Output pipelining  
DSP bd_0_i/hls_inst/inst/grp_p_shadowquilt_main_loop_make_verticle_strip_fu_565/grp_makePatch_alignedToLine_fu_1322/grp_alignedtoline_per_layer_loop8_fu_183/mul_33s_25ns_58_1_1_U43/system_top_mul_33s_25ns_58_1_1_Multiplier_0_U/p__0 multiplier stage bd_0_i/hls_inst/inst/grp_p_shadowquilt_main_loop_make_verticle_strip_fu_565/grp_makePatch_alignedToLine_fu_1322/grp_alignedtoline_per_layer_loop8_fu_183/mul_33s_25ns_58_1_1_U43/system_top_mul_33s_25ns_58_1_1_Multiplier_0_U/p__0/P[47:0] is not pipelined (MREG=0). Pipelining the multiplier function will improve performance and will save significant power so it is suggested whenever possible to fully pipeline this function.  If this multiplier was inferred, it is suggested to describe an additional register stage after this function.  If there is no registered adder/accumulator following the multiply function, two pipeline stages are suggested to allow both the MREG and PREG registers to be used.  If the DSP48 was instantiated in the design, it is suggested to set both the MREG and PREG attributes to 1 when performing multiply functions.
Related violations: <none>

DPOP-2#13 Warning
MREG Output pipelining  
DSP bd_0_i/hls_inst/inst/grp_p_shadowquilt_main_loop_make_verticle_strip_fu_565/grp_makePatch_alignedToLine_fu_1322/grp_alignedtoline_per_layer_loop8_fu_183/mul_33s_25ns_58_1_1_U43/system_top_mul_33s_25ns_58_1_1_Multiplier_0_U/p__1 multiplier stage bd_0_i/hls_inst/inst/grp_p_shadowquilt_main_loop_make_verticle_strip_fu_565/grp_makePatch_alignedToLine_fu_1322/grp_alignedtoline_per_layer_loop8_fu_183/mul_33s_25ns_58_1_1_U43/system_top_mul_33s_25ns_58_1_1_Multiplier_0_U/p__1/P[47:0] is not pipelined (MREG=0). Pipelining the multiplier function will improve performance and will save significant power so it is suggested whenever possible to fully pipeline this function.  If this multiplier was inferred, it is suggested to describe an additional register stage after this function.  If there is no registered adder/accumulator following the multiply function, two pipeline stages are suggested to allow both the MREG and PREG registers to be used.  If the DSP48 was instantiated in the design, it is suggested to set both the MREG and PREG attributes to 1 when performing multiply functions.
Related violations: <none>

DPOP-2#14 Warning
MREG Output pipelining  
DSP bd_0_i/hls_inst/inst/grp_p_shadowquilt_main_loop_make_verticle_strip_fu_565/grp_makePatch_alignedToLine_fu_1322/grp_alignedtoline_per_layer_loop8_fu_183/mul_33s_25ns_58_1_1_U43/system_top_mul_33s_25ns_58_1_1_Multiplier_0_U/p__2 multiplier stage bd_0_i/hls_inst/inst/grp_p_shadowquilt_main_loop_make_verticle_strip_fu_565/grp_makePatch_alignedToLine_fu_1322/grp_alignedtoline_per_layer_loop8_fu_183/mul_33s_25ns_58_1_1_U43/system_top_mul_33s_25ns_58_1_1_Multiplier_0_U/p__2/P[47:0] is not pipelined (MREG=0). Pipelining the multiplier function will improve performance and will save significant power so it is suggested whenever possible to fully pipeline this function.  If this multiplier was inferred, it is suggested to describe an additional register stage after this function.  If there is no registered adder/accumulator following the multiply function, two pipeline stages are suggested to allow both the MREG and PREG registers to be used.  If the DSP48 was instantiated in the design, it is suggested to set both the MREG and PREG attributes to 1 when performing multiply functions.
Related violations: <none>

DPOP-2#15 Warning
MREG Output pipelining  
DSP bd_0_i/hls_inst/inst/grp_p_shadowquilt_main_loop_make_verticle_strip_fu_565/grp_makePatch_alignedToLine_fu_1322/grp_alignedtoline_per_layer_loop8_fu_183/mul_78s_108ns_185_3_1_U44/system_top_mul_78s_108ns_185_3_1_Multiplier_1_U/buff0_reg multiplier stage bd_0_i/hls_inst/inst/grp_p_shadowquilt_main_loop_make_verticle_strip_fu_565/grp_makePatch_alignedToLine_fu_1322/grp_alignedtoline_per_layer_loop8_fu_183/mul_78s_108ns_185_3_1_U44/system_top_mul_78s_108ns_185_3_1_Multiplier_1_U/buff0_reg/P[47:0] is not pipelined (MREG=0). Pipelining the multiplier function will improve performance and will save significant power so it is suggested whenever possible to fully pipeline this function.  If this multiplier was inferred, it is suggested to describe an additional register stage after this function.  If there is no registered adder/accumulator following the multiply function, two pipeline stages are suggested to allow both the MREG and PREG registers to be used.  If the DSP48 was instantiated in the design, it is suggested to set both the MREG and PREG attributes to 1 when performing multiply functions.
Related violations: <none>

DPOP-2#16 Warning
MREG Output pipelining  
DSP bd_0_i/hls_inst/inst/grp_p_shadowquilt_main_loop_make_verticle_strip_fu_565/grp_makePatch_alignedToLine_fu_1322/grp_alignedtoline_per_layer_loop8_fu_183/mul_78s_108ns_185_3_1_U44/system_top_mul_78s_108ns_185_3_1_Multiplier_1_U/buff0_reg__0 multiplier stage bd_0_i/hls_inst/inst/grp_p_shadowquilt_main_loop_make_verticle_strip_fu_565/grp_makePatch_alignedToLine_fu_1322/grp_alignedtoline_per_layer_loop8_fu_183/mul_78s_108ns_185_3_1_U44/system_top_mul_78s_108ns_185_3_1_Multiplier_1_U/buff0_reg__0/P[47:0] is not pipelined (MREG=0). Pipelining the multiplier function will improve performance and will save significant power so it is suggested whenever possible to fully pipeline this function.  If this multiplier was inferred, it is suggested to describe an additional register stage after this function.  If there is no registered adder/accumulator following the multiply function, two pipeline stages are suggested to allow both the MREG and PREG registers to be used.  If the DSP48 was instantiated in the design, it is suggested to set both the MREG and PREG attributes to 1 when performing multiply functions.
Related violations: <none>

DPOP-2#17 Warning
MREG Output pipelining  
DSP bd_0_i/hls_inst/inst/grp_p_shadowquilt_main_loop_make_verticle_strip_fu_565/grp_makePatch_alignedToLine_fu_1322/grp_alignedtoline_per_layer_loop8_fu_183/mul_78s_108ns_185_3_1_U44/system_top_mul_78s_108ns_185_3_1_Multiplier_1_U/buff0_reg__1 multiplier stage bd_0_i/hls_inst/inst/grp_p_shadowquilt_main_loop_make_verticle_strip_fu_565/grp_makePatch_alignedToLine_fu_1322/grp_alignedtoline_per_layer_loop8_fu_183/mul_78s_108ns_185_3_1_U44/system_top_mul_78s_108ns_185_3_1_Multiplier_1_U/buff0_reg__1/P[47:0] is not pipelined (MREG=0). Pipelining the multiplier function will improve performance and will save significant power so it is suggested whenever possible to fully pipeline this function.  If this multiplier was inferred, it is suggested to describe an additional register stage after this function.  If there is no registered adder/accumulator following the multiply function, two pipeline stages are suggested to allow both the MREG and PREG registers to be used.  If the DSP48 was instantiated in the design, it is suggested to set both the MREG and PREG attributes to 1 when performing multiply functions.
Related violations: <none>

DPOP-2#18 Warning
MREG Output pipelining  
DSP bd_0_i/hls_inst/inst/grp_p_shadowquilt_main_loop_make_verticle_strip_fu_565/grp_makePatch_alignedToLine_fu_1322/grp_alignedtoline_per_layer_loop8_fu_183/mul_78s_108ns_185_3_1_U44/system_top_mul_78s_108ns_185_3_1_Multiplier_1_U/buff0_reg__2 multiplier stage bd_0_i/hls_inst/inst/grp_p_shadowquilt_main_loop_make_verticle_strip_fu_565/grp_makePatch_alignedToLine_fu_1322/grp_alignedtoline_per_layer_loop8_fu_183/mul_78s_108ns_185_3_1_U44/system_top_mul_78s_108ns_185_3_1_Multiplier_1_U/buff0_reg__2/P[47:0] is not pipelined (MREG=0). Pipelining the multiplier function will improve performance and will save significant power so it is suggested whenever possible to fully pipeline this function.  If this multiplier was inferred, it is suggested to describe an additional register stage after this function.  If there is no registered adder/accumulator following the multiply function, two pipeline stages are suggested to allow both the MREG and PREG registers to be used.  If the DSP48 was instantiated in the design, it is suggested to set both the MREG and PREG attributes to 1 when performing multiply functions.
Related violations: <none>

DPOP-2#19 Warning
MREG Output pipelining  
DSP bd_0_i/hls_inst/inst/grp_p_shadowquilt_main_loop_make_verticle_strip_fu_565/grp_makePatch_alignedToLine_fu_1322/grp_alignedtoline_per_layer_loop8_fu_183/mul_78s_108ns_185_3_1_U44/system_top_mul_78s_108ns_185_3_1_Multiplier_1_U/buff0_reg__3 multiplier stage bd_0_i/hls_inst/inst/grp_p_shadowquilt_main_loop_make_verticle_strip_fu_565/grp_makePatch_alignedToLine_fu_1322/grp_alignedtoline_per_layer_loop8_fu_183/mul_78s_108ns_185_3_1_U44/system_top_mul_78s_108ns_185_3_1_Multiplier_1_U/buff0_reg__3/P[47:0] is not pipelined (MREG=0). Pipelining the multiplier function will improve performance and will save significant power so it is suggested whenever possible to fully pipeline this function.  If this multiplier was inferred, it is suggested to describe an additional register stage after this function.  If there is no registered adder/accumulator following the multiply function, two pipeline stages are suggested to allow both the MREG and PREG registers to be used.  If the DSP48 was instantiated in the design, it is suggested to set both the MREG and PREG attributes to 1 when performing multiply functions.
Related violations: <none>

DPOP-2#20 Warning
MREG Output pipelining  
DSP bd_0_i/hls_inst/inst/grp_p_shadowquilt_main_loop_make_verticle_strip_fu_565/grp_makePatch_alignedToLine_fu_1322/grp_alignedtoline_per_layer_loop8_fu_183/mul_78s_108ns_185_3_1_U44/system_top_mul_78s_108ns_185_3_1_Multiplier_1_U/buff0_reg__4 multiplier stage bd_0_i/hls_inst/inst/grp_p_shadowquilt_main_loop_make_verticle_strip_fu_565/grp_makePatch_alignedToLine_fu_1322/grp_alignedtoline_per_layer_loop8_fu_183/mul_78s_108ns_185_3_1_U44/system_top_mul_78s_108ns_185_3_1_Multiplier_1_U/buff0_reg__4/P[47:0] is not pipelined (MREG=0). Pipelining the multiplier function will improve performance and will save significant power so it is suggested whenever possible to fully pipeline this function.  If this multiplier was inferred, it is suggested to describe an additional register stage after this function.  If there is no registered adder/accumulator following the multiply function, two pipeline stages are suggested to allow both the MREG and PREG registers to be used.  If the DSP48 was instantiated in the design, it is suggested to set both the MREG and PREG attributes to 1 when performing multiply functions.
Related violations: <none>

DPOP-2#21 Warning
MREG Output pipelining  
DSP bd_0_i/hls_inst/inst/grp_p_shadowquilt_main_loop_make_verticle_strip_fu_565/grp_makePatch_alignedToLine_fu_1322/grp_alignedtoline_per_layer_loop8_fu_183/mul_78s_108ns_185_3_1_U44/system_top_mul_78s_108ns_185_3_1_Multiplier_1_U/buff0_reg__5 multiplier stage bd_0_i/hls_inst/inst/grp_p_shadowquilt_main_loop_make_verticle_strip_fu_565/grp_makePatch_alignedToLine_fu_1322/grp_alignedtoline_per_layer_loop8_fu_183/mul_78s_108ns_185_3_1_U44/system_top_mul_78s_108ns_185_3_1_Multiplier_1_U/buff0_reg__5/P[47:0] is not pipelined (MREG=0). Pipelining the multiplier function will improve performance and will save significant power so it is suggested whenever possible to fully pipeline this function.  If this multiplier was inferred, it is suggested to describe an additional register stage after this function.  If there is no registered adder/accumulator following the multiply function, two pipeline stages are suggested to allow both the MREG and PREG registers to be used.  If the DSP48 was instantiated in the design, it is suggested to set both the MREG and PREG attributes to 1 when performing multiply functions.
Related violations: <none>

DPOP-2#22 Warning
MREG Output pipelining  
DSP bd_0_i/hls_inst/inst/grp_p_shadowquilt_main_loop_make_verticle_strip_fu_565/grp_makePatch_alignedToLine_fu_1322/grp_alignedtoline_per_layer_loop8_fu_183/mul_78s_108ns_185_3_1_U44/system_top_mul_78s_108ns_185_3_1_Multiplier_1_U/buff0_reg__6 multiplier stage bd_0_i/hls_inst/inst/grp_p_shadowquilt_main_loop_make_verticle_strip_fu_565/grp_makePatch_alignedToLine_fu_1322/grp_alignedtoline_per_layer_loop8_fu_183/mul_78s_108ns_185_3_1_U44/system_top_mul_78s_108ns_185_3_1_Multiplier_1_U/buff0_reg__6/P[47:0] is not pipelined (MREG=0). Pipelining the multiplier function will improve performance and will save significant power so it is suggested whenever possible to fully pipeline this function.  If this multiplier was inferred, it is suggested to describe an additional register stage after this function.  If there is no registered adder/accumulator following the multiply function, two pipeline stages are suggested to allow both the MREG and PREG registers to be used.  If the DSP48 was instantiated in the design, it is suggested to set both the MREG and PREG attributes to 1 when performing multiply functions.
Related violations: <none>

DPOP-2#23 Warning
MREG Output pipelining  
DSP bd_0_i/hls_inst/inst/grp_p_shadowquilt_main_loop_make_verticle_strip_fu_565/grp_makePatch_alignedToLine_fu_1322/grp_alignedtoline_per_layer_loop8_fu_183/mul_78s_108ns_185_3_1_U44/system_top_mul_78s_108ns_185_3_1_Multiplier_1_U/tmp_product multiplier stage bd_0_i/hls_inst/inst/grp_p_shadowquilt_main_loop_make_verticle_strip_fu_565/grp_makePatch_alignedToLine_fu_1322/grp_alignedtoline_per_layer_loop8_fu_183/mul_78s_108ns_185_3_1_U44/system_top_mul_78s_108ns_185_3_1_Multiplier_1_U/tmp_product/P[47:0] is not pipelined (MREG=0). Pipelining the multiplier function will improve performance and will save significant power so it is suggested whenever possible to fully pipeline this function.  If this multiplier was inferred, it is suggested to describe an additional register stage after this function.  If there is no registered adder/accumulator following the multiply function, two pipeline stages are suggested to allow both the MREG and PREG registers to be used.  If the DSP48 was instantiated in the design, it is suggested to set both the MREG and PREG attributes to 1 when performing multiply functions.
Related violations: <none>

DPOP-2#24 Warning
MREG Output pipelining  
DSP bd_0_i/hls_inst/inst/grp_p_shadowquilt_main_loop_make_verticle_strip_fu_565/grp_makePatch_alignedToLine_fu_1322/grp_alignedtoline_per_layer_loop8_fu_183/mul_78s_108ns_185_3_1_U44/system_top_mul_78s_108ns_185_3_1_Multiplier_1_U/tmp_product__11 multiplier stage bd_0_i/hls_inst/inst/grp_p_shadowquilt_main_loop_make_verticle_strip_fu_565/grp_makePatch_alignedToLine_fu_1322/grp_alignedtoline_per_layer_loop8_fu_183/mul_78s_108ns_185_3_1_U44/system_top_mul_78s_108ns_185_3_1_Multiplier_1_U/tmp_product__11/P[47:0] is not pipelined (MREG=0). Pipelining the multiplier function will improve performance and will save significant power so it is suggested whenever possible to fully pipeline this function.  If this multiplier was inferred, it is suggested to describe an additional register stage after this function.  If there is no registered adder/accumulator following the multiply function, two pipeline stages are suggested to allow both the MREG and PREG registers to be used.  If the DSP48 was instantiated in the design, it is suggested to set both the MREG and PREG attributes to 1 when performing multiply functions.
Related violations: <none>

DPOP-2#25 Warning
MREG Output pipelining  
DSP bd_0_i/hls_inst/inst/grp_p_shadowquilt_main_loop_make_verticle_strip_fu_565/grp_makePatch_alignedToLine_fu_1322/grp_alignedtoline_per_layer_loop8_fu_183/mul_78s_108ns_185_3_1_U44/system_top_mul_78s_108ns_185_3_1_Multiplier_1_U/tmp_product__13 multiplier stage bd_0_i/hls_inst/inst/grp_p_shadowquilt_main_loop_make_verticle_strip_fu_565/grp_makePatch_alignedToLine_fu_1322/grp_alignedtoline_per_layer_loop8_fu_183/mul_78s_108ns_185_3_1_U44/system_top_mul_78s_108ns_185_3_1_Multiplier_1_U/tmp_product__13/P[47:0] is not pipelined (MREG=0). Pipelining the multiplier function will improve performance and will save significant power so it is suggested whenever possible to fully pipeline this function.  If this multiplier was inferred, it is suggested to describe an additional register stage after this function.  If there is no registered adder/accumulator following the multiply function, two pipeline stages are suggested to allow both the MREG and PREG registers to be used.  If the DSP48 was instantiated in the design, it is suggested to set both the MREG and PREG attributes to 1 when performing multiply functions.
Related violations: <none>

DPOP-2#26 Warning
MREG Output pipelining  
DSP bd_0_i/hls_inst/inst/grp_p_shadowquilt_main_loop_make_verticle_strip_fu_565/grp_makePatch_alignedToLine_fu_1322/grp_alignedtoline_per_layer_loop8_fu_183/mul_78s_108ns_185_3_1_U44/system_top_mul_78s_108ns_185_3_1_Multiplier_1_U/tmp_product__16 multiplier stage bd_0_i/hls_inst/inst/grp_p_shadowquilt_main_loop_make_verticle_strip_fu_565/grp_makePatch_alignedToLine_fu_1322/grp_alignedtoline_per_layer_loop8_fu_183/mul_78s_108ns_185_3_1_U44/system_top_mul_78s_108ns_185_3_1_Multiplier_1_U/tmp_product__16/P[47:0] is not pipelined (MREG=0). Pipelining the multiplier function will improve performance and will save significant power so it is suggested whenever possible to fully pipeline this function.  If this multiplier was inferred, it is suggested to describe an additional register stage after this function.  If there is no registered adder/accumulator following the multiply function, two pipeline stages are suggested to allow both the MREG and PREG registers to be used.  If the DSP48 was instantiated in the design, it is suggested to set both the MREG and PREG attributes to 1 when performing multiply functions.
Related violations: <none>

DPOP-2#27 Warning
MREG Output pipelining  
DSP bd_0_i/hls_inst/inst/grp_p_shadowquilt_main_loop_make_verticle_strip_fu_565/grp_makePatch_alignedToLine_fu_1322/grp_alignedtoline_per_layer_loop8_fu_183/mul_78s_108ns_185_3_1_U44/system_top_mul_78s_108ns_185_3_1_Multiplier_1_U/tmp_product__18 multiplier stage bd_0_i/hls_inst/inst/grp_p_shadowquilt_main_loop_make_verticle_strip_fu_565/grp_makePatch_alignedToLine_fu_1322/grp_alignedtoline_per_layer_loop8_fu_183/mul_78s_108ns_185_3_1_U44/system_top_mul_78s_108ns_185_3_1_Multiplier_1_U/tmp_product__18/P[47:0] is not pipelined (MREG=0). Pipelining the multiplier function will improve performance and will save significant power so it is suggested whenever possible to fully pipeline this function.  If this multiplier was inferred, it is suggested to describe an additional register stage after this function.  If there is no registered adder/accumulator following the multiply function, two pipeline stages are suggested to allow both the MREG and PREG registers to be used.  If the DSP48 was instantiated in the design, it is suggested to set both the MREG and PREG attributes to 1 when performing multiply functions.
Related violations: <none>

DPOP-2#28 Warning
MREG Output pipelining  
DSP bd_0_i/hls_inst/inst/grp_p_shadowquilt_main_loop_make_verticle_strip_fu_565/grp_makePatch_alignedToLine_fu_1322/grp_alignedtoline_per_layer_loop8_fu_183/mul_78s_108ns_185_3_1_U44/system_top_mul_78s_108ns_185_3_1_Multiplier_1_U/tmp_product__2 multiplier stage bd_0_i/hls_inst/inst/grp_p_shadowquilt_main_loop_make_verticle_strip_fu_565/grp_makePatch_alignedToLine_fu_1322/grp_alignedtoline_per_layer_loop8_fu_183/mul_78s_108ns_185_3_1_U44/system_top_mul_78s_108ns_185_3_1_Multiplier_1_U/tmp_product__2/P[47:0] is not pipelined (MREG=0). Pipelining the multiplier function will improve performance and will save significant power so it is suggested whenever possible to fully pipeline this function.  If this multiplier was inferred, it is suggested to describe an additional register stage after this function.  If there is no registered adder/accumulator following the multiply function, two pipeline stages are suggested to allow both the MREG and PREG registers to be used.  If the DSP48 was instantiated in the design, it is suggested to set both the MREG and PREG attributes to 1 when performing multiply functions.
Related violations: <none>

DPOP-2#29 Warning
MREG Output pipelining  
DSP bd_0_i/hls_inst/inst/grp_p_shadowquilt_main_loop_make_verticle_strip_fu_565/grp_makePatch_alignedToLine_fu_1322/grp_alignedtoline_per_layer_loop8_fu_183/mul_78s_108ns_185_3_1_U44/system_top_mul_78s_108ns_185_3_1_Multiplier_1_U/tmp_product__20 multiplier stage bd_0_i/hls_inst/inst/grp_p_shadowquilt_main_loop_make_verticle_strip_fu_565/grp_makePatch_alignedToLine_fu_1322/grp_alignedtoline_per_layer_loop8_fu_183/mul_78s_108ns_185_3_1_U44/system_top_mul_78s_108ns_185_3_1_Multiplier_1_U/tmp_product__20/P[47:0] is not pipelined (MREG=0). Pipelining the multiplier function will improve performance and will save significant power so it is suggested whenever possible to fully pipeline this function.  If this multiplier was inferred, it is suggested to describe an additional register stage after this function.  If there is no registered adder/accumulator following the multiply function, two pipeline stages are suggested to allow both the MREG and PREG registers to be used.  If the DSP48 was instantiated in the design, it is suggested to set both the MREG and PREG attributes to 1 when performing multiply functions.
Related violations: <none>

DPOP-2#30 Warning
MREG Output pipelining  
DSP bd_0_i/hls_inst/inst/grp_p_shadowquilt_main_loop_make_verticle_strip_fu_565/grp_straightLineProjectorFromLayerIJtoK_fu_1404/mul_33s_32s_52_1_1_U75/system_top_mul_33s_32s_52_1_1_Multiplier_2_U/p multiplier stage bd_0_i/hls_inst/inst/grp_p_shadowquilt_main_loop_make_verticle_strip_fu_565/grp_straightLineProjectorFromLayerIJtoK_fu_1404/mul_33s_32s_52_1_1_U75/system_top_mul_33s_32s_52_1_1_Multiplier_2_U/p/P[47:0] is not pipelined (MREG=0). Pipelining the multiplier function will improve performance and will save significant power so it is suggested whenever possible to fully pipeline this function.  If this multiplier was inferred, it is suggested to describe an additional register stage after this function.  If there is no registered adder/accumulator following the multiply function, two pipeline stages are suggested to allow both the MREG and PREG registers to be used.  If the DSP48 was instantiated in the design, it is suggested to set both the MREG and PREG attributes to 1 when performing multiply functions.
Related violations: <none>

DPOP-2#31 Warning
MREG Output pipelining  
DSP bd_0_i/hls_inst/inst/grp_p_shadowquilt_main_loop_make_verticle_strip_fu_565/grp_straightLineProjectorFromLayerIJtoK_fu_1404/mul_33s_32s_52_1_1_U75/system_top_mul_33s_32s_52_1_1_Multiplier_2_U/p__0 multiplier stage bd_0_i/hls_inst/inst/grp_p_shadowquilt_main_loop_make_verticle_strip_fu_565/grp_straightLineProjectorFromLayerIJtoK_fu_1404/mul_33s_32s_52_1_1_U75/system_top_mul_33s_32s_52_1_1_Multiplier_2_U/p__0/P[47:0] is not pipelined (MREG=0). Pipelining the multiplier function will improve performance and will save significant power so it is suggested whenever possible to fully pipeline this function.  If this multiplier was inferred, it is suggested to describe an additional register stage after this function.  If there is no registered adder/accumulator following the multiply function, two pipeline stages are suggested to allow both the MREG and PREG registers to be used.  If the DSP48 was instantiated in the design, it is suggested to set both the MREG and PREG attributes to 1 when performing multiply functions.
Related violations: <none>

DPOP-2#32 Warning
MREG Output pipelining  
DSP bd_0_i/hls_inst/inst/grp_p_shadowquilt_main_loop_make_verticle_strip_fu_565/grp_straightLineProjectorFromLayerIJtoK_fu_1404/r_V_1_reg_378_reg multiplier stage bd_0_i/hls_inst/inst/grp_p_shadowquilt_main_loop_make_verticle_strip_fu_565/grp_straightLineProjectorFromLayerIJtoK_fu_1404/r_V_1_reg_378_reg/P[47:0] is not pipelined (MREG=0). Pipelining the multiplier function will improve performance and will save significant power so it is suggested whenever possible to fully pipeline this function.  If this multiplier was inferred, it is suggested to describe an additional register stage after this function.  If there is no registered adder/accumulator following the multiply function, two pipeline stages are suggested to allow both the MREG and PREG registers to be used.  If the DSP48 was instantiated in the design, it is suggested to set both the MREG and PREG attributes to 1 when performing multiply functions.
Related violations: <none>

DPOP-2#33 Warning
MREG Output pipelining  
DSP bd_0_i/hls_inst/inst/grp_p_shadowquilt_main_loop_make_verticle_strip_fu_565/grp_straightLineProjectorFromLayerIJtoK_fu_1404/r_V_1_reg_378_reg__0 multiplier stage bd_0_i/hls_inst/inst/grp_p_shadowquilt_main_loop_make_verticle_strip_fu_565/grp_straightLineProjectorFromLayerIJtoK_fu_1404/r_V_1_reg_378_reg__0/P[47:0] is not pipelined (MREG=0). Pipelining the multiplier function will improve performance and will save significant power so it is suggested whenever possible to fully pipeline this function.  If this multiplier was inferred, it is suggested to describe an additional register stage after this function.  If there is no registered adder/accumulator following the multiply function, two pipeline stages are suggested to allow both the MREG and PREG registers to be used.  If the DSP48 was instantiated in the design, it is suggested to set both the MREG and PREG attributes to 1 when performing multiply functions.
Related violations: <none>

DPOP-2#34 Warning
MREG Output pipelining  
DSP bd_0_i/hls_inst/inst/grp_p_shadowquilt_main_loop_make_verticle_strip_fu_565/grp_straightLineProjectorFromLayerIJtoK_fu_1429/mul_33s_32s_52_1_1_U75/system_top_mul_33s_32s_52_1_1_Multiplier_2_U/p multiplier stage bd_0_i/hls_inst/inst/grp_p_shadowquilt_main_loop_make_verticle_strip_fu_565/grp_straightLineProjectorFromLayerIJtoK_fu_1429/mul_33s_32s_52_1_1_U75/system_top_mul_33s_32s_52_1_1_Multiplier_2_U/p/P[47:0] is not pipelined (MREG=0). Pipelining the multiplier function will improve performance and will save significant power so it is suggested whenever possible to fully pipeline this function.  If this multiplier was inferred, it is suggested to describe an additional register stage after this function.  If there is no registered adder/accumulator following the multiply function, two pipeline stages are suggested to allow both the MREG and PREG registers to be used.  If the DSP48 was instantiated in the design, it is suggested to set both the MREG and PREG attributes to 1 when performing multiply functions.
Related violations: <none>

DPOP-2#35 Warning
MREG Output pipelining  
DSP bd_0_i/hls_inst/inst/grp_p_shadowquilt_main_loop_make_verticle_strip_fu_565/grp_straightLineProjectorFromLayerIJtoK_fu_1429/mul_33s_32s_52_1_1_U75/system_top_mul_33s_32s_52_1_1_Multiplier_2_U/p__0 multiplier stage bd_0_i/hls_inst/inst/grp_p_shadowquilt_main_loop_make_verticle_strip_fu_565/grp_straightLineProjectorFromLayerIJtoK_fu_1429/mul_33s_32s_52_1_1_U75/system_top_mul_33s_32s_52_1_1_Multiplier_2_U/p__0/P[47:0] is not pipelined (MREG=0). Pipelining the multiplier function will improve performance and will save significant power so it is suggested whenever possible to fully pipeline this function.  If this multiplier was inferred, it is suggested to describe an additional register stage after this function.  If there is no registered adder/accumulator following the multiply function, two pipeline stages are suggested to allow both the MREG and PREG registers to be used.  If the DSP48 was instantiated in the design, it is suggested to set both the MREG and PREG attributes to 1 when performing multiply functions.
Related violations: <none>

DPOP-2#36 Warning
MREG Output pipelining  
DSP bd_0_i/hls_inst/inst/grp_p_shadowquilt_main_loop_make_verticle_strip_fu_565/grp_straightLineProjectorFromLayerIJtoK_fu_1429/r_V_1_reg_378_reg multiplier stage bd_0_i/hls_inst/inst/grp_p_shadowquilt_main_loop_make_verticle_strip_fu_565/grp_straightLineProjectorFromLayerIJtoK_fu_1429/r_V_1_reg_378_reg/P[47:0] is not pipelined (MREG=0). Pipelining the multiplier function will improve performance and will save significant power so it is suggested whenever possible to fully pipeline this function.  If this multiplier was inferred, it is suggested to describe an additional register stage after this function.  If there is no registered adder/accumulator following the multiply function, two pipeline stages are suggested to allow both the MREG and PREG registers to be used.  If the DSP48 was instantiated in the design, it is suggested to set both the MREG and PREG attributes to 1 when performing multiply functions.
Related violations: <none>

DPOP-2#37 Warning
MREG Output pipelining  
DSP bd_0_i/hls_inst/inst/grp_p_shadowquilt_main_loop_make_verticle_strip_fu_565/grp_straightLineProjectorFromLayerIJtoK_fu_1429/r_V_1_reg_378_reg__0 multiplier stage bd_0_i/hls_inst/inst/grp_p_shadowquilt_main_loop_make_verticle_strip_fu_565/grp_straightLineProjectorFromLayerIJtoK_fu_1429/r_V_1_reg_378_reg__0/P[47:0] is not pipelined (MREG=0). Pipelining the multiplier function will improve performance and will save significant power so it is suggested whenever possible to fully pipeline this function.  If this multiplier was inferred, it is suggested to describe an additional register stage after this function.  If there is no registered adder/accumulator following the multiply function, two pipeline stages are suggested to allow both the MREG and PREG registers to be used.  If the DSP48 was instantiated in the design, it is suggested to set both the MREG and PREG attributes to 1 when performing multiply functions.
Related violations: <none>

DPOP-2#38 Warning
MREG Output pipelining  
DSP bd_0_i/hls_inst/inst/grp_p_shadowquilt_main_loop_make_verticle_strip_fu_565/mul_33s_32s_64_1_1_U130/system_top_mul_33s_32s_64_1_1_Multiplier_3_U/p multiplier stage bd_0_i/hls_inst/inst/grp_p_shadowquilt_main_loop_make_verticle_strip_fu_565/mul_33s_32s_64_1_1_U130/system_top_mul_33s_32s_64_1_1_Multiplier_3_U/p/P[47:0] is not pipelined (MREG=0). Pipelining the multiplier function will improve performance and will save significant power so it is suggested whenever possible to fully pipeline this function.  If this multiplier was inferred, it is suggested to describe an additional register stage after this function.  If there is no registered adder/accumulator following the multiply function, two pipeline stages are suggested to allow both the MREG and PREG registers to be used.  If the DSP48 was instantiated in the design, it is suggested to set both the MREG and PREG attributes to 1 when performing multiply functions.
Related violations: <none>

DPOP-2#39 Warning
MREG Output pipelining  
DSP bd_0_i/hls_inst/inst/grp_p_shadowquilt_main_loop_make_verticle_strip_fu_565/mul_33s_32s_64_1_1_U130/system_top_mul_33s_32s_64_1_1_Multiplier_3_U/p__0 multiplier stage bd_0_i/hls_inst/inst/grp_p_shadowquilt_main_loop_make_verticle_strip_fu_565/mul_33s_32s_64_1_1_U130/system_top_mul_33s_32s_64_1_1_Multiplier_3_U/p__0/P[47:0] is not pipelined (MREG=0). Pipelining the multiplier function will improve performance and will save significant power so it is suggested whenever possible to fully pipeline this function.  If this multiplier was inferred, it is suggested to describe an additional register stage after this function.  If there is no registered adder/accumulator following the multiply function, two pipeline stages are suggested to allow both the MREG and PREG registers to be used.  If the DSP48 was instantiated in the design, it is suggested to set both the MREG and PREG attributes to 1 when performing multiply functions.
Related violations: <none>

DPOP-2#40 Warning
MREG Output pipelining  
DSP bd_0_i/hls_inst/inst/grp_p_shadowquilt_main_loop_make_verticle_strip_fu_565/mul_33s_32s_64_1_1_U130/system_top_mul_33s_32s_64_1_1_Multiplier_3_U/p__1 multiplier stage bd_0_i/hls_inst/inst/grp_p_shadowquilt_main_loop_make_verticle_strip_fu_565/mul_33s_32s_64_1_1_U130/system_top_mul_33s_32s_64_1_1_Multiplier_3_U/p__1/P[47:0] is not pipelined (MREG=0). Pipelining the multiplier function will improve performance and will save significant power so it is suggested whenever possible to fully pipeline this function.  If this multiplier was inferred, it is suggested to describe an additional register stage after this function.  If there is no registered adder/accumulator following the multiply function, two pipeline stages are suggested to allow both the MREG and PREG registers to be used.  If the DSP48 was instantiated in the design, it is suggested to set both the MREG and PREG attributes to 1 when performing multiply functions.
Related violations: <none>

DPOP-2#41 Warning
MREG Output pipelining  
DSP bd_0_i/hls_inst/inst/grp_p_shadowquilt_main_loop_make_verticle_strip_fu_565/mul_33s_32s_64_1_1_U130/system_top_mul_33s_32s_64_1_1_Multiplier_3_U/p__2 multiplier stage bd_0_i/hls_inst/inst/grp_p_shadowquilt_main_loop_make_verticle_strip_fu_565/mul_33s_32s_64_1_1_U130/system_top_mul_33s_32s_64_1_1_Multiplier_3_U/p__2/P[47:0] is not pipelined (MREG=0). Pipelining the multiplier function will improve performance and will save significant power so it is suggested whenever possible to fully pipeline this function.  If this multiplier was inferred, it is suggested to describe an additional register stage after this function.  If there is no registered adder/accumulator following the multiply function, two pipeline stages are suggested to allow both the MREG and PREG registers to be used.  If the DSP48 was instantiated in the design, it is suggested to set both the MREG and PREG attributes to 1 when performing multiply functions.
Related violations: <none>

ZPS7-1#1 Warning
PS7 block required  
The PS7 cell must be used in this Zynq design in order to enable correct default configuration.
Related violations: <none>

AVAL-4#1 Advisory
enum_USE_DPORT_FALSE_enum_DREG_ADREG_0_connects_CED_CEAD_RSTD_GND  
bd_0_i/hls_inst/inst/grp_p_shadowquilt_main_loop_make_verticle_strip_fu_565/grp_makePatch_alignedToLine_fu_1322/grp_alignedtoline_per_layer_loop8_fu_183/grp_p_find_boundaries_and_starting_index_and_value9_fu_922/p_find_left_and_right_boundaries11_U0/faddfsub_32ns_32ns_32_4_full_dsp_1_U6/system_top_ap_faddfsub_2_full_dsp_32_u/inst/i_synth/ADDSUB_OP.ADDSUB/DSP.OP/DSP48E1_BODY.NORM_RND/FULL_USAGE_DSP.SHIFT_RND/i_no_versal_es1_workaround.DSP: DSP48E1 is not using the D port (USE_DPORT = FALSE). For improved power characteristics, set DREG and ADREG to '1', tie CED, CEAD, and RSTD to logic '0'.
Related violations: <none>

AVAL-4#2 Advisory
enum_USE_DPORT_FALSE_enum_DREG_ADREG_0_connects_CED_CEAD_RSTD_GND  
bd_0_i/hls_inst/inst/grp_p_shadowquilt_main_loop_make_verticle_strip_fu_565/grp_makePatch_alignedToLine_fu_1322/grp_alignedtoline_per_layer_loop8_fu_183/grp_p_find_boundaries_and_starting_index_and_value9_fu_922/p_find_starting_index_and_value10_U0/fsub_32ns_32ns_32_4_full_dsp_1_U19/system_top_ap_fsub_2_full_dsp_32_u/inst/i_synth/ADDSUB_OP.ADDSUB/DSP.OP/DSP48E1_BODY.NORM_RND/FULL_USAGE_DSP.SHIFT_RND/i_no_versal_es1_workaround.DSP: DSP48E1 is not using the D port (USE_DPORT = FALSE). For improved power characteristics, set DREG and ADREG to '1', tie CED, CEAD, and RSTD to logic '0'.
Related violations: <none>


