

================================================================
== Synthesis Summary Report of 'system_top'
================================================================
+ General Information: 
    * Date:           Sun Feb 11 13:13:44 2024
    * Version:        2020.2 (Build 3064766 on Wed Nov 18 09:12:45 MST 2020)
    * Project:        ParticleCoverHLS
    * Solution:       solution2 (Vivado IP Flow Target)
    * Product family: virtexuplus
    * Target device:  xcvu11p-flga2577-1-e
    

+ Performance & Resource Estimates: 
    
    PS: '+' for module; 'o' for loop; '*' for dataflow
    +--------------------------------------------+------+-------+---------+--------+----------+---------+------+----------+---------+---------+-------------+------------+-----+
    |                   Modules                  | Issue|       | Latency | Latency| Iteration|         | Trip |          |         |         |             |            |     |
    |                   & Loops                  | Type | Slack | (cycles)|  (ns)  |  Latency | Interval| Count| Pipelined|  BRAM   |   DSP   |      FF     |     LUT    | URAM|
    +--------------------------------------------+------+-------+---------+--------+----------+---------+------+----------+---------+---------+-------------+------------+-----+
    |+ system_top                                |     -|  -0.29|        -|       -|         -|        -|     -|        no|  82 (2%)|  4 (~0%)|  227554 (8%)|  48768 (3%)|    -|
    | + grp_dataset_add_boundary_point_fu_50522  |     -|  -0.29|        -|       -|         -|        -|     -|        no|        -|  3 (~0%)|   1787 (~0%)|  2210 (~0%)|    -|
    |  o VITIS_LOOP_60_1                         |    II|  -7.30|        -|       -|         6|        2|     -|       yes|        -|        -|            -|           -|    -|
    |  o VITIS_LOOP_77_2                         |     -|  -7.30|        -|       -|         -|        -|     -|        no|        -|        -|            -|           -|    -|
    |   o VITIS_LOOP_84_3                        |     -|  -7.30|        -|       -|         -|        -|     -|        no|        -|        -|            -|           -|    -|
    |    o VITIS_LOOP_85_4                       |    II|  -7.30|        -|       -|         4|        3|     -|       yes|        -|        -|            -|           -|    -|
    |  o VITIS_LOOP_97_5                         |     -|  -7.30|        -|       -|         5|        1|     -|       yes|        -|        -|            -|           -|    -|
    | o VITIS_LOOP_10_1                          |     -|  -7.30|        5|  50.000|         1|        1|     5|       yes|        -|        -|            -|           -|    -|
    | o VITIS_LOOP_24_1                          |     -|  -7.30|        -|       -|         5|        1|     -|       yes|        -|        -|            -|           -|    -|
    | o VITIS_LOOP_34_2                          |     -|  -7.30|        -|       -|         -|        -|     -|        no|        -|        -|            -|           -|    -|
    |  o VITIS_LOOP_41_3                         |     -|  -7.30|        -|       -|         -|        -|     -|        no|        -|        -|            -|           -|    -|
    |   o VITIS_LOOP_42_4                        |    II|  -7.30|        -|       -|         4|        3|     -|       yes|        -|        -|            -|           -|    -|
    +--------------------------------------------+------+-------+---------+--------+----------+---------+------+----------+---------+---------+-------------+------------+-----+

