Copyright 1986-2020 Xilinx, Inc. All Rights Reserved.
------------------------------------------------------------------------------------
| Tool Version : Vivado v.2020.2 (win64) Build 3064766 Wed Nov 18 09:12:45 MST 2020
| Date         : Sat Jul 20 20:47:16 2024
| Host         : OGAS running 64-bit major release  (build 9200)
| Command      : report_timing_summary -file ./report/system_top_timing_synth.rpt
| Design       : bd_0_wrapper
| Device       : 7z030-sbg485
| Speed File   : -3  PRODUCTION 1.12 2019-11-22
------------------------------------------------------------------------------------

Timing Summary Report

------------------------------------------------------------------------------------------------
| Timer Settings
| --------------
------------------------------------------------------------------------------------------------

  Enable Multi Corner Analysis               :  Yes
  Enable Pessimism Removal                   :  Yes
  Pessimism Removal Resolution               :  Nearest Common Node
  Enable Input Delay Default Clock           :  No
  Enable Preset / Clear Arcs                 :  No
  Disable Flight Delays                      :  No
  Ignore I/O Paths                           :  No
  Timing Early Launch at Borrowing Latches   :  No
  Borrow Time for Max Delay Exceptions       :  Yes
  Merge Timing Exceptions                    :  Yes

  Corner  Analyze    Analyze    
  Name    Max Paths  Min Paths  
  ------  ---------  ---------  
  Slow    Yes        Yes        
  Fast    Yes        Yes        



check_timing report

Table of Contents
-----------------
1. checking no_clock (0)
2. checking constant_clock (0)
3. checking pulse_width_clock (0)
4. checking unconstrained_internal_endpoints (0)
5. checking no_input_delay (259)
6. checking no_output_delay (134)
7. checking multiple_clock (0)
8. checking generated_clocks (0)
9. checking loops (0)
10. checking partial_input_delay (0)
11. checking partial_output_delay (0)
12. checking latch_loops (0)

1. checking no_clock (0)
------------------------
 There are 0 register/latch pins with no clock.


2. checking constant_clock (0)
------------------------------
 There are 0 register/latch pins with constant_clock.


3. checking pulse_width_clock (0)
---------------------------------
 There are 0 register/latch pins which need pulse_width check


4. checking unconstrained_internal_endpoints (0)
------------------------------------------------
 There are 0 pins that are not constrained for maximum delay.

 There are 0 pins that are not constrained for maximum delay due to constant clock.


5. checking no_input_delay (259)
--------------------------------
 There are 259 input ports with no input delay specified. (HIGH)

 There are 0 input ports with no input delay but user has a false path constraint.


6. checking no_output_delay (134)
---------------------------------
 There are 134 ports with no output delay specified. (HIGH)

 There are 0 ports with no output delay but user has a false path constraint

 There are 0 ports with no output delay but with a timing clock defined on it or propagating through it


7. checking multiple_clock (0)
------------------------------
 There are 0 register/latch pins with multiple clocks.


8. checking generated_clocks (0)
--------------------------------
 There are 0 generated clocks that are not connected to a clock source.


9. checking loops (0)
---------------------
 There are 0 combinational loops in the design.


10. checking partial_input_delay (0)
------------------------------------
 There are 0 input ports with partial input delay specified.


11. checking partial_output_delay (0)
-------------------------------------
 There are 0 ports with partial output delay specified.


12. checking latch_loops (0)
----------------------------
 There are 0 combinational latch loops in the design through latch input



------------------------------------------------------------------------------------------------
| Design Timing Summary
| ---------------------
------------------------------------------------------------------------------------------------

    WNS(ns)      TNS(ns)  TNS Failing Endpoints  TNS Total Endpoints      WHS(ns)      THS(ns)  THS Failing Endpoints  THS Total Endpoints     WPWS(ns)     TPWS(ns)  TPWS Failing Endpoints  TPWS Total Endpoints  
    -------      -------  ---------------------  -------------------      -------      -------  ---------------------  -------------------     --------     --------  ----------------------  --------------------  
      3.180        0.000                      0                33149        0.058        0.000                      0                33149        4.326        0.000                       0                 16445  


All user specified timing constraints are met.


------------------------------------------------------------------------------------------------
| Clock Summary
| -------------
------------------------------------------------------------------------------------------------

Clock   Waveform(ns)       Period(ns)      Frequency(MHz)
-----   ------------       ----------      --------------
ap_clk  {0.000 5.000}      10.000          100.000         


------------------------------------------------------------------------------------------------
| Intra Clock Table
| -----------------
------------------------------------------------------------------------------------------------

Clock             WNS(ns)      TNS(ns)  TNS Failing Endpoints  TNS Total Endpoints      WHS(ns)      THS(ns)  THS Failing Endpoints  THS Total Endpoints     WPWS(ns)     TPWS(ns)  TPWS Failing Endpoints  TPWS Total Endpoints  
-----             -------      -------  ---------------------  -------------------      -------      -------  ---------------------  -------------------     --------     --------  ----------------------  --------------------  
ap_clk              3.180        0.000                      0                33149        0.058        0.000                      0                33149        4.326        0.000                       0                 16445  


------------------------------------------------------------------------------------------------
| Inter Clock Table
| -----------------
------------------------------------------------------------------------------------------------

From Clock    To Clock          WNS(ns)      TNS(ns)  TNS Failing Endpoints  TNS Total Endpoints      WHS(ns)      THS(ns)  THS Failing Endpoints  THS Total Endpoints  
----------    --------          -------      -------  ---------------------  -------------------      -------      -------  ---------------------  -------------------  


------------------------------------------------------------------------------------------------
| Other Path Groups Table
| -----------------------
------------------------------------------------------------------------------------------------

Path Group    From Clock    To Clock          WNS(ns)      TNS(ns)  TNS Failing Endpoints  TNS Total Endpoints      WHS(ns)      THS(ns)  THS Failing Endpoints  THS Total Endpoints  
----------    ----------    --------          -------      -------  ---------------------  -------------------      -------      -------  ---------------------  -------------------  


------------------------------------------------------------------------------------------------
| Timing Details
| --------------
------------------------------------------------------------------------------------------------


---------------------------------------------------------------------------------------------------
From Clock:  ap_clk
  To Clock:  ap_clk

Setup :            0  Failing Endpoints,  Worst Slack        3.180ns,  Total Violation        0.000ns
Hold  :            0  Failing Endpoints,  Worst Slack        0.058ns,  Total Violation        0.000ns
PW    :            0  Failing Endpoints,  Worst Slack        4.326ns,  Total Violation        0.000ns
---------------------------------------------------------------------------------------------------


Max Delay Paths
--------------------------------------------------------------------------------------
Slack (MET) :             3.180ns  (required time - arrival time)
  Source:                 bd_0_i/hls_inst/inst/grp_p_shadowquilt_main_loop_make_verticle_strip_fu_565/grp_makePatch_alignedToLine_fu_1322/grp_alignedtoline_per_layer_loop8_fu_183/grp_p_find_boundaries_and_starting_index_and_value9_fu_922/p_find_left_and_right_boundaries11_U0/trunc_ln565_2_reg_2793_reg[29]/C
                            (rising edge-triggered cell FDRE clocked by ap_clk  {rise@0.000ns fall@5.000ns period=10.000ns})
  Destination:            bd_0_i/hls_inst/inst/grp_p_shadowquilt_main_loop_make_verticle_strip_fu_565/grp_makePatch_alignedToLine_fu_1322/grp_alignedtoline_per_layer_loop8_fu_183/grp_p_find_boundaries_and_starting_index_and_value9_fu_922/p_find_left_and_right_boundaries11_U0/p_Result_91_reg_2542_reg[0]/D
                            (rising edge-triggered cell FDRE clocked by ap_clk  {rise@0.000ns fall@5.000ns period=10.000ns})
  Path Group:             ap_clk
  Path Type:              Setup (Max at Slow Process Corner)
  Requirement:            10.000ns  (ap_clk rise@10.000ns - ap_clk rise@0.000ns)
  Data Path Delay:        6.800ns  (logic 2.053ns (30.191%)  route 4.747ns (69.809%))
  Logic Levels:           21  (CARRY4=7 LUT1=2 LUT3=1 LUT5=2 LUT6=9)
  Clock Path Skew:        -0.025ns (DCD - SCD + CPR)
    Destination Clock Delay (DCD):    0.483ns = ( 10.483 - 10.000 ) 
    Source Clock Delay      (SCD):    0.508ns
    Clock Pessimism Removal (CPR):    0.000ns
  Clock Uncertainty:      0.035ns  ((TSJ^2 + TIJ^2)^1/2 + DJ) / 2 + PE
    Total System Jitter     (TSJ):    0.071ns
    Total Input Jitter      (TIJ):    0.000ns
    Discrete Jitter          (DJ):    0.000ns
    Phase Error              (PE):    0.000ns

    Location             Delay type                Incr(ns)  Path(ns)    Netlist Resource(s)
  -------------------------------------------------------------------    -------------------
                         (clock ap_clk rise edge)     0.000     0.000 r  
                                                      0.000     0.000 r  ap_clk (IN)
                         net (fo=16460, unset)        0.508     0.508    bd_0_i/hls_inst/inst/grp_p_shadowquilt_main_loop_make_verticle_strip_fu_565/grp_makePatch_alignedToLine_fu_1322/grp_alignedtoline_per_layer_loop8_fu_183/grp_p_find_boundaries_and_starting_index_and_value9_fu_922/p_find_left_and_right_boundaries11_U0/ap_clk
                         FDRE                                         r  bd_0_i/hls_inst/inst/grp_p_shadowquilt_main_loop_make_verticle_strip_fu_565/grp_makePatch_alignedToLine_fu_1322/grp_alignedtoline_per_layer_loop8_fu_183/grp_p_find_boundaries_and_starting_index_and_value9_fu_922/p_find_left_and_right_boundaries11_U0/trunc_ln565_2_reg_2793_reg[29]/C
  -------------------------------------------------------------------    -------------------
                         FDRE (Prop_fdre_C_Q)         0.226     0.734 f  bd_0_i/hls_inst/inst/grp_p_shadowquilt_main_loop_make_verticle_strip_fu_565/grp_makePatch_alignedToLine_fu_1322/grp_alignedtoline_per_layer_loop8_fu_183/grp_p_find_boundaries_and_starting_index_and_value9_fu_922/p_find_left_and_right_boundaries11_U0/trunc_ln565_2_reg_2793_reg[29]/Q
                         net (fo=6, unplaced)         0.204     0.938    bd_0_i/hls_inst/inst/grp_p_shadowquilt_main_loop_make_verticle_strip_fu_565/grp_makePatch_alignedToLine_fu_1322/grp_alignedtoline_per_layer_loop8_fu_183/grp_p_find_boundaries_and_starting_index_and_value9_fu_922/p_find_left_and_right_boundaries11_U0/zext_ln569_2_fu_2151_p1[29]
                         LUT1 (Prop_lut1_I0_O)        0.119     1.057 r  bd_0_i/hls_inst/inst/grp_p_shadowquilt_main_loop_make_verticle_strip_fu_565/grp_makePatch_alignedToLine_fu_1322/grp_alignedtoline_per_layer_loop8_fu_183/grp_p_find_boundaries_and_starting_index_and_value9_fu_922/p_find_left_and_right_boundaries11_U0/m_51_reg_2513[28]_i_24/O
                         net (fo=1, unplaced)         0.173     1.230    bd_0_i/hls_inst/inst/grp_p_shadowquilt_main_loop_make_verticle_strip_fu_565/grp_makePatch_alignedToLine_fu_1322/grp_alignedtoline_per_layer_loop8_fu_183/grp_p_find_boundaries_and_starting_index_and_value9_fu_922/p_find_left_and_right_boundaries11_U0/m_51_reg_2513[28]_i_24_n_17
                         CARRY4 (Prop_carry4_CYINIT_CO[3])
                                                      0.289     1.519 r  bd_0_i/hls_inst/inst/grp_p_shadowquilt_main_loop_make_verticle_strip_fu_565/grp_makePatch_alignedToLine_fu_1322/grp_alignedtoline_per_layer_loop8_fu_183/grp_p_find_boundaries_and_starting_index_and_value9_fu_922/p_find_left_and_right_boundaries11_U0/m_51_reg_2513_reg[28]_i_13/CO[3]
                         net (fo=1, unplaced)         0.000     1.519    bd_0_i/hls_inst/inst/grp_p_shadowquilt_main_loop_make_verticle_strip_fu_565/grp_makePatch_alignedToLine_fu_1322/grp_alignedtoline_per_layer_loop8_fu_183/grp_p_find_boundaries_and_starting_index_and_value9_fu_922/p_find_left_and_right_boundaries11_U0/m_51_reg_2513_reg[28]_i_13_n_17
                         CARRY4 (Prop_carry4_CI_CO[3])
                                                      0.050     1.569 r  bd_0_i/hls_inst/inst/grp_p_shadowquilt_main_loop_make_verticle_strip_fu_565/grp_makePatch_alignedToLine_fu_1322/grp_alignedtoline_per_layer_loop8_fu_183/grp_p_find_boundaries_and_starting_index_and_value9_fu_922/p_find_left_and_right_boundaries11_U0/m_51_reg_2513_reg[0]_i_44/CO[3]
                         net (fo=1, unplaced)         0.000     1.569    bd_0_i/hls_inst/inst/grp_p_shadowquilt_main_loop_make_verticle_strip_fu_565/grp_makePatch_alignedToLine_fu_1322/grp_alignedtoline_per_layer_loop8_fu_183/grp_p_find_boundaries_and_starting_index_and_value9_fu_922/p_find_left_and_right_boundaries11_U0/m_51_reg_2513_reg[0]_i_44_n_17
                         CARRY4 (Prop_carry4_CI_CO[3])
                                                      0.050     1.619 r  bd_0_i/hls_inst/inst/grp_p_shadowquilt_main_loop_make_verticle_strip_fu_565/grp_makePatch_alignedToLine_fu_1322/grp_alignedtoline_per_layer_loop8_fu_183/grp_p_find_boundaries_and_starting_index_and_value9_fu_922/p_find_left_and_right_boundaries11_U0/m_51_reg_2513_reg[0]_i_41/CO[3]
                         net (fo=1, unplaced)         0.000     1.619    bd_0_i/hls_inst/inst/grp_p_shadowquilt_main_loop_make_verticle_strip_fu_565/grp_makePatch_alignedToLine_fu_1322/grp_alignedtoline_per_layer_loop8_fu_183/grp_p_find_boundaries_and_starting_index_and_value9_fu_922/p_find_left_and_right_boundaries11_U0/m_51_reg_2513_reg[0]_i_41_n_17
                         CARRY4 (Prop_carry4_CI_CO[3])
                                                      0.050     1.669 r  bd_0_i/hls_inst/inst/grp_p_shadowquilt_main_loop_make_verticle_strip_fu_565/grp_makePatch_alignedToLine_fu_1322/grp_alignedtoline_per_layer_loop8_fu_183/grp_p_find_boundaries_and_starting_index_and_value9_fu_922/p_find_left_and_right_boundaries11_U0/m_51_reg_2513_reg[0]_i_43/CO[3]
                         net (fo=1, unplaced)         0.000     1.669    bd_0_i/hls_inst/inst/grp_p_shadowquilt_main_loop_make_verticle_strip_fu_565/grp_makePatch_alignedToLine_fu_1322/grp_alignedtoline_per_layer_loop8_fu_183/grp_p_find_boundaries_and_starting_index_and_value9_fu_922/p_find_left_and_right_boundaries11_U0/m_51_reg_2513_reg[0]_i_43_n_17
                         CARRY4 (Prop_carry4_CI_O[0])
                                                      0.108     1.777 f  bd_0_i/hls_inst/inst/grp_p_shadowquilt_main_loop_make_verticle_strip_fu_565/grp_makePatch_alignedToLine_fu_1322/grp_alignedtoline_per_layer_loop8_fu_183/grp_p_find_boundaries_and_starting_index_and_value9_fu_922/p_find_left_and_right_boundaries11_U0/m_51_reg_2513_reg[0]_i_42/O[0]
                         net (fo=4, unplaced)         0.196     1.973    bd_0_i/hls_inst/inst/grp_p_shadowquilt_main_loop_make_verticle_strip_fu_565/grp_makePatch_alignedToLine_fu_1322/grp_alignedtoline_per_layer_loop8_fu_183/grp_p_find_boundaries_and_starting_index_and_value9_fu_922/p_find_left_and_right_boundaries11_U0/man_V_9_fu_2155_p2[46]
                         LUT3 (Prop_lut3_I0_O)        0.119     2.092 f  bd_0_i/hls_inst/inst/grp_p_shadowquilt_main_loop_make_verticle_strip_fu_565/grp_makePatch_alignedToLine_fu_1322/grp_alignedtoline_per_layer_loop8_fu_183/grp_p_find_boundaries_and_starting_index_and_value9_fu_922/p_find_left_and_right_boundaries11_U0/lbVal_constprop[14]_i_4/O
                         net (fo=2, unplaced)         0.255     2.347    bd_0_i/hls_inst/inst/grp_p_shadowquilt_main_loop_make_verticle_strip_fu_565/grp_makePatch_alignedToLine_fu_1322/grp_alignedtoline_per_layer_loop8_fu_183/grp_p_find_boundaries_and_starting_index_and_value9_fu_922/p_find_left_and_right_boundaries11_U0/lbVal_constprop[14]_i_4_n_17
                         LUT6 (Prop_lut6_I3_O)        0.043     2.390 f  bd_0_i/hls_inst/inst/grp_p_shadowquilt_main_loop_make_verticle_strip_fu_565/grp_makePatch_alignedToLine_fu_1322/grp_alignedtoline_per_layer_loop8_fu_183/grp_p_find_boundaries_and_starting_index_and_value9_fu_922/p_find_left_and_right_boundaries11_U0/lbVal_constprop[6]_i_3/O
                         net (fo=4, unplaced)         0.246     2.636    bd_0_i/hls_inst/inst/grp_p_shadowquilt_main_loop_make_verticle_strip_fu_565/grp_makePatch_alignedToLine_fu_1322/grp_alignedtoline_per_layer_loop8_fu_183/grp_p_find_boundaries_and_starting_index_and_value9_fu_922/p_find_left_and_right_boundaries11_U0/lbVal_constprop[6]_i_3_n_17
                         LUT5 (Prop_lut5_I0_O)        0.043     2.679 f  bd_0_i/hls_inst/inst/grp_p_shadowquilt_main_loop_make_verticle_strip_fu_565/grp_makePatch_alignedToLine_fu_1322/grp_alignedtoline_per_layer_loop8_fu_183/grp_p_find_boundaries_and_starting_index_and_value9_fu_922/p_find_left_and_right_boundaries11_U0/m_51_reg_2513[0]_i_10/O
                         net (fo=1, unplaced)         0.244     2.923    bd_0_i/hls_inst/inst/grp_p_shadowquilt_main_loop_make_verticle_strip_fu_565/grp_makePatch_alignedToLine_fu_1322/grp_alignedtoline_per_layer_loop8_fu_183/grp_p_find_boundaries_and_starting_index_and_value9_fu_922/p_find_left_and_right_boundaries11_U0/m_51_reg_2513[0]_i_10_n_17
                         LUT6 (Prop_lut6_I5_O)        0.043     2.966 r  bd_0_i/hls_inst/inst/grp_p_shadowquilt_main_loop_make_verticle_strip_fu_565/grp_makePatch_alignedToLine_fu_1322/grp_alignedtoline_per_layer_loop8_fu_183/grp_p_find_boundaries_and_starting_index_and_value9_fu_922/p_find_left_and_right_boundaries11_U0/m_51_reg_2513[0]_i_3/O
                         net (fo=1, unplaced)         0.222     3.188    bd_0_i/hls_inst/inst/grp_p_shadowquilt_main_loop_make_verticle_strip_fu_565/grp_makePatch_alignedToLine_fu_1322/grp_alignedtoline_per_layer_loop8_fu_183/grp_p_find_boundaries_and_starting_index_and_value9_fu_922/p_find_left_and_right_boundaries11_U0/m_51_reg_2513[0]_i_3_n_17
                         LUT6 (Prop_lut6_I3_O)        0.043     3.231 f  bd_0_i/hls_inst/inst/grp_p_shadowquilt_main_loop_make_verticle_strip_fu_565/grp_makePatch_alignedToLine_fu_1322/grp_alignedtoline_per_layer_loop8_fu_183/grp_p_find_boundaries_and_starting_index_and_value9_fu_922/p_find_left_and_right_boundaries11_U0/m_51_reg_2513[0]_i_1/O
                         net (fo=9, unplaced)         0.285     3.516    bd_0_i/hls_inst/inst/grp_p_shadowquilt_main_loop_make_verticle_strip_fu_565/grp_makePatch_alignedToLine_fu_1322/grp_alignedtoline_per_layer_loop8_fu_183/grp_p_find_boundaries_and_starting_index_and_value9_fu_922/p_find_left_and_right_boundaries11_U0/lbVal_constprop_reg[0][0]
                         LUT1 (Prop_lut1_I0_O)        0.043     3.559 r  bd_0_i/hls_inst/inst/grp_p_shadowquilt_main_loop_make_verticle_strip_fu_565/grp_makePatch_alignedToLine_fu_1322/grp_alignedtoline_per_layer_loop8_fu_183/grp_p_find_boundaries_and_starting_index_and_value9_fu_922/p_find_left_and_right_boundaries11_U0/m_51_reg_2513[4]_i_4/O
                         net (fo=1, unplaced)         0.173     3.732    bd_0_i/hls_inst/inst/grp_p_shadowquilt_main_loop_make_verticle_strip_fu_565/grp_makePatch_alignedToLine_fu_1322/grp_alignedtoline_per_layer_loop8_fu_183/grp_p_find_boundaries_and_starting_index_and_value9_fu_922/p_find_left_and_right_boundaries11_U0/m_51_reg_2513[4]_i_4_n_17
                         CARRY4 (Prop_carry4_CYINIT_CO[3])
                                                      0.289     4.021 r  bd_0_i/hls_inst/inst/grp_p_shadowquilt_main_loop_make_verticle_strip_fu_565/grp_makePatch_alignedToLine_fu_1322/grp_alignedtoline_per_layer_loop8_fu_183/grp_p_find_boundaries_and_starting_index_and_value9_fu_922/p_find_left_and_right_boundaries11_U0/m_51_reg_2513_reg[4]_i_2/CO[3]
                         net (fo=1, unplaced)         0.000     4.021    bd_0_i/hls_inst/inst/grp_p_shadowquilt_main_loop_make_verticle_strip_fu_565/grp_makePatch_alignedToLine_fu_1322/grp_alignedtoline_per_layer_loop8_fu_183/grp_p_find_boundaries_and_starting_index_and_value9_fu_922/p_find_left_and_right_boundaries11_U0/m_51_reg_2513_reg[4]_i_2_n_17
                         CARRY4 (Prop_carry4_CI_O[1])
                                                      0.159     4.180 r  bd_0_i/hls_inst/inst/grp_p_shadowquilt_main_loop_make_verticle_strip_fu_565/grp_makePatch_alignedToLine_fu_1322/grp_alignedtoline_per_layer_loop8_fu_183/grp_p_find_boundaries_and_starting_index_and_value9_fu_922/p_find_left_and_right_boundaries11_U0/m_51_reg_2513_reg[8]_i_2/O[1]
                         net (fo=3, unplaced)         0.187     4.367    bd_0_i/hls_inst/inst/grp_p_shadowquilt_main_loop_make_verticle_strip_fu_565/grp_makePatch_alignedToLine_fu_1322/grp_alignedtoline_per_layer_loop8_fu_183/grp_p_find_boundaries_and_starting_index_and_value9_fu_922/p_find_left_and_right_boundaries11_U0/tmp_V_11_fu_915_p2[6]
                         LUT6 (Prop_lut6_I0_O)        0.121     4.488 r  bd_0_i/hls_inst/inst/grp_p_shadowquilt_main_loop_make_verticle_strip_fu_565/grp_makePatch_alignedToLine_fu_1322/grp_alignedtoline_per_layer_loop8_fu_183/grp_p_find_boundaries_and_starting_index_and_value9_fu_922/p_find_left_and_right_boundaries11_U0/m_51_reg_2513[6]_i_1/O
                         net (fo=5, unplaced)         0.543     5.031    bd_0_i/hls_inst/inst/grp_p_shadowquilt_main_loop_make_verticle_strip_fu_565/grp_makePatch_alignedToLine_fu_1322/grp_alignedtoline_per_layer_loop8_fu_183/grp_p_find_boundaries_and_starting_index_and_value9_fu_922/p_find_left_and_right_boundaries11_U0/m_51_fu_921_p3[6]
                         LUT5 (Prop_lut5_I0_O)        0.043     5.074 f  bd_0_i/hls_inst/inst/grp_p_shadowquilt_main_loop_make_verticle_strip_fu_565/grp_makePatch_alignedToLine_fu_1322/grp_alignedtoline_per_layer_loop8_fu_183/grp_p_find_boundaries_and_starting_index_and_value9_fu_922/p_find_left_and_right_boundaries11_U0/sub_ln947_3_reg_2537[0]_i_9/O
                         net (fo=1, unplaced)         0.334     5.408    bd_0_i/hls_inst/inst/grp_p_shadowquilt_main_loop_make_verticle_strip_fu_565/grp_makePatch_alignedToLine_fu_1322/grp_alignedtoline_per_layer_loop8_fu_183/grp_p_find_boundaries_and_starting_index_and_value9_fu_922/p_find_left_and_right_boundaries11_U0/sub_ln947_3_reg_2537[0]_i_9_n_17
                         LUT6 (Prop_lut6_I0_O)        0.043     5.451 f  bd_0_i/hls_inst/inst/grp_p_shadowquilt_main_loop_make_verticle_strip_fu_565/grp_makePatch_alignedToLine_fu_1322/grp_alignedtoline_per_layer_loop8_fu_183/grp_p_find_boundaries_and_starting_index_and_value9_fu_922/p_find_left_and_right_boundaries11_U0/sub_ln947_3_reg_2537[0]_i_4/O
                         net (fo=2, unplaced)         0.517     5.968    bd_0_i/hls_inst/inst/grp_p_shadowquilt_main_loop_make_verticle_strip_fu_565/grp_makePatch_alignedToLine_fu_1322/grp_alignedtoline_per_layer_loop8_fu_183/grp_p_find_boundaries_and_starting_index_and_value9_fu_922/p_find_left_and_right_boundaries11_U0/sub_ln947_3_reg_2537[0]_i_4_n_17
                         LUT6 (Prop_lut6_I3_O)        0.043     6.011 r  bd_0_i/hls_inst/inst/grp_p_shadowquilt_main_loop_make_verticle_strip_fu_565/grp_makePatch_alignedToLine_fu_1322/grp_alignedtoline_per_layer_loop8_fu_183/grp_p_find_boundaries_and_starting_index_and_value9_fu_922/p_find_left_and_right_boundaries11_U0/trunc_ln943_3_reg_2548[0]_i_1/O
                         net (fo=9, unplaced)         0.285     6.296    bd_0_i/hls_inst/inst/grp_p_shadowquilt_main_loop_make_verticle_strip_fu_565/grp_makePatch_alignedToLine_fu_1322/grp_alignedtoline_per_layer_loop8_fu_183/grp_p_find_boundaries_and_starting_index_and_value9_fu_922/p_find_left_and_right_boundaries11_U0/trunc_ln943_3_reg_2548[0]_i_1_n_17
                         LUT6 (Prop_lut6_I3_O)        0.043     6.339 r  bd_0_i/hls_inst/inst/grp_p_shadowquilt_main_loop_make_verticle_strip_fu_565/grp_makePatch_alignedToLine_fu_1322/grp_alignedtoline_per_layer_loop8_fu_183/grp_p_find_boundaries_and_starting_index_and_value9_fu_922/p_find_left_and_right_boundaries11_U0/p_Result_91_reg_2542[0]_i_6/O
                         net (fo=1, unplaced)         0.506     6.845    bd_0_i/hls_inst/inst/grp_p_shadowquilt_main_loop_make_verticle_strip_fu_565/grp_makePatch_alignedToLine_fu_1322/grp_alignedtoline_per_layer_loop8_fu_183/grp_p_find_boundaries_and_starting_index_and_value9_fu_922/p_find_left_and_right_boundaries11_U0/p_Result_91_reg_2542[0]_i_6_n_17
                         LUT6 (Prop_lut6_I0_O)        0.043     6.888 r  bd_0_i/hls_inst/inst/grp_p_shadowquilt_main_loop_make_verticle_strip_fu_565/grp_makePatch_alignedToLine_fu_1322/grp_alignedtoline_per_layer_loop8_fu_183/grp_p_find_boundaries_and_starting_index_and_value9_fu_922/p_find_left_and_right_boundaries11_U0/p_Result_91_reg_2542[0]_i_3/O
                         net (fo=1, unplaced)         0.377     7.265    bd_0_i/hls_inst/inst/grp_p_shadowquilt_main_loop_make_verticle_strip_fu_565/grp_makePatch_alignedToLine_fu_1322/grp_alignedtoline_per_layer_loop8_fu_183/grp_p_find_boundaries_and_starting_index_and_value9_fu_922/p_find_left_and_right_boundaries11_U0/p_Result_91_reg_2542[0]_i_3_n_17
                         LUT6 (Prop_lut6_I2_O)        0.043     7.308 r  bd_0_i/hls_inst/inst/grp_p_shadowquilt_main_loop_make_verticle_strip_fu_565/grp_makePatch_alignedToLine_fu_1322/grp_alignedtoline_per_layer_loop8_fu_183/grp_p_find_boundaries_and_starting_index_and_value9_fu_922/p_find_left_and_right_boundaries11_U0/p_Result_91_reg_2542[0]_i_1/O
                         net (fo=1, unplaced)         0.000     7.308    bd_0_i/hls_inst/inst/grp_p_shadowquilt_main_loop_make_verticle_strip_fu_565/grp_makePatch_alignedToLine_fu_1322/grp_alignedtoline_per_layer_loop8_fu_183/grp_p_find_boundaries_and_starting_index_and_value9_fu_922/p_find_left_and_right_boundaries11_U0/p_Result_91_fu_979_p3
                         FDRE                                         r  bd_0_i/hls_inst/inst/grp_p_shadowquilt_main_loop_make_verticle_strip_fu_565/grp_makePatch_alignedToLine_fu_1322/grp_alignedtoline_per_layer_loop8_fu_183/grp_p_find_boundaries_and_starting_index_and_value9_fu_922/p_find_left_and_right_boundaries11_U0/p_Result_91_reg_2542_reg[0]/D
  -------------------------------------------------------------------    -------------------

                         (clock ap_clk rise edge)    10.000    10.000 r  
                                                      0.000    10.000 r  ap_clk (IN)
                         net (fo=16460, unset)        0.483    10.483    bd_0_i/hls_inst/inst/grp_p_shadowquilt_main_loop_make_verticle_strip_fu_565/grp_makePatch_alignedToLine_fu_1322/grp_alignedtoline_per_layer_loop8_fu_183/grp_p_find_boundaries_and_starting_index_and_value9_fu_922/p_find_left_and_right_boundaries11_U0/ap_clk
                         FDRE                                         r  bd_0_i/hls_inst/inst/grp_p_shadowquilt_main_loop_make_verticle_strip_fu_565/grp_makePatch_alignedToLine_fu_1322/grp_alignedtoline_per_layer_loop8_fu_183/grp_p_find_boundaries_and_starting_index_and_value9_fu_922/p_find_left_and_right_boundaries11_U0/p_Result_91_reg_2542_reg[0]/C
                         clock pessimism              0.000    10.483    
                         clock uncertainty           -0.035    10.447    
                         FDRE (Setup_fdre_C_D)        0.041    10.488    bd_0_i/hls_inst/inst/grp_p_shadowquilt_main_loop_make_verticle_strip_fu_565/grp_makePatch_alignedToLine_fu_1322/grp_alignedtoline_per_layer_loop8_fu_183/grp_p_find_boundaries_and_starting_index_and_value9_fu_922/p_find_left_and_right_boundaries11_U0/p_Result_91_reg_2542_reg[0]
  -------------------------------------------------------------------
                         required time                         10.488    
                         arrival time                          -7.308    
  -------------------------------------------------------------------
                         slack                                  3.180    





Min Delay Paths
--------------------------------------------------------------------------------------
Slack (MET) :             0.058ns  (arrival time - required time)
  Source:                 bd_0_i/hls_inst/inst/shadow_bottomL_jR_V_U/system_top_shadow_bottomL_jR_V_ram_U/q1_reg[0]/C
                            (rising edge-triggered cell FDRE clocked by ap_clk  {rise@0.000ns fall@5.000ns period=10.000ns})
  Destination:            bd_0_i/hls_inst/inst/grp_p_shadowquilt_main_loop_make_verticle_strip_fu_565/grp_get_acceptanceCorners_fu_1445/a_corner_list_V_U/system_top_get_acceptanceCorners_a_corner_list_V_ram_U/ram_reg/DIBDI[0]
                            (rising edge-triggered cell RAMB36E1 clocked by ap_clk  {rise@0.000ns fall@5.000ns period=10.000ns})
  Path Group:             ap_clk
  Path Type:              Hold (Min at Fast Process Corner)
  Requirement:            0.000ns  (ap_clk rise@0.000ns - ap_clk rise@0.000ns)
  Data Path Delay:        0.332ns  (logic 0.104ns (31.352%)  route 0.228ns (68.648%))
  Logic Levels:           0  
  Clock Path Skew:        0.016ns (DCD - SCD - CPR)
    Destination Clock Delay (DCD):    0.312ns
    Source Clock Delay      (SCD):    0.296ns
    Clock Pessimism Removal (CPR):    -0.000ns

    Location             Delay type                Incr(ns)  Path(ns)    Netlist Resource(s)
  -------------------------------------------------------------------    -------------------
                         (clock ap_clk rise edge)     0.000     0.000 r  
                                                      0.000     0.000 r  ap_clk (IN)
                         net (fo=16460, unset)        0.296     0.296    bd_0_i/hls_inst/inst/shadow_bottomL_jR_V_U/system_top_shadow_bottomL_jR_V_ram_U/ap_clk
                         FDRE                                         r  bd_0_i/hls_inst/inst/shadow_bottomL_jR_V_U/system_top_shadow_bottomL_jR_V_ram_U/q1_reg[0]/C
  -------------------------------------------------------------------    -------------------
                         FDRE (Prop_fdre_C_Q)         0.104     0.400 r  bd_0_i/hls_inst/inst/shadow_bottomL_jR_V_U/system_top_shadow_bottomL_jR_V_ram_U/q1_reg[0]/Q
                         net (fo=1, unplaced)         0.228     0.628    bd_0_i/hls_inst/inst/grp_p_shadowquilt_main_loop_make_verticle_strip_fu_565/grp_get_acceptanceCorners_fu_1445/a_corner_list_V_U/system_top_get_acceptanceCorners_a_corner_list_V_ram_U/ram_reg_1[0]
                         RAMB36E1                                     r  bd_0_i/hls_inst/inst/grp_p_shadowquilt_main_loop_make_verticle_strip_fu_565/grp_get_acceptanceCorners_fu_1445/a_corner_list_V_U/system_top_get_acceptanceCorners_a_corner_list_V_ram_U/ram_reg/DIBDI[0]
  -------------------------------------------------------------------    -------------------

                         (clock ap_clk rise edge)     0.000     0.000 r  
                                                      0.000     0.000 r  ap_clk (IN)
                         net (fo=16460, unset)        0.312     0.312    bd_0_i/hls_inst/inst/grp_p_shadowquilt_main_loop_make_verticle_strip_fu_565/grp_get_acceptanceCorners_fu_1445/a_corner_list_V_U/system_top_get_acceptanceCorners_a_corner_list_V_ram_U/ap_clk
                         RAMB36E1                                     r  bd_0_i/hls_inst/inst/grp_p_shadowquilt_main_loop_make_verticle_strip_fu_565/grp_get_acceptanceCorners_fu_1445/a_corner_list_V_U/system_top_get_acceptanceCorners_a_corner_list_V_ram_U/ram_reg/CLKBWRCLK
                         clock pessimism              0.000     0.312    
                         RAMB36E1 (Hold_ramb36e1_CLKBWRCLK_DIBDI[0])
                                                      0.258     0.570    bd_0_i/hls_inst/inst/grp_p_shadowquilt_main_loop_make_verticle_strip_fu_565/grp_get_acceptanceCorners_fu_1445/a_corner_list_V_U/system_top_get_acceptanceCorners_a_corner_list_V_ram_U/ram_reg
  -------------------------------------------------------------------
                         required time                         -0.570    
                         arrival time                           0.628    
  -------------------------------------------------------------------
                         slack                                  0.058    





Pulse Width Checks
--------------------------------------------------------------------------------------
Clock Name:         ap_clk
Waveform(ns):       { 0.000 5.000 }
Period(ns):         10.000
Sources:            { ap_clk }

Check Type        Corner  Lib Pin      Reference Pin  Required(ns)  Actual(ns)  Slack(ns)  Location  Pin
Min Period        n/a     DSP48E1/CLK  n/a            2.426         10.000      7.574                bd_0_i/hls_inst/inst/grp_p_shadowquilt_main_loop_make_verticle_strip_fu_565/grp_makePatch_alignedToLine_fu_1322/grp_alignedtoline_per_layer_loop8_fu_183/mul_78s_108ns_185_3_1_U44/system_top_mul_78s_108ns_185_3_1_Multiplier_1_U/buff0_reg__6/CLK
Low Pulse Width   Slow    RAMS32/CLK   n/a            0.674         5.000       4.326                bd_0_i/hls_inst/inst/a_corner_1_V_U/system_top_a_corner_1_V_ram_U/ram_reg_0_3_0_0/SP/CLK
High Pulse Width  Slow    RAMS32/CLK   n/a            0.674         5.000       4.326                bd_0_i/hls_inst/inst/a_corner_1_V_U/system_top_a_corner_1_V_ram_U/ram_reg_0_3_0_0/SP/CLK



