Copyright 1986-2020 Xilinx, Inc. All Rights Reserved.
------------------------------------------------------------------------------------
| Tool Version : Vivado v.2020.2 (win64) Build 3064766 Wed Nov 18 09:12:45 MST 2020
| Date         : Sat Jul 20 20:49:53 2024
| Host         : OGAS running 64-bit major release  (build 9200)
| Command      : report_timing_summary -file ./report/system_top_timing_routed.rpt
| Design       : bd_0_wrapper
| Device       : 7z030-sbg485
| Speed File   : -3  PRODUCTION 1.12 2019-11-22
------------------------------------------------------------------------------------

Timing Summary Report

------------------------------------------------------------------------------------------------
| Timer Settings
| --------------
------------------------------------------------------------------------------------------------

  Enable Multi Corner Analysis               :  Yes
  Enable Pessimism Removal                   :  Yes
  Pessimism Removal Resolution               :  Nearest Common Node
  Enable Input Delay Default Clock           :  No
  Enable Preset / Clear Arcs                 :  No
  Disable Flight Delays                      :  No
  Ignore I/O Paths                           :  No
  Timing Early Launch at Borrowing Latches   :  No
  Borrow Time for Max Delay Exceptions       :  Yes
  Merge Timing Exceptions                    :  Yes

  Corner  Analyze    Analyze    
  Name    Max Paths  Min Paths  
  ------  ---------  ---------  
  Slow    Yes        Yes        
  Fast    Yes        Yes        



check_timing report

Table of Contents
-----------------
1. checking no_clock (0)
2. checking constant_clock (0)
3. checking pulse_width_clock (0)
4. checking unconstrained_internal_endpoints (0)
5. checking no_input_delay (259)
6. checking no_output_delay (134)
7. checking multiple_clock (0)
8. checking generated_clocks (0)
9. checking loops (0)
10. checking partial_input_delay (0)
11. checking partial_output_delay (0)
12. checking latch_loops (0)

1. checking no_clock (0)
------------------------
 There are 0 register/latch pins with no clock.


2. checking constant_clock (0)
------------------------------
 There are 0 register/latch pins with constant_clock.


3. checking pulse_width_clock (0)
---------------------------------
 There are 0 register/latch pins which need pulse_width check


4. checking unconstrained_internal_endpoints (0)
------------------------------------------------
 There are 0 pins that are not constrained for maximum delay.

 There are 0 pins that are not constrained for maximum delay due to constant clock.


5. checking no_input_delay (259)
--------------------------------
 There are 259 input ports with no input delay specified. (HIGH)

 There are 0 input ports with no input delay but user has a false path constraint.


6. checking no_output_delay (134)
---------------------------------
 There are 134 ports with no output delay specified. (HIGH)

 There are 0 ports with no output delay but user has a false path constraint

 There are 0 ports with no output delay but with a timing clock defined on it or propagating through it


7. checking multiple_clock (0)
------------------------------
 There are 0 register/latch pins with multiple clocks.


8. checking generated_clocks (0)
--------------------------------
 There are 0 generated clocks that are not connected to a clock source.


9. checking loops (0)
---------------------
 There are 0 combinational loops in the design.


10. checking partial_input_delay (0)
------------------------------------
 There are 0 input ports with partial input delay specified.


11. checking partial_output_delay (0)
-------------------------------------
 There are 0 ports with partial output delay specified.


12. checking latch_loops (0)
----------------------------
 There are 0 combinational latch loops in the design through latch input



------------------------------------------------------------------------------------------------
| Design Timing Summary
| ---------------------
------------------------------------------------------------------------------------------------

    WNS(ns)      TNS(ns)  TNS Failing Endpoints  TNS Total Endpoints      WHS(ns)      THS(ns)  THS Failing Endpoints  THS Total Endpoints     WPWS(ns)     TPWS(ns)  TPWS Failing Endpoints  TPWS Total Endpoints  
    -------      -------  ---------------------  -------------------      -------      -------  ---------------------  -------------------     --------     --------  ----------------------  --------------------  
      2.004        0.000                      0                33016        0.049        0.000                      0                33016        4.326        0.000                       0                 16347  


All user specified timing constraints are met.


------------------------------------------------------------------------------------------------
| Clock Summary
| -------------
------------------------------------------------------------------------------------------------

Clock   Waveform(ns)       Period(ns)      Frequency(MHz)
-----   ------------       ----------      --------------
ap_clk  {0.000 5.000}      10.000          100.000         


------------------------------------------------------------------------------------------------
| Intra Clock Table
| -----------------
------------------------------------------------------------------------------------------------

Clock             WNS(ns)      TNS(ns)  TNS Failing Endpoints  TNS Total Endpoints      WHS(ns)      THS(ns)  THS Failing Endpoints  THS Total Endpoints     WPWS(ns)     TPWS(ns)  TPWS Failing Endpoints  TPWS Total Endpoints  
-----             -------      -------  ---------------------  -------------------      -------      -------  ---------------------  -------------------     --------     --------  ----------------------  --------------------  
ap_clk              2.004        0.000                      0                33016        0.049        0.000                      0                33016        4.326        0.000                       0                 16347  


------------------------------------------------------------------------------------------------
| Inter Clock Table
| -----------------
------------------------------------------------------------------------------------------------

From Clock    To Clock          WNS(ns)      TNS(ns)  TNS Failing Endpoints  TNS Total Endpoints      WHS(ns)      THS(ns)  THS Failing Endpoints  THS Total Endpoints  
----------    --------          -------      -------  ---------------------  -------------------      -------      -------  ---------------------  -------------------  


------------------------------------------------------------------------------------------------
| Other Path Groups Table
| -----------------------
------------------------------------------------------------------------------------------------

Path Group    From Clock    To Clock          WNS(ns)      TNS(ns)  TNS Failing Endpoints  TNS Total Endpoints      WHS(ns)      THS(ns)  THS Failing Endpoints  THS Total Endpoints  
----------    ----------    --------          -------      -------  ---------------------  -------------------      -------      -------  ---------------------  -------------------  


------------------------------------------------------------------------------------------------
| Timing Details
| --------------
------------------------------------------------------------------------------------------------


---------------------------------------------------------------------------------------------------
From Clock:  ap_clk
  To Clock:  ap_clk

Setup :            0  Failing Endpoints,  Worst Slack        2.004ns,  Total Violation        0.000ns
Hold  :            0  Failing Endpoints,  Worst Slack        0.049ns,  Total Violation        0.000ns
PW    :            0  Failing Endpoints,  Worst Slack        4.326ns,  Total Violation        0.000ns
---------------------------------------------------------------------------------------------------


Max Delay Paths
--------------------------------------------------------------------------------------
Slack (MET) :             2.004ns  (required time - arrival time)
  Source:                 bd_0_i/hls_inst/inst/grp_p_shadowquilt_main_loop_make_verticle_strip_fu_565/grp_makePatch_alignedToLine_fu_1322/grp_alignedtoline_per_layer_loop8_fu_183/mul_33s_25ns_58_1_1_U43/system_top_mul_33s_25ns_58_1_1_Multiplier_0_U/p__1/CLK
                            (rising edge-triggered cell DSP48E1 clocked by ap_clk  {rise@0.000ns fall@5.000ns period=10.000ns})
  Destination:            bd_0_i/hls_inst/inst/grp_p_shadowquilt_main_loop_make_verticle_strip_fu_565/grp_makePatch_alignedToLine_fu_1322/grp_alignedtoline_per_layer_loop8_fu_183/mul_78s_108ns_185_3_1_U44/system_top_mul_78s_108ns_185_3_1_Multiplier_1_U/buff0_reg__0/B[15]
                            (rising edge-triggered cell DSP48E1 clocked by ap_clk  {rise@0.000ns fall@5.000ns period=10.000ns})
  Path Group:             ap_clk
  Path Type:              Setup (Max at Slow Process Corner)
  Requirement:            10.000ns  (ap_clk rise@10.000ns - ap_clk rise@0.000ns)
  Data Path Delay:        7.586ns  (logic 4.265ns (56.224%)  route 3.321ns (43.776%))
  Logic Levels:           10  (CARRY4=8 DSP48E1=1 LUT2=1)
  Clock Path Skew:        -0.025ns (DCD - SCD + CPR)
    Destination Clock Delay (DCD):    0.483ns = ( 10.483 - 10.000 ) 
    Source Clock Delay      (SCD):    0.508ns
    Clock Pessimism Removal (CPR):    0.000ns
  Clock Uncertainty:      0.035ns  ((TSJ^2 + TIJ^2)^1/2 + DJ) / 2 + PE
    Total System Jitter     (TSJ):    0.071ns
    Total Input Jitter      (TIJ):    0.000ns
    Discrete Jitter          (DJ):    0.000ns
    Phase Error              (PE):    0.000ns

    Location             Delay type                Incr(ns)  Path(ns)    Netlist Resource(s)
  -------------------------------------------------------------------    -------------------
                         (clock ap_clk rise edge)     0.000     0.000 r  
                                                      0.000     0.000 r  ap_clk (IN)
                         net (fo=16362, unset)        0.508     0.508    bd_0_i/hls_inst/inst/grp_p_shadowquilt_main_loop_make_verticle_strip_fu_565/grp_makePatch_alignedToLine_fu_1322/grp_alignedtoline_per_layer_loop8_fu_183/mul_33s_25ns_58_1_1_U43/system_top_mul_33s_25ns_58_1_1_Multiplier_0_U/ap_clk
    DSP48_X5Y10          DSP48E1                                      r  bd_0_i/hls_inst/inst/grp_p_shadowquilt_main_loop_make_verticle_strip_fu_565/grp_makePatch_alignedToLine_fu_1322/grp_alignedtoline_per_layer_loop8_fu_183/mul_33s_25ns_58_1_1_U43/system_top_mul_33s_25ns_58_1_1_Multiplier_0_U/p__1/CLK
  -------------------------------------------------------------------    -------------------
    DSP48_X5Y10          DSP48E1 (Prop_dsp48e1_CLK_PCOUT[47])
                                                      2.626     3.134 r  bd_0_i/hls_inst/inst/grp_p_shadowquilt_main_loop_make_verticle_strip_fu_565/grp_makePatch_alignedToLine_fu_1322/grp_alignedtoline_per_layer_loop8_fu_183/mul_33s_25ns_58_1_1_U43/system_top_mul_33s_25ns_58_1_1_Multiplier_0_U/p__1/PCOUT[47]
                         net (fo=1, routed)           0.000     3.134    bd_0_i/hls_inst/inst/grp_p_shadowquilt_main_loop_make_verticle_strip_fu_565/grp_makePatch_alignedToLine_fu_1322/grp_alignedtoline_per_layer_loop8_fu_183/mul_33s_25ns_58_1_1_U43/system_top_mul_33s_25ns_58_1_1_Multiplier_0_U/p__1_n_123
    DSP48_X5Y11          DSP48E1 (Prop_dsp48e1_PCIN[47]_P[0])
                                                      0.938     4.072 r  bd_0_i/hls_inst/inst/grp_p_shadowquilt_main_loop_make_verticle_strip_fu_565/grp_makePatch_alignedToLine_fu_1322/grp_alignedtoline_per_layer_loop8_fu_183/mul_33s_25ns_58_1_1_U43/system_top_mul_33s_25ns_58_1_1_Multiplier_0_U/p__2/P[0]
                         net (fo=2, routed)           0.676     4.748    bd_0_i/hls_inst/inst/grp_p_shadowquilt_main_loop_make_verticle_strip_fu_565/grp_makePatch_alignedToLine_fu_1322/grp_alignedtoline_per_layer_loop8_fu_183/mul_33s_25ns_58_1_1_U43/system_top_mul_33s_25ns_58_1_1_Multiplier_0_U/p__2_0[0]
    SLICE_X105Y20        LUT2 (Prop_lut2_I0_O)        0.043     4.791 r  bd_0_i/hls_inst/inst/grp_p_shadowquilt_main_loop_make_verticle_strip_fu_565/grp_makePatch_alignedToLine_fu_1322/grp_alignedtoline_per_layer_loop8_fu_183/mul_33s_25ns_58_1_1_U43/system_top_mul_33s_25ns_58_1_1_Multiplier_0_U/tmp_product__0_i_19/O
                         net (fo=1, routed)           0.000     4.791    bd_0_i/hls_inst/inst/grp_p_shadowquilt_main_loop_make_verticle_strip_fu_565_n_19
    SLICE_X105Y20        CARRY4 (Prop_carry4_S[1]_CO[3])
                                                      0.257     5.048 r  bd_0_i/hls_inst/inst/mul_33s_25ns_58_1_1_U43/system_top_mul_33s_25ns_58_1_1_Multiplier_0_U/tmp_product__0_i_4/CO[3]
                         net (fo=1, routed)           0.000     5.048    bd_0_i/hls_inst/inst/mul_33s_25ns_58_1_1_U43/system_top_mul_33s_25ns_58_1_1_Multiplier_0_U/tmp_product__0_i_4_n_17
    SLICE_X105Y21        CARRY4 (Prop_carry4_CI_CO[3])
                                                      0.049     5.097 r  bd_0_i/hls_inst/inst/mul_33s_25ns_58_1_1_U43/system_top_mul_33s_25ns_58_1_1_Multiplier_0_U/tmp_product__0_i_3/CO[3]
                         net (fo=1, routed)           0.000     5.097    bd_0_i/hls_inst/inst/mul_33s_25ns_58_1_1_U43/system_top_mul_33s_25ns_58_1_1_Multiplier_0_U/tmp_product__0_i_3_n_17
    SLICE_X105Y22        CARRY4 (Prop_carry4_CI_CO[3])
                                                      0.049     5.146 r  bd_0_i/hls_inst/inst/mul_33s_25ns_58_1_1_U43/system_top_mul_33s_25ns_58_1_1_Multiplier_0_U/tmp_product__0_i_2/CO[3]
                         net (fo=1, routed)           0.000     5.146    bd_0_i/hls_inst/inst/mul_33s_25ns_58_1_1_U43/system_top_mul_33s_25ns_58_1_1_Multiplier_0_U/tmp_product__0_i_2_n_17
    SLICE_X105Y23        CARRY4 (Prop_carry4_CI_CO[3])
                                                      0.049     5.195 r  bd_0_i/hls_inst/inst/mul_33s_25ns_58_1_1_U43/system_top_mul_33s_25ns_58_1_1_Multiplier_0_U/tmp_product__0_i_1/CO[3]
                         net (fo=1, routed)           0.000     5.195    bd_0_i/hls_inst/inst/mul_33s_25ns_58_1_1_U43/system_top_mul_33s_25ns_58_1_1_Multiplier_0_U/tmp_product__0_i_1_n_17
    SLICE_X105Y24        CARRY4 (Prop_carry4_CI_CO[3])
                                                      0.049     5.244 r  bd_0_i/hls_inst/inst/mul_33s_25ns_58_1_1_U43/system_top_mul_33s_25ns_58_1_1_Multiplier_0_U/tmp_product__1_i_4/CO[3]
                         net (fo=1, routed)           0.007     5.251    bd_0_i/hls_inst/inst/mul_33s_25ns_58_1_1_U43/system_top_mul_33s_25ns_58_1_1_Multiplier_0_U/tmp_product__1_i_4_n_17
    SLICE_X105Y25        CARRY4 (Prop_carry4_CI_CO[3])
                                                      0.049     5.300 r  bd_0_i/hls_inst/inst/mul_33s_25ns_58_1_1_U43/system_top_mul_33s_25ns_58_1_1_Multiplier_0_U/tmp_product__1_i_3/CO[3]
                         net (fo=1, routed)           0.000     5.300    bd_0_i/hls_inst/inst/mul_33s_25ns_58_1_1_U43/system_top_mul_33s_25ns_58_1_1_Multiplier_0_U/tmp_product__1_i_3_n_17
    SLICE_X105Y26        CARRY4 (Prop_carry4_CI_CO[3])
                                                      0.049     5.349 r  bd_0_i/hls_inst/inst/mul_33s_25ns_58_1_1_U43/system_top_mul_33s_25ns_58_1_1_Multiplier_0_U/tmp_product__1_i_2/CO[3]
                         net (fo=1, routed)           0.000     5.349    bd_0_i/hls_inst/inst/mul_33s_25ns_58_1_1_U43/system_top_mul_33s_25ns_58_1_1_Multiplier_0_U/tmp_product__1_i_2_n_17
    SLICE_X105Y27        CARRY4 (Prop_carry4_CI_O[2])
                                                      0.107     5.456 r  bd_0_i/hls_inst/inst/mul_33s_25ns_58_1_1_U43/system_top_mul_33s_25ns_58_1_1_Multiplier_0_U/tmp_product__1_i_1/O[2]
                         net (fo=6, routed)           2.638     8.094    bd_0_i/hls_inst/inst/grp_p_shadowquilt_main_loop_make_verticle_strip_fu_565/grp_makePatch_alignedToLine_fu_1322/grp_alignedtoline_per_layer_loop8_fu_183/mul_78s_108ns_185_3_1_U44/system_top_mul_78s_108ns_185_3_1_Multiplier_1_U/tmp_product__1_0[30]
    DSP48_X3Y15          DSP48E1                                      r  bd_0_i/hls_inst/inst/grp_p_shadowquilt_main_loop_make_verticle_strip_fu_565/grp_makePatch_alignedToLine_fu_1322/grp_alignedtoline_per_layer_loop8_fu_183/mul_78s_108ns_185_3_1_U44/system_top_mul_78s_108ns_185_3_1_Multiplier_1_U/buff0_reg__0/B[15]
  -------------------------------------------------------------------    -------------------

                         (clock ap_clk rise edge)    10.000    10.000 r  
                                                      0.000    10.000 r  ap_clk (IN)
                         net (fo=16362, unset)        0.483    10.483    bd_0_i/hls_inst/inst/grp_p_shadowquilt_main_loop_make_verticle_strip_fu_565/grp_makePatch_alignedToLine_fu_1322/grp_alignedtoline_per_layer_loop8_fu_183/mul_78s_108ns_185_3_1_U44/system_top_mul_78s_108ns_185_3_1_Multiplier_1_U/ap_clk
    DSP48_X3Y15          DSP48E1                                      r  bd_0_i/hls_inst/inst/grp_p_shadowquilt_main_loop_make_verticle_strip_fu_565/grp_makePatch_alignedToLine_fu_1322/grp_alignedtoline_per_layer_loop8_fu_183/mul_78s_108ns_185_3_1_U44/system_top_mul_78s_108ns_185_3_1_Multiplier_1_U/buff0_reg__0/CLK
                         clock pessimism              0.000    10.483    
                         clock uncertainty           -0.035    10.447    
    DSP48_X3Y15          DSP48E1 (Setup_dsp48e1_CLK_B[15])
                                                     -0.350    10.097    bd_0_i/hls_inst/inst/grp_p_shadowquilt_main_loop_make_verticle_strip_fu_565/grp_makePatch_alignedToLine_fu_1322/grp_alignedtoline_per_layer_loop8_fu_183/mul_78s_108ns_185_3_1_U44/system_top_mul_78s_108ns_185_3_1_Multiplier_1_U/buff0_reg__0
  -------------------------------------------------------------------
                         required time                         10.097    
                         arrival time                          -8.094    
  -------------------------------------------------------------------
                         slack                                  2.004    





Min Delay Paths
--------------------------------------------------------------------------------------
Slack (MET) :             0.049ns  (arrival time - required time)
  Source:                 bd_0_i/hls_inst/inst/shadow_bottomL_jR_V_U/system_top_shadow_bottomL_jR_V_ram_U/q0_reg[27]/C
                            (rising edge-triggered cell FDRE clocked by ap_clk  {rise@0.000ns fall@5.000ns period=10.000ns})
  Destination:            bd_0_i/hls_inst/inst/grp_p_shadowquilt_main_loop_make_verticle_strip_fu_565/grp_get_acceptanceCorners_fu_1445/a_corner_list_V_U/system_top_get_acceptanceCorners_a_corner_list_V_ram_U/ram_reg/DIADI[27]
                            (rising edge-triggered cell RAMB36E1 clocked by ap_clk  {rise@0.000ns fall@5.000ns period=10.000ns})
  Path Group:             ap_clk
  Path Type:              Hold (Min at Fast Process Corner)
  Requirement:            0.000ns  (ap_clk rise@0.000ns - ap_clk rise@0.000ns)
  Data Path Delay:        0.220ns  (logic 0.118ns (53.746%)  route 0.102ns (46.254%))
  Logic Levels:           0  
  Clock Path Skew:        0.016ns (DCD - SCD - CPR)
    Destination Clock Delay (DCD):    0.312ns
    Source Clock Delay      (SCD):    0.296ns
    Clock Pessimism Removal (CPR):    -0.000ns

    Location             Delay type                Incr(ns)  Path(ns)    Netlist Resource(s)
  -------------------------------------------------------------------    -------------------
                         (clock ap_clk rise edge)     0.000     0.000 r  
                                                      0.000     0.000 r  ap_clk (IN)
                         net (fo=16362, unset)        0.296     0.296    bd_0_i/hls_inst/inst/shadow_bottomL_jR_V_U/system_top_shadow_bottomL_jR_V_ram_U/ap_clk
    SLICE_X34Y59         FDRE                                         r  bd_0_i/hls_inst/inst/shadow_bottomL_jR_V_U/system_top_shadow_bottomL_jR_V_ram_U/q0_reg[27]/C
  -------------------------------------------------------------------    -------------------
    SLICE_X34Y59         FDRE (Prop_fdre_C_Q)         0.118     0.414 r  bd_0_i/hls_inst/inst/shadow_bottomL_jR_V_U/system_top_shadow_bottomL_jR_V_ram_U/q0_reg[27]/Q
                         net (fo=2, routed)           0.102     0.516    bd_0_i/hls_inst/inst/grp_p_shadowquilt_main_loop_make_verticle_strip_fu_565/grp_get_acceptanceCorners_fu_1445/a_corner_list_V_U/system_top_get_acceptanceCorners_a_corner_list_V_ram_U/ram_reg_0[27]
    RAMB36_X2Y11         RAMB36E1                                     r  bd_0_i/hls_inst/inst/grp_p_shadowquilt_main_loop_make_verticle_strip_fu_565/grp_get_acceptanceCorners_fu_1445/a_corner_list_V_U/system_top_get_acceptanceCorners_a_corner_list_V_ram_U/ram_reg/DIADI[27]
  -------------------------------------------------------------------    -------------------

                         (clock ap_clk rise edge)     0.000     0.000 r  
                                                      0.000     0.000 r  ap_clk (IN)
                         net (fo=16362, unset)        0.312     0.312    bd_0_i/hls_inst/inst/grp_p_shadowquilt_main_loop_make_verticle_strip_fu_565/grp_get_acceptanceCorners_fu_1445/a_corner_list_V_U/system_top_get_acceptanceCorners_a_corner_list_V_ram_U/ap_clk
    RAMB36_X2Y11         RAMB36E1                                     r  bd_0_i/hls_inst/inst/grp_p_shadowquilt_main_loop_make_verticle_strip_fu_565/grp_get_acceptanceCorners_fu_1445/a_corner_list_V_U/system_top_get_acceptanceCorners_a_corner_list_V_ram_U/ram_reg/CLKARDCLK
                         clock pessimism              0.000     0.312    
    RAMB36_X2Y11         RAMB36E1 (Hold_ramb36e1_CLKARDCLK_DIADI[27])
                                                      0.155     0.467    bd_0_i/hls_inst/inst/grp_p_shadowquilt_main_loop_make_verticle_strip_fu_565/grp_get_acceptanceCorners_fu_1445/a_corner_list_V_U/system_top_get_acceptanceCorners_a_corner_list_V_ram_U/ram_reg
  -------------------------------------------------------------------
                         required time                         -0.467    
                         arrival time                           0.516    
  -------------------------------------------------------------------
                         slack                                  0.049    





Pulse Width Checks
--------------------------------------------------------------------------------------
Clock Name:         ap_clk
Waveform(ns):       { 0.000 5.000 }
Period(ns):         10.000
Sources:            { ap_clk }

Check Type        Corner  Lib Pin      Reference Pin  Required(ns)  Actual(ns)  Slack(ns)  Location      Pin
Min Period        n/a     DSP48E1/CLK  n/a            2.426         10.000      7.574      DSP48_X3Y7    bd_0_i/hls_inst/inst/grp_p_shadowquilt_main_loop_make_verticle_strip_fu_565/grp_makePatch_alignedToLine_fu_1322/grp_alignedtoline_per_layer_loop8_fu_183/mul_78s_108ns_185_3_1_U44/system_top_mul_78s_108ns_185_3_1_Multiplier_1_U/buff0_reg__6/CLK
Low Pulse Width   Slow    RAMS32/CLK   n/a            0.674         5.000       4.326      SLICE_X50Y59  bd_0_i/hls_inst/inst/a_corner_1_V_U/system_top_a_corner_1_V_ram_U/ram_reg_0_3_0_0/SP/CLK
High Pulse Width  Slow    RAMS32/CLK   n/a            0.674         5.000       4.326      SLICE_X50Y59  bd_0_i/hls_inst/inst/a_corner_1_V_U/system_top_a_corner_1_V_ram_U/ram_reg_0_3_0_0/SP/CLK



