

================================================================
== Vitis HLS Report for 'p_find_left_and_right_boundaries6'
================================================================
* Date:           Wed Jun 26 22:50:46 2024

* Version:        2020.2 (Build 3064766 on Wed Nov 18 09:12:45 MST 2020)
* Project:        ParticleCoverHLS
* Solution:       solutionOpt01 (Vivado IP Flow Target)
* Product family: virtexuplus
* Target device:  xcvu11p-flga2577-1-e


================================================================
== Performance Estimates
================================================================
+ Timing: 
    * Summary: 
    +--------+----------+----------+------------+
    |  Clock |  Target  | Estimated| Uncertainty|
    +--------+----------+----------+------------+
    |ap_clk  |  10.00 ns|  7.674 ns|     2.70 ns|
    +--------+----------+----------+------------+

+ Latency: 
    * Summary: 
    +---------+---------+----------+----------+-----+-----+---------+
    |  Latency (cycles) |  Latency (absolute) |  Interval | Pipeline|
    |   min   |   max   |    min   |    max   | min | max |   Type  |
    +---------+---------+----------+----------+-----+-----+---------+
    |        ?|        ?|         ?|         ?|    ?|    ?|     none|
    +---------+---------+----------+----------+-----+-----+---------+

    + Detail: 
        * Instance: 
        N/A

        * Loop: 
        +---------------------------------------+---------+---------+----------+-----------+-----------+------+----------+
        |                                       |  Latency (cycles) | Iteration|  Initiation Interval  | Trip |          |
        |               Loop Name               |   min   |   max   |  Latency |  achieved |   target  | Count| Pipelined|
        +---------------------------------------+---------+---------+----------+-----------+-----------+------+----------+
        |- loop_find_left_and_right_boundaries  |        ?|        ?|        17|          8|          1|     ?|       yes|
        +---------------------------------------+---------+---------+----------+-----------+-----------+------+----------+



================================================================
== Utilization Estimates
================================================================
* Summary: 
+---------------------+---------+------+---------+---------+-----+
|         Name        | BRAM_18K|  DSP |    FF   |   LUT   | URAM|
+---------------------+---------+------+---------+---------+-----+
|DSP                  |        -|     -|        -|        -|    -|
|Expression           |        -|     -|        0|    16102|    -|
|FIFO                 |        -|     -|        -|        -|    -|
|Instance             |        -|     6|      531|      687|    -|
|Memory               |        0|     -|       32|        3|    -|
|Multiplexer          |        -|     -|        -|      554|    -|
|Register             |        -|     -|     2150|        -|    -|
+---------------------+---------+------+---------+---------+-----+
|Total                |        0|     6|     2713|    17346|    0|
+---------------------+---------+------+---------+---------+-----+
|Available SLR        |     1344|  3072|   864000|   432000|  320|
+---------------------+---------+------+---------+---------+-----+
|Utilization SLR (%)  |        0|    ~0|       ~0|        4|    0|
+---------------------+---------+------+---------+---------+-----+
|Available            |     4032|  9216|  2592000|  1296000|  960|
+---------------------+---------+------+---------+---------+-----+
|Utilization (%)      |        0|    ~0|       ~0|        1|    0|
+---------------------+---------+------+---------+---------+-----+

+ Detail: 
    * Instance: 
    +---------------------------------------+------------------------------------+---------+----+-----+-----+-----+
    |                Instance               |               Module               | BRAM_18K| DSP|  FF | LUT | URAM|
    +---------------------------------------+------------------------------------+---------+----+-----+-----+-----+
    |faddfsub_32ns_32ns_32_3_full_dsp_1_U6  |faddfsub_32ns_32ns_32_3_full_dsp_1  |        0|   2|  177|  229|    0|
    |faddfsub_32ns_32ns_32_3_full_dsp_1_U7  |faddfsub_32ns_32ns_32_3_full_dsp_1  |        0|   2|  177|  229|    0|
    |fpext_32ns_64_2_no_dsp_1_U9            |fpext_32ns_64_2_no_dsp_1            |        0|   0|    0|    0|    0|
    |fpext_32ns_64_2_no_dsp_1_U10           |fpext_32ns_64_2_no_dsp_1            |        0|   0|    0|    0|    0|
    |fsub_32ns_32ns_32_3_full_dsp_1_U8      |fsub_32ns_32ns_32_3_full_dsp_1      |        0|   2|  177|  229|    0|
    +---------------------------------------+------------------------------------+---------+----+-----+-----+-----+
    |Total                                  |                                    |        0|   6|  531|  687|    0|
    +---------------------------------------+------------------------------------+---------+----+-----+-----+-----+

    * DSP: 
    N/A

    * Memory: 
    +--------------------------------------+----------------------------------------------------------------------+---------+----+----+-----+------+-----+------+-------------+
    |                Memory                |                                Module                                | BRAM_18K| FF | LUT| URAM| Words| Bits| Banks| W*Bits*Banks|
    +--------------------------------------+----------------------------------------------------------------------+---------+----+----+-----+------+-----+------+-------------+
    |get_trapezoid_edgestrapezoid_edges_U  |p_find_left_and_right_boundaries6_get_trapezoid_edgestrapezoid_edges  |        0|  32|   3|    0|     5|   32|     1|          160|
    +--------------------------------------+----------------------------------------------------------------------+---------+----+----+-----+------+-----+------+-------------+
    |Total                                 |                                                                      |        0|  32|   3|    0|     5|   32|     1|          160|
    +--------------------------------------+----------------------------------------------------------------------+---------+----+----+-----+------+-----+------+-------------+

    * FIFO: 
    N/A

    * Expression: 
    +----------------------------+----------+----+---+-----+------------+------------+
    |        Variable Name       | Operation| DSP| FF| LUT | Bitwidth P0| Bitwidth P1|
    +----------------------------+----------+----+---+-----+------------+------------+
    |add_ln45_fu_345_p2          |         +|   0|  0|   38|          31|           1|
    |add_ln46_fu_368_p2          |         +|   0|  0|   23|          16|          16|
    |add_ln47_1_fu_434_p2        |         +|   0|  0|   23|          16|          16|
    |add_ln47_2_fu_420_p2        |         +|   0|  0|   19|          12|           2|
    |add_ln47_3_fu_449_p2        |         +|   0|  0|   16|           9|           2|
    |add_ln47_fu_3303_p2         |         +|   0|  0|   39|          32|           2|
    |add_ln581_10_fu_3809_p2     |         +|   0|  0|   19|          12|           6|
    |add_ln581_11_fu_2637_p2     |         +|   0|  0|   19|          12|           6|
    |add_ln581_1_fu_5073_p2      |         +|   0|  0|   19|          12|           6|
    |add_ln581_2_fu_1760_p2      |         +|   0|  0|   19|          12|           6|
    |add_ln581_3_fu_5282_p2      |         +|   0|  0|   19|          12|           6|
    |add_ln581_4_fu_5634_p2      |         +|   0|  0|   19|          12|           6|
    |add_ln581_5_fu_3117_p2      |         +|   0|  0|   19|          12|           6|
    |add_ln581_6_fu_5931_p2      |         +|   0|  0|   19|          12|           6|
    |add_ln581_7_fu_2000_p2      |         +|   0|  0|   19|          12|           6|
    |add_ln581_8_fu_3529_p2      |         +|   0|  0|   19|          12|           6|
    |add_ln581_9_fu_2357_p2      |         +|   0|  0|   19|          12|           6|
    |add_ln581_fu_2917_p2        |         +|   0|  0|   19|          12|           6|
    |add_ln91_fu_4028_p2         |         +|   0|  0|   23|          16|          16|
    |add_ln958_3_fu_4237_p2      |         +|   0|  0|   39|          32|           6|
    |add_ln958_4_fu_1539_p2      |         +|   0|  0|   39|          32|           6|
    |add_ln958_5_fu_4538_p2      |         +|   0|  0|   39|          32|           6|
    |add_ln958_6_fu_1222_p2      |         +|   0|  0|   39|          32|           6|
    |add_ln958_7_fu_942_p2       |         +|   0|  0|   39|          32|           6|
    |add_ln958_8_fu_4823_p2      |         +|   0|  0|   39|          32|           6|
    |add_ln958_fu_654_p2         |         +|   0|  0|   39|          32|           6|
    |add_ln964_3_fu_4319_p2      |         +|   0|  0|   19|           8|           8|
    |add_ln964_4_fu_1618_p2      |         +|   0|  0|   19|           8|           8|
    |add_ln964_5_fu_4620_p2      |         +|   0|  0|   19|           8|           8|
    |add_ln964_6_fu_1301_p2      |         +|   0|  0|   19|           8|           8|
    |add_ln964_7_fu_1008_p2      |         +|   0|  0|   19|           8|           8|
    |add_ln964_8_fu_4905_p2      |         +|   0|  0|   19|           8|           8|
    |add_ln964_fu_720_p2         |         +|   0|  0|   19|           8|           8|
    |lsb_index_3_fu_1411_p2      |         +|   0|  0|   39|          32|           6|
    |lsb_index_4_fu_1094_p2      |         +|   0|  0|   39|          32|           6|
    |lsb_index_5_fu_804_p2       |         +|   0|  0|   39|          32|           6|
    |lsb_index_6_fu_4109_p2      |         +|   0|  0|   39|          32|           6|
    |lsb_index_7_fu_4410_p2      |         +|   0|  0|   39|          32|           6|
    |lsb_index_8_fu_4695_p2      |         +|   0|  0|   39|          32|           6|
    |lsb_index_fu_512_p2         |         +|   0|  0|   39|          32|           6|
    |m_25_fu_679_p2              |         +|   0|  0|   71|          64|          64|
    |m_30_fu_1575_p2             |         +|   0|  0|   71|          64|          64|
    |m_34_fu_1258_p2             |         +|   0|  0|   71|          64|          64|
    |m_38_fu_967_p2              |         +|   0|  0|   71|          64|          64|
    |m_42_fu_4273_p2             |         +|   0|  0|   71|          64|          64|
    |m_46_fu_4574_p2             |         +|   0|  0|   71|          64|          64|
    |m_50_fu_4859_p2             |         +|   0|  0|   71|          64|          64|
    |F2_10_fu_3797_p2            |         -|   0|  0|   19|          11|          12|
    |F2_11_fu_2625_p2            |         -|   0|  0|   19|          11|          12|
    |F2_1_fu_1748_p2             |         -|   0|  0|   19|          11|          12|
    |F2_2_fu_3105_p2             |         -|   0|  0|   19|          11|          12|
    |F2_3_fu_1988_p2             |         -|   0|  0|   19|          11|          12|
    |F2_4_fu_5061_p2             |         -|   0|  0|   19|          11|          12|
    |F2_5_fu_5270_p2             |         -|   0|  0|   19|          11|          12|
    |F2_6_fu_3517_p2             |         -|   0|  0|   19|          11|          12|
    |F2_7_fu_5622_p2             |         -|   0|  0|   19|          11|          12|
    |F2_8_fu_2345_p2             |         -|   0|  0|   19|          11|          12|
    |F2_9_fu_5919_p2             |         -|   0|  0|   19|          11|          12|
    |F2_fu_2905_p2               |         -|   0|  0|   19|          11|          12|
    |grp_fu_279_p2               |         -|   0|  0|   39|           1|          32|
    |grp_fu_297_p2               |         -|   0|  0|   39|           1|          32|
    |man_V_10_fu_1968_p2         |         -|   0|  0|   61|           1|          54|
    |man_V_13_fu_5048_p2         |         -|   0|  0|   61|           1|          54|
    |man_V_16_fu_5257_p2         |         -|   0|  0|   61|           1|          54|
    |man_V_19_fu_3497_p2         |         -|   0|  0|   61|           1|          54|
    |man_V_1_fu_2885_p2          |         -|   0|  0|   61|           1|          54|
    |man_V_22_fu_5602_p2         |         -|   0|  0|   61|           1|          54|
    |man_V_25_fu_2325_p2         |         -|   0|  0|   61|           1|          54|
    |man_V_28_fu_5899_p2         |         -|   0|  0|   61|           1|          54|
    |man_V_31_fu_3777_p2         |         -|   0|  0|   61|           1|          54|
    |man_V_34_fu_2605_p2         |         -|   0|  0|   61|           1|          54|
    |man_V_4_fu_1728_p2          |         -|   0|  0|   61|           1|          54|
    |man_V_7_fu_3085_p2          |         -|   0|  0|   61|           1|          54|
    |sub_ln47_fu_408_p2          |         -|   0|  0|   39|          32|          32|
    |sub_ln581_10_fu_3815_p2     |         -|   0|  0|   19|           5|          12|
    |sub_ln581_11_fu_2643_p2     |         -|   0|  0|   19|           5|          12|
    |sub_ln581_1_fu_5079_p2      |         -|   0|  0|   19|           5|          12|
    |sub_ln581_2_fu_1766_p2      |         -|   0|  0|   19|           5|          12|
    |sub_ln581_3_fu_5288_p2      |         -|   0|  0|   19|           5|          12|
    |sub_ln581_4_fu_5640_p2      |         -|   0|  0|   19|           5|          12|
    |sub_ln581_5_fu_3123_p2      |         -|   0|  0|   19|           5|          12|
    |sub_ln581_6_fu_5937_p2      |         -|   0|  0|   19|           5|          12|
    |sub_ln581_7_fu_2006_p2      |         -|   0|  0|   19|           5|          12|
    |sub_ln581_8_fu_3535_p2      |         -|   0|  0|   19|           5|          12|
    |sub_ln581_9_fu_2363_p2      |         -|   0|  0|   19|           5|          12|
    |sub_ln581_fu_2923_p2        |         -|   0|  0|   19|           5|          12|
    |sub_ln944_3_fu_4103_p2      |         -|   0|  0|   39|           6|          32|
    |sub_ln944_4_fu_1405_p2      |         -|   0|  0|   39|           6|          32|
    |sub_ln944_5_fu_4404_p2      |         -|   0|  0|   39|           6|          32|
    |sub_ln944_6_fu_1088_p2      |         -|   0|  0|   39|           6|          32|
    |sub_ln944_7_fu_798_p2       |         -|   0|  0|   39|           6|          32|
    |sub_ln944_8_fu_4689_p2      |         -|   0|  0|   39|           6|          32|
    |sub_ln944_fu_506_p2         |         -|   0|  0|   39|           6|          32|
    |sub_ln947_3_fu_1437_p2      |         -|   0|  0|   13|           4|           6|
    |sub_ln947_4_fu_1120_p2      |         -|   0|  0|   13|           4|           6|
    |sub_ln947_5_fu_830_p2       |         -|   0|  0|   13|           4|           6|
    |sub_ln947_6_fu_4135_p2      |         -|   0|  0|   13|           4|           6|
    |sub_ln947_7_fu_4436_p2      |         -|   0|  0|   13|           4|           6|
    |sub_ln947_8_fu_4721_p2      |         -|   0|  0|   13|           4|           6|
    |sub_ln947_fu_538_p2         |         -|   0|  0|   13|           4|           6|
    |sub_ln959_3_fu_4213_p2      |         -|   0|  0|   39|           5|          32|
    |sub_ln959_4_fu_1515_p2      |         -|   0|  0|   39|           5|          32|
    |sub_ln959_5_fu_4514_p2      |         -|   0|  0|   39|           5|          32|
    |sub_ln959_6_fu_1198_p2      |         -|   0|  0|   39|           5|          32|
    |sub_ln959_7_fu_927_p2       |         -|   0|  0|   39|           5|          32|
    |sub_ln959_8_fu_4799_p2      |         -|   0|  0|   39|           5|          32|
    |sub_ln959_fu_639_p2         |         -|   0|  0|   39|           5|          32|
    |sub_ln964_3_fu_4313_p2      |         -|   0|  0|   19|           4|           8|
    |sub_ln964_4_fu_1613_p2      |         -|   0|  0|   19|           4|           8|
    |sub_ln964_5_fu_4614_p2      |         -|   0|  0|   19|           4|           8|
    |sub_ln964_6_fu_1296_p2      |         -|   0|  0|   19|           4|           8|
    |sub_ln964_7_fu_1003_p2      |         -|   0|  0|   19|           4|           8|
    |sub_ln964_8_fu_4899_p2      |         -|   0|  0|   19|           4|           8|
    |sub_ln964_fu_715_p2         |         -|   0|  0|   19|           4|           8|
    |tmp_V_14_fu_766_p2          |         -|   0|  0|   39|           1|          32|
    |tmp_V_16_fu_4069_p2         |         -|   0|  0|   39|           1|          32|
    |tmp_V_fu_474_p2             |         -|   0|  0|   39|           1|          32|
    |and_ln1495_10_fu_2269_p2    |       and|   0|  0|    2|           1|           1|
    |and_ln1495_11_fu_2274_p2    |       and|   0|  0|    2|           1|           1|
    |and_ln1495_1_fu_3427_p2     |       and|   0|  0|    2|           1|           1|
    |and_ln1495_2_fu_5544_p2     |       and|   0|  0|    2|           1|           1|
    |and_ln1495_3_fu_5550_p2     |       and|   0|  0|    2|           1|           1|
    |and_ln1495_4_fu_2251_p2     |       and|   0|  0|    2|           1|           1|
    |and_ln1495_5_fu_2256_p2     |       and|   0|  0|    2|           1|           1|
    |and_ln1495_6_fu_5843_p2     |       and|   0|  0|    2|           1|           1|
    |and_ln1495_7_fu_5848_p2     |       and|   0|  0|    2|           1|           1|
    |and_ln1495_8_fu_3441_p2     |       and|   0|  0|    2|           1|           1|
    |and_ln1495_9_fu_3446_p2     |       and|   0|  0|    2|           1|           1|
    |and_ln1495_fu_3421_p2       |       and|   0|  0|    2|           1|           1|
    |and_ln581_10_fu_3913_p2     |       and|   0|  0|    2|           1|           1|
    |and_ln581_11_fu_2741_p2     |       and|   0|  0|    2|           1|           1|
    |and_ln581_1_fu_1854_p2      |       and|   0|  0|    2|           1|           1|
    |and_ln581_2_fu_3211_p2      |       and|   0|  0|    2|           1|           1|
    |and_ln581_3_fu_2094_p2      |       and|   0|  0|    2|           1|           1|
    |and_ln581_4_fu_5183_p2      |       and|   0|  0|    2|           1|           1|
    |and_ln581_5_fu_5404_p2      |       and|   0|  0|    2|           1|           1|
    |and_ln581_6_fu_3633_p2      |       and|   0|  0|    2|           1|           1|
    |and_ln581_7_fu_5738_p2      |       and|   0|  0|    2|           1|           1|
    |and_ln581_8_fu_2461_p2      |       and|   0|  0|    2|           1|           1|
    |and_ln581_9_fu_6035_p2      |       and|   0|  0|    2|           1|           1|
    |and_ln581_fu_2991_p2        |       and|   0|  0|    2|           1|           1|
    |and_ln582_10_fu_3895_p2     |       and|   0|  0|    2|           1|           1|
    |and_ln582_11_fu_2723_p2     |       and|   0|  0|    2|           1|           1|
    |and_ln582_1_fu_1836_p2      |       and|   0|  0|    2|           1|           1|
    |and_ln582_2_fu_3193_p2      |       and|   0|  0|    2|           1|           1|
    |and_ln582_3_fu_2076_p2      |       and|   0|  0|    2|           1|           1|
    |and_ln582_4_fu_5166_p2      |       and|   0|  0|    2|           1|           1|
    |and_ln582_5_fu_5387_p2      |       and|   0|  0|    2|           1|           1|
    |and_ln582_6_fu_3615_p2      |       and|   0|  0|    2|           1|           1|
    |and_ln582_7_fu_5720_p2      |       and|   0|  0|    2|           1|           1|
    |and_ln582_8_fu_2443_p2      |       and|   0|  0|    2|           1|           1|
    |and_ln582_9_fu_6017_p2      |       and|   0|  0|    2|           1|           1|
    |and_ln582_fu_3336_p2        |       and|   0|  0|    2|           1|           1|
    |and_ln585_10_fu_5410_p2     |       and|   0|  0|    2|           1|           1|
    |and_ln585_11_fu_5422_p2     |       and|   0|  0|    2|           1|           1|
    |and_ln585_12_fu_3639_p2     |       and|   0|  0|    2|           1|           1|
    |and_ln585_13_fu_3669_p2     |       and|   0|  0|    2|           1|           1|
    |and_ln585_14_fu_5744_p2     |       and|   0|  0|    2|           1|           1|
    |and_ln585_15_fu_5774_p2     |       and|   0|  0|    2|           1|           1|
    |and_ln585_16_fu_2467_p2     |       and|   0|  0|    2|           1|           1|
    |and_ln585_17_fu_2497_p2     |       and|   0|  0|    2|           1|           1|
    |and_ln585_18_fu_6041_p2     |       and|   0|  0|    2|           1|           1|
    |and_ln585_19_fu_6071_p2     |       and|   0|  0|    2|           1|           1|
    |and_ln585_1_fu_3009_p2      |       and|   0|  0|    2|           1|           1|
    |and_ln585_20_fu_3919_p2     |       and|   0|  0|    2|           1|           1|
    |and_ln585_21_fu_3949_p2     |       and|   0|  0|    2|           1|           1|
    |and_ln585_22_fu_2747_p2     |       and|   0|  0|    2|           1|           1|
    |and_ln585_23_fu_2777_p2     |       and|   0|  0|    2|           1|           1|
    |and_ln585_2_fu_1860_p2      |       and|   0|  0|    2|           1|           1|
    |and_ln585_3_fu_1872_p2      |       and|   0|  0|    2|           1|           1|
    |and_ln585_4_fu_3217_p2      |       and|   0|  0|    2|           1|           1|
    |and_ln585_5_fu_3229_p2      |       and|   0|  0|    2|           1|           1|
    |and_ln585_6_fu_2100_p2      |       and|   0|  0|    2|           1|           1|
    |and_ln585_7_fu_2112_p2      |       and|   0|  0|    2|           1|           1|
    |and_ln585_8_fu_5189_p2      |       and|   0|  0|    2|           1|           1|
    |and_ln585_9_fu_5201_p2      |       and|   0|  0|    2|           1|           1|
    |and_ln585_fu_2997_p2        |       and|   0|  0|    2|           1|           1|
    |and_ln603_10_fu_3937_p2     |       and|   0|  0|    2|           1|           1|
    |and_ln603_11_fu_2765_p2     |       and|   0|  0|    2|           1|           1|
    |and_ln603_1_fu_1890_p2      |       and|   0|  0|    2|           1|           1|
    |and_ln603_2_fu_3247_p2      |       and|   0|  0|    2|           1|           1|
    |and_ln603_3_fu_2130_p2      |       and|   0|  0|    2|           1|           1|
    |and_ln603_4_fu_5219_p2      |       and|   0|  0|    2|           1|           1|
    |and_ln603_5_fu_5440_p2      |       and|   0|  0|    2|           1|           1|
    |and_ln603_6_fu_3657_p2      |       and|   0|  0|    2|           1|           1|
    |and_ln603_7_fu_5762_p2      |       and|   0|  0|    2|           1|           1|
    |and_ln603_8_fu_2485_p2      |       and|   0|  0|    2|           1|           1|
    |and_ln603_9_fu_6059_p2      |       and|   0|  0|    2|           1|           1|
    |and_ln603_fu_3027_p2        |       and|   0|  0|    2|           1|           1|
    |and_ln949_10_fu_1188_p2     |       and|   0|  0|    2|           1|           1|
    |and_ln949_11_fu_858_p2      |       and|   0|  0|   32|          32|          32|
    |and_ln949_12_fu_898_p2      |       and|   0|  0|    2|           1|           1|
    |and_ln949_13_fu_4203_p2     |       and|   0|  0|    2|           1|           1|
    |and_ln949_14_fu_4504_p2     |       and|   0|  0|    2|           1|           1|
    |and_ln949_15_fu_4789_p2     |       and|   0|  0|    2|           1|           1|
    |and_ln949_16_fu_4163_p2     |       and|   0|  0|   32|          32|          32|
    |and_ln949_17_fu_4464_p2     |       and|   0|  0|   32|          32|          32|
    |and_ln949_18_fu_4749_p2     |       and|   0|  0|   32|          32|          32|
    |and_ln949_6_fu_606_p2       |       and|   0|  0|    2|           1|           1|
    |and_ln949_7_fu_1505_p2      |       and|   0|  0|    2|           1|           1|
    |and_ln949_8_fu_1465_p2      |       and|   0|  0|   32|          32|          32|
    |and_ln949_9_fu_1148_p2      |       and|   0|  0|   32|          32|          32|
    |and_ln949_fu_566_p2         |       and|   0|  0|   32|          32|          32|
    |ap_condition_561            |       and|   0|  0|    2|           1|           1|
    |ap_condition_590            |       and|   0|  0|    2|           1|           1|
    |ashr_ln586_10_fu_3873_p2    |      ashr|   0|  0|  161|          54|          54|
    |ashr_ln586_11_fu_2701_p2    |      ashr|   0|  0|  161|          54|          54|
    |ashr_ln586_1_fu_5137_p2     |      ashr|   0|  0|  161|          54|          54|
    |ashr_ln586_2_fu_1820_p2     |      ashr|   0|  0|  161|          54|          54|
    |ashr_ln586_3_fu_5346_p2     |      ashr|   0|  0|  161|          54|          54|
    |ashr_ln586_4_fu_5698_p2     |      ashr|   0|  0|  161|          54|          54|
    |ashr_ln586_5_fu_3177_p2     |      ashr|   0|  0|  161|          54|          54|
    |ashr_ln586_6_fu_5995_p2     |      ashr|   0|  0|  161|          54|          54|
    |ashr_ln586_7_fu_2060_p2     |      ashr|   0|  0|  161|          54|          54|
    |ashr_ln586_8_fu_3593_p2     |      ashr|   0|  0|  161|          54|          54|
    |ashr_ln586_9_fu_2421_p2     |      ashr|   0|  0|  161|          54|          54|
    |ashr_ln586_fu_2973_p2       |      ashr|   0|  0|  161|          54|          54|
    |icmp_ln45_fu_351_p2         |      icmp|   0|  0|   19|          31|          31|
    |icmp_ln571_10_fu_3791_p2    |      icmp|   0|  0|   28|          63|           1|
    |icmp_ln571_11_fu_2619_p2    |      icmp|   0|  0|   28|          63|           1|
    |icmp_ln571_1_fu_4992_p2     |      icmp|   0|  0|   28|          63|           1|
    |icmp_ln571_2_fu_1742_p2     |      icmp|   0|  0|   28|          63|           1|
    |icmp_ln571_3_fu_5028_p2     |      icmp|   0|  0|   28|          63|           1|
    |icmp_ln571_4_fu_5616_p2     |      icmp|   0|  0|   28|          63|           1|
    |icmp_ln571_5_fu_3099_p2     |      icmp|   0|  0|   28|          63|           1|
    |icmp_ln571_6_fu_5913_p2     |      icmp|   0|  0|   28|          63|           1|
    |icmp_ln571_7_fu_1982_p2     |      icmp|   0|  0|   28|          63|           1|
    |icmp_ln571_8_fu_3511_p2     |      icmp|   0|  0|   28|          63|           1|
    |icmp_ln571_9_fu_2339_p2     |      icmp|   0|  0|   28|          63|           1|
    |icmp_ln571_fu_2899_p2       |      icmp|   0|  0|   28|          63|           1|
    |icmp_ln581_10_fu_3803_p2    |      icmp|   0|  0|   12|          12|           5|
    |icmp_ln581_11_fu_2631_p2    |      icmp|   0|  0|   12|          12|           5|
    |icmp_ln581_1_fu_5067_p2     |      icmp|   0|  0|   12|          12|           5|
    |icmp_ln581_2_fu_1754_p2     |      icmp|   0|  0|   12|          12|           5|
    |icmp_ln581_3_fu_5276_p2     |      icmp|   0|  0|   12|          12|           5|
    |icmp_ln581_4_fu_5628_p2     |      icmp|   0|  0|   12|          12|           5|
    |icmp_ln581_5_fu_3111_p2     |      icmp|   0|  0|   12|          12|           5|
    |icmp_ln581_6_fu_5925_p2     |      icmp|   0|  0|   12|          12|           5|
    |icmp_ln581_7_fu_1994_p2     |      icmp|   0|  0|   12|          12|           5|
    |icmp_ln581_8_fu_3523_p2     |      icmp|   0|  0|   12|          12|           5|
    |icmp_ln581_9_fu_2351_p2     |      icmp|   0|  0|   12|          12|           5|
    |icmp_ln581_fu_2911_p2       |      icmp|   0|  0|   12|          12|           5|
    |icmp_ln582_10_fu_3833_p2    |      icmp|   0|  0|   12|          12|           5|
    |icmp_ln582_11_fu_2661_p2    |      icmp|   0|  0|   12|          12|           5|
    |icmp_ln582_1_fu_5097_p2     |      icmp|   0|  0|   12|          12|           5|
    |icmp_ln582_2_fu_1780_p2     |      icmp|   0|  0|   12|          12|           5|
    |icmp_ln582_3_fu_5306_p2     |      icmp|   0|  0|   12|          12|           5|
    |icmp_ln582_4_fu_5658_p2     |      icmp|   0|  0|   12|          12|           5|
    |icmp_ln582_5_fu_3137_p2     |      icmp|   0|  0|   12|          12|           5|
    |icmp_ln582_6_fu_5955_p2     |      icmp|   0|  0|   12|          12|           5|
    |icmp_ln582_7_fu_2020_p2     |      icmp|   0|  0|   12|          12|           5|
    |icmp_ln582_8_fu_3553_p2     |      icmp|   0|  0|   12|          12|           5|
    |icmp_ln582_9_fu_2381_p2     |      icmp|   0|  0|   12|          12|           5|
    |icmp_ln582_fu_2937_p2       |      icmp|   0|  0|   12|          12|           5|
    |icmp_ln585_10_fu_3843_p2    |      icmp|   0|  0|   12|          12|           6|
    |icmp_ln585_11_fu_2671_p2    |      icmp|   0|  0|   12|          12|           6|
    |icmp_ln585_1_fu_5107_p2     |      icmp|   0|  0|   12|          12|           6|
    |icmp_ln585_2_fu_1790_p2     |      icmp|   0|  0|   12|          12|           6|
    |icmp_ln585_3_fu_5316_p2     |      icmp|   0|  0|   12|          12|           6|
    |icmp_ln585_4_fu_5668_p2     |      icmp|   0|  0|   12|          12|           6|
    |icmp_ln585_5_fu_3147_p2     |      icmp|   0|  0|   12|          12|           6|
    |icmp_ln585_6_fu_5965_p2     |      icmp|   0|  0|   12|          12|           6|
    |icmp_ln585_7_fu_2030_p2     |      icmp|   0|  0|   12|          12|           6|
    |icmp_ln585_8_fu_3563_p2     |      icmp|   0|  0|   12|          12|           6|
    |icmp_ln585_9_fu_2391_p2     |      icmp|   0|  0|   12|          12|           6|
    |icmp_ln585_fu_2943_p2       |      icmp|   0|  0|   12|          12|           6|
    |icmp_ln603_10_fu_3859_p2    |      icmp|   0|  0|   10|           7|           1|
    |icmp_ln603_11_fu_2687_p2    |      icmp|   0|  0|   10|           7|           1|
    |icmp_ln603_1_fu_1806_p2     |      icmp|   0|  0|   10|           7|           1|
    |icmp_ln603_2_fu_3163_p2     |      icmp|   0|  0|   10|           7|           1|
    |icmp_ln603_3_fu_2046_p2     |      icmp|   0|  0|   10|           7|           1|
    |icmp_ln603_4_fu_5123_p2     |      icmp|   0|  0|   10|           7|           1|
    |icmp_ln603_5_fu_5332_p2     |      icmp|   0|  0|   10|           7|           1|
    |icmp_ln603_6_fu_3579_p2     |      icmp|   0|  0|   10|           7|           1|
    |icmp_ln603_7_fu_5684_p2     |      icmp|   0|  0|   10|           7|           1|
    |icmp_ln603_8_fu_2407_p2     |      icmp|   0|  0|   10|           7|           1|
    |icmp_ln603_9_fu_5981_p2     |      icmp|   0|  0|   10|           7|           1|
    |icmp_ln603_fu_2959_p2       |      icmp|   0|  0|   10|           7|           1|
    |icmp_ln935_2_fu_4075_p2     |      icmp|   0|  0|   20|          32|           1|
    |icmp_ln935_3_fu_1373_p2     |      icmp|   0|  0|   20|          32|           1|
    |icmp_ln935_4_fu_4376_p2     |      icmp|   0|  0|   20|          32|           1|
    |icmp_ln935_5_fu_1056_p2     |      icmp|   0|  0|   20|          32|           1|
    |icmp_ln935_6_fu_4661_p2     |      icmp|   0|  0|   20|          32|           1|
    |icmp_ln935_7_fu_760_p2      |      icmp|   0|  0|   20|          32|           1|
    |icmp_ln935_fu_468_p2        |      icmp|   0|  0|   20|          32|           1|
    |icmp_ln946_3_fu_1427_p2     |      icmp|   0|  0|   19|          31|           1|
    |icmp_ln946_4_fu_1110_p2     |      icmp|   0|  0|   19|          31|           1|
    |icmp_ln946_5_fu_820_p2      |      icmp|   0|  0|   19|          31|           1|
    |icmp_ln946_6_fu_4125_p2     |      icmp|   0|  0|   19|          31|           1|
    |icmp_ln946_7_fu_4426_p2     |      icmp|   0|  0|   19|          31|           1|
    |icmp_ln946_8_fu_4711_p2     |      icmp|   0|  0|   19|          31|           1|
    |icmp_ln946_fu_528_p2        |      icmp|   0|  0|   19|          31|           1|
    |icmp_ln949_3_fu_1471_p2     |      icmp|   0|  0|   20|          32|           1|
    |icmp_ln949_4_fu_1154_p2     |      icmp|   0|  0|   20|          32|           1|
    |icmp_ln949_5_fu_864_p2      |      icmp|   0|  0|   20|          32|           1|
    |icmp_ln949_6_fu_4169_p2     |      icmp|   0|  0|   20|          32|           1|
    |icmp_ln949_7_fu_4470_p2     |      icmp|   0|  0|   20|          32|           1|
    |icmp_ln949_8_fu_4755_p2     |      icmp|   0|  0|   20|          32|           1|
    |icmp_ln949_fu_572_p2        |      icmp|   0|  0|   20|          32|           1|
    |icmp_ln958_3_fu_4197_p2     |      icmp|   0|  0|   20|          32|           1|
    |icmp_ln958_4_fu_1499_p2     |      icmp|   0|  0|   20|          32|           1|
    |icmp_ln958_5_fu_4498_p2     |      icmp|   0|  0|   20|          32|           1|
    |icmp_ln958_6_fu_1182_p2     |      icmp|   0|  0|   20|          32|           1|
    |icmp_ln958_7_fu_892_p2      |      icmp|   0|  0|   20|          32|           1|
    |icmp_ln958_8_fu_4783_p2     |      icmp|   0|  0|   20|          32|           1|
    |icmp_ln958_fu_600_p2        |      icmp|   0|  0|   20|          32|           1|
    |lshr_ln947_3_fu_1447_p2     |      lshr|   0|  0|  100|           2|          32|
    |lshr_ln947_4_fu_1130_p2     |      lshr|   0|  0|  100|           2|          32|
    |lshr_ln947_5_fu_840_p2      |      lshr|   0|  0|  100|           2|          32|
    |lshr_ln947_6_fu_4145_p2     |      lshr|   0|  0|  100|           2|          32|
    |lshr_ln947_7_fu_4446_p2     |      lshr|   0|  0|  100|           2|          32|
    |lshr_ln947_8_fu_4731_p2     |      lshr|   0|  0|  100|           2|          32|
    |lshr_ln947_fu_548_p2        |      lshr|   0|  0|  100|           2|          32|
    |lshr_ln958_3_fu_4247_p2     |      lshr|   0|  0|  182|          64|          64|
    |lshr_ln958_4_fu_1549_p2     |      lshr|   0|  0|  182|          64|          64|
    |lshr_ln958_5_fu_4548_p2     |      lshr|   0|  0|  182|          64|          64|
    |lshr_ln958_6_fu_1232_p2     |      lshr|   0|  0|  182|          64|          64|
    |lshr_ln958_7_fu_951_p2      |      lshr|   0|  0|  182|          64|          64|
    |lshr_ln958_8_fu_4833_p2     |      lshr|   0|  0|  182|          64|          64|
    |lshr_ln958_fu_663_p2        |      lshr|   0|  0|  182|          64|          64|
    |ap_block_state1             |        or|   0|  0|    2|           1|           1|
    |or_ln581_10_fu_3925_p2      |        or|   0|  0|    2|           1|           1|
    |or_ln581_11_fu_2753_p2      |        or|   0|  0|    2|           1|           1|
    |or_ln581_1_fu_1878_p2       |        or|   0|  0|    2|           1|           1|
    |or_ln581_2_fu_3235_p2       |        or|   0|  0|    2|           1|           1|
    |or_ln581_3_fu_2118_p2       |        or|   0|  0|    2|           1|           1|
    |or_ln581_4_fu_5207_p2       |        or|   0|  0|    2|           1|           1|
    |or_ln581_5_fu_5428_p2       |        or|   0|  0|    2|           1|           1|
    |or_ln581_6_fu_3645_p2       |        or|   0|  0|    2|           1|           1|
    |or_ln581_7_fu_5750_p2       |        or|   0|  0|    2|           1|           1|
    |or_ln581_8_fu_2473_p2       |        or|   0|  0|    2|           1|           1|
    |or_ln581_9_fu_6047_p2       |        or|   0|  0|    2|           1|           1|
    |or_ln581_fu_3015_p2         |        or|   0|  0|    2|           1|           1|
    |or_ln582_10_fu_3901_p2      |        or|   0|  0|    2|           1|           1|
    |or_ln582_11_fu_2729_p2      |        or|   0|  0|    2|           1|           1|
    |or_ln582_1_fu_1842_p2       |        or|   0|  0|    2|           1|           1|
    |or_ln582_2_fu_3199_p2       |        or|   0|  0|    2|           1|           1|
    |or_ln582_3_fu_2082_p2       |        or|   0|  0|    2|           1|           1|
    |or_ln582_4_fu_5172_p2       |        or|   0|  0|    2|           1|           1|
    |or_ln582_5_fu_5393_p2       |        or|   0|  0|    2|           1|           1|
    |or_ln582_6_fu_3621_p2       |        or|   0|  0|    2|           1|           1|
    |or_ln582_7_fu_5726_p2       |        or|   0|  0|    2|           1|           1|
    |or_ln582_8_fu_2449_p2       |        or|   0|  0|    2|           1|           1|
    |or_ln582_9_fu_6023_p2       |        or|   0|  0|    2|           1|           1|
    |or_ln582_fu_2979_p2         |        or|   0|  0|    2|           1|           1|
    |or_ln585_10_fu_6091_p2      |        or|   0|  0|    2|           1|           1|
    |or_ln585_11_fu_6113_p2      |        or|   0|  0|    2|           1|           1|
    |or_ln585_12_fu_3955_p2      |        or|   0|  0|    2|           1|           1|
    |or_ln585_13_fu_3969_p2      |        or|   0|  0|    2|           1|           1|
    |or_ln585_14_fu_3991_p2      |        or|   0|  0|    2|           1|           1|
    |or_ln585_15_fu_2783_p2      |        or|   0|  0|    2|           1|           1|
    |or_ln585_16_fu_2797_p2      |        or|   0|  0|    2|           1|           1|
    |or_ln585_17_fu_2819_p2      |        or|   0|  0|    2|           1|           1|
    |or_ln585_1_fu_3689_p2       |        or|   0|  0|    2|           1|           1|
    |or_ln585_2_fu_3711_p2       |        or|   0|  0|    2|           1|           1|
    |or_ln585_3_fu_5780_p2       |        or|   0|  0|    2|           1|           1|
    |or_ln585_4_fu_5794_p2       |        or|   0|  0|    2|           1|           1|
    |or_ln585_5_fu_5816_p2       |        or|   0|  0|    2|           1|           1|
    |or_ln585_6_fu_2503_p2       |        or|   0|  0|    2|           1|           1|
    |or_ln585_7_fu_2517_p2       |        or|   0|  0|    2|           1|           1|
    |or_ln585_8_fu_2539_p2       |        or|   0|  0|    2|           1|           1|
    |or_ln585_9_fu_6077_p2       |        or|   0|  0|    2|           1|           1|
    |or_ln585_fu_3675_p2         |        or|   0|  0|    2|           1|           1|
    |or_ln603_10_fu_2150_p2      |        or|   0|  0|    2|           1|           1|
    |or_ln603_11_fu_2156_p2      |        or|   0|  0|    2|           1|           1|
    |or_ln603_12_fu_5225_p2      |        or|   0|  0|    2|           1|           1|
    |or_ln603_13_fu_5231_p2      |        or|   0|  0|    2|           1|           1|
    |or_ln603_14_fu_5237_p2      |        or|   0|  0|    2|           1|           1|
    |or_ln603_15_fu_5454_p2      |        or|   0|  0|    2|           1|           1|
    |or_ln603_16_fu_5468_p2      |        or|   0|  0|    2|           1|           1|
    |or_ln603_17_fu_5482_p2      |        or|   0|  0|    2|           1|           1|
    |or_ln603_1_fu_3341_p2       |        or|   0|  0|    2|           1|           1|
    |or_ln603_2_fu_3346_p2       |        or|   0|  0|    2|           1|           1|
    |or_ln603_3_fu_1896_p2       |        or|   0|  0|    2|           1|           1|
    |or_ln603_4_fu_1910_p2       |        or|   0|  0|    2|           1|           1|
    |or_ln603_5_fu_1916_p2       |        or|   0|  0|    2|           1|           1|
    |or_ln603_6_fu_3253_p2       |        or|   0|  0|    2|           1|           1|
    |or_ln603_7_fu_3267_p2       |        or|   0|  0|    2|           1|           1|
    |or_ln603_8_fu_3273_p2       |        or|   0|  0|    2|           1|           1|
    |or_ln603_9_fu_2136_p2       |        or|   0|  0|    2|           1|           1|
    |or_ln603_fu_3033_p2         |        or|   0|  0|    2|           1|           1|
    |or_ln949_10_fu_1142_p2      |        or|   0|  0|   32|          32|          32|
    |or_ln949_11_fu_852_p2       |        or|   0|  0|   32|          32|          32|
    |or_ln949_12_fu_4157_p2      |        or|   0|  0|   32|          32|          32|
    |or_ln949_13_fu_4458_p2      |        or|   0|  0|   32|          32|          32|
    |or_ln949_14_fu_4743_p2      |        or|   0|  0|   32|          32|          32|
    |or_ln949_9_fu_560_p2        |        or|   0|  0|   32|          32|          32|
    |or_ln949_fu_1459_p2         |        or|   0|  0|   32|          32|          32|
    |m_29_fu_1563_p3             |    select|   0|  0|   64|           1|          64|
    |m_33_fu_1246_p3             |    select|   0|  0|   64|           1|          64|
    |m_37_fu_957_p3              |    select|   0|  0|   64|           1|          64|
    |m_41_fu_4261_p3             |    select|   0|  0|   64|           1|          64|
    |m_45_fu_4562_p3             |    select|   0|  0|   64|           1|          64|
    |m_49_fu_4847_p3             |    select|   0|  0|   64|           1|          64|
    |m_70_fu_480_p3              |    select|   0|  0|   32|           1|          32|
    |m_72_fu_1379_p3             |    select|   0|  0|   32|           1|          32|
    |m_74_fu_1062_p3             |    select|   0|  0|   32|           1|          32|
    |m_76_fu_772_p3              |    select|   0|  0|   32|           1|          32|
    |m_78_fu_4080_p3             |    select|   0|  0|   32|           1|          32|
    |m_80_fu_4381_p3             |    select|   0|  0|   32|           1|          32|
    |m_82_fu_4666_p3             |    select|   0|  0|   32|           1|          32|
    |m_fu_669_p3                 |    select|   0|  0|   64|           1|          64|
    |man_V_11_fu_1974_p3         |    select|   0|  0|   54|           1|          54|
    |man_V_14_fu_5054_p3         |    select|   0|  0|   54|           1|          54|
    |man_V_17_fu_5263_p3         |    select|   0|  0|   54|           1|          54|
    |man_V_20_fu_3503_p3         |    select|   0|  0|   54|           1|          54|
    |man_V_23_fu_5608_p3         |    select|   0|  0|   54|           1|          54|
    |man_V_26_fu_2331_p3         |    select|   0|  0|   54|           1|          54|
    |man_V_29_fu_5905_p3         |    select|   0|  0|   54|           1|          54|
    |man_V_2_fu_2891_p3          |    select|   0|  0|   54|           1|          54|
    |man_V_32_fu_3783_p3         |    select|   0|  0|   54|           1|          54|
    |man_V_35_fu_2611_p3         |    select|   0|  0|   54|           1|          54|
    |man_V_5_fu_1734_p3          |    select|   0|  0|   54|           1|          54|
    |man_V_8_fu_3091_p3          |    select|   0|  0|   54|           1|          54|
    |select_ln585_10_fu_2531_p3  |    select|   0|  0|   32|           1|           1|
    |select_ln585_11_fu_2545_p3  |    select|   0|  0|   32|           1|          32|
    |select_ln585_12_fu_6083_p3  |    select|   0|  0|   32|           1|          32|
    |select_ln585_13_fu_6097_p3  |    select|   0|  0|   32|           1|          32|
    |select_ln585_14_fu_6105_p3  |    select|   0|  0|   32|           1|           1|
    |select_ln585_15_fu_6119_p3  |    select|   0|  0|   32|           1|          32|
    |select_ln585_16_fu_3961_p3  |    select|   0|  0|   32|           1|          32|
    |select_ln585_17_fu_3975_p3  |    select|   0|  0|   32|           1|          32|
    |select_ln585_18_fu_3983_p3  |    select|   0|  0|   32|           1|           1|
    |select_ln585_19_fu_3997_p3  |    select|   0|  0|   32|           1|          32|
    |select_ln585_1_fu_3695_p3   |    select|   0|  0|   32|           1|          32|
    |select_ln585_20_fu_2789_p3  |    select|   0|  0|   32|           1|          32|
    |select_ln585_21_fu_2803_p3  |    select|   0|  0|   32|           1|          32|
    |select_ln585_22_fu_2811_p3  |    select|   0|  0|   32|           1|           1|
    |select_ln585_23_fu_2825_p3  |    select|   0|  0|   32|           1|          32|
    |select_ln585_2_fu_3703_p3   |    select|   0|  0|   32|           1|           1|
    |select_ln585_3_fu_3717_p3   |    select|   0|  0|   32|           1|          32|
    |select_ln585_4_fu_5786_p3   |    select|   0|  0|   32|           1|          32|
    |select_ln585_5_fu_5800_p3   |    select|   0|  0|   32|           1|          32|
    |select_ln585_6_fu_5808_p3   |    select|   0|  0|   32|           1|           1|
    |select_ln585_7_fu_5822_p3   |    select|   0|  0|   32|           1|          32|
    |select_ln585_8_fu_2509_p3   |    select|   0|  0|   32|           1|          32|
    |select_ln585_9_fu_2523_p3   |    select|   0|  0|   32|           1|          32|
    |select_ln585_fu_3681_p3     |    select|   0|  0|   32|           1|          32|
    |select_ln588_1_fu_3366_p3   |    select|   0|  0|    2|           1|           2|
    |select_ln588_2_fu_2217_p3   |    select|   0|  0|    2|           1|           2|
    |select_ln588_3_fu_3400_p3   |    select|   0|  0|    2|           1|           2|
    |select_ln588_4_fu_5368_p3   |    select|   0|  0|    2|           1|           2|
    |select_ln588_5_fu_5496_p3   |    select|   0|  0|    2|           1|           2|
    |select_ln588_fu_2177_p3     |    select|   0|  0|    2|           1|           2|
    |select_ln603_10_fu_3295_p3  |    select|   0|  0|    2|           1|           1|
    |select_ln603_11_fu_3415_p3  |    select|   0|  0|    2|           1|           1|
    |select_ln603_12_fu_5446_p3  |    select|   0|  0|   32|           1|          32|
    |select_ln603_13_fu_5460_p3  |    select|   0|  0|   32|           1|          32|
    |select_ln603_14_fu_5474_p3  |    select|   0|  0|   32|           1|          32|
    |select_ln603_15_fu_5504_p3  |    select|   0|  0|    2|           1|           1|
    |select_ln603_16_fu_5528_p3  |    select|   0|  0|    2|           1|           1|
    |select_ln603_17_fu_5536_p3  |    select|   0|  0|    2|           1|           1|
    |select_ln603_1_fu_1902_p3   |    select|   0|  0|   32|           1|          32|
    |select_ln603_2_fu_2197_p3   |    select|   0|  0|   32|           1|          32|
    |select_ln603_3_fu_3379_p3   |    select|   0|  0|   32|           1|          32|
    |select_ln603_4_fu_3259_p3   |    select|   0|  0|   32|           1|          32|
    |select_ln603_5_fu_3386_p3   |    select|   0|  0|   32|           1|          32|
    |select_ln603_6_fu_2230_p3   |    select|   0|  0|   32|           1|          32|
    |select_ln603_7_fu_2142_p3   |    select|   0|  0|   32|           1|          32|
    |select_ln603_8_fu_2237_p3   |    select|   0|  0|   32|           1|          32|
    |select_ln603_9_fu_3408_p3   |    select|   0|  0|    2|           1|           1|
    |select_ln603_fu_2190_p3     |    select|   0|  0|   32|           1|          32|
    |select_ln935_2_fu_1651_p3   |    select|   0|  0|   32|           1|          32|
    |select_ln935_3_fu_1334_p3   |    select|   0|  0|   32|           1|          32|
    |select_ln935_4_fu_1041_p3   |    select|   0|  0|   32|           1|          32|
    |select_ln935_5_fu_4352_p3   |    select|   0|  0|   32|           1|          32|
    |select_ln935_6_fu_4653_p3   |    select|   0|  0|   32|           1|           1|
    |select_ln935_7_fu_4938_p3   |    select|   0|  0|   32|           1|           1|
    |select_ln935_fu_753_p3      |    select|   0|  0|   32|           1|          32|
    |select_ln943_3_fu_1606_p3   |    select|   0|  0|    7|           1|           7|
    |select_ln943_4_fu_1289_p3   |    select|   0|  0|    7|           1|           7|
    |select_ln943_5_fu_995_p3    |    select|   0|  0|    7|           1|           7|
    |select_ln943_6_fu_4301_p3   |    select|   0|  0|    7|           1|           7|
    |select_ln943_7_fu_4602_p3   |    select|   0|  0|    7|           1|           7|
    |select_ln943_8_fu_4887_p3   |    select|   0|  0|    7|           1|           7|
    |select_ln943_fu_707_p3      |    select|   0|  0|    7|           1|           7|
    |select_ln946_3_fu_1531_p3   |    select|   0|  0|    2|           1|           1|
    |select_ln946_4_fu_1214_p3   |    select|   0|  0|    2|           1|           1|
    |select_ln946_5_fu_904_p3    |    select|   0|  0|    2|           1|           1|
    |select_ln946_6_fu_4229_p3   |    select|   0|  0|    2|           1|           1|
    |select_ln946_7_fu_4530_p3   |    select|   0|  0|    2|           1|           1|
    |select_ln946_8_fu_4815_p3   |    select|   0|  0|    2|           1|           1|
    |select_ln946_fu_612_p3      |    select|   0|  0|    2|           1|           1|
    |select_ln958_11_fu_912_p3   |    select|   0|  0|    2|           1|           1|
    |select_ln958_13_fu_4253_p3  |    select|   0|  0|    2|           1|           1|
    |select_ln958_15_fu_4554_p3  |    select|   0|  0|    2|           1|           1|
    |select_ln958_17_fu_4839_p3  |    select|   0|  0|    2|           1|           1|
    |select_ln958_7_fu_1555_p3   |    select|   0|  0|    2|           1|           1|
    |select_ln958_9_fu_1238_p3   |    select|   0|  0|    2|           1|           1|
    |select_ln958_fu_620_p3      |    select|   0|  0|    2|           1|           1|
    |sh_amt_10_fu_3821_p3        |    select|   0|  0|   12|           1|          12|
    |sh_amt_11_fu_2649_p3        |    select|   0|  0|   12|           1|          12|
    |sh_amt_1_fu_1772_p3         |    select|   0|  0|   12|           1|          12|
    |sh_amt_2_fu_3129_p3         |    select|   0|  0|   12|           1|          12|
    |sh_amt_3_fu_2012_p3         |    select|   0|  0|   12|           1|          12|
    |sh_amt_4_fu_5085_p3         |    select|   0|  0|   12|           1|          12|
    |sh_amt_5_fu_5294_p3         |    select|   0|  0|   12|           1|          12|
    |sh_amt_6_fu_3541_p3         |    select|   0|  0|   12|           1|          12|
    |sh_amt_7_fu_5646_p3         |    select|   0|  0|   12|           1|          12|
    |sh_amt_8_fu_2369_p3         |    select|   0|  0|   12|           1|          12|
    |sh_amt_9_fu_5943_p3         |    select|   0|  0|   12|           1|          12|
    |sh_amt_fu_2929_p3           |    select|   0|  0|   12|           1|          12|
    |shl_ln604_10_fu_3883_p2     |       shl|   0|  0|  100|          32|          32|
    |shl_ln604_11_fu_2711_p2     |       shl|   0|  0|  100|          32|          32|
    |shl_ln604_1_fu_5155_p2      |       shl|   0|  0|  100|          32|          32|
    |shl_ln604_2_fu_2185_p2      |       shl|   0|  0|  100|          32|          32|
    |shl_ln604_3_fu_5376_p2      |       shl|   0|  0|  100|          32|          32|
    |shl_ln604_4_fu_5708_p2      |       shl|   0|  0|  100|          32|          32|
    |shl_ln604_5_fu_3374_p2      |       shl|   0|  0|  100|          32|          32|
    |shl_ln604_6_fu_6005_p2      |       shl|   0|  0|  100|          32|          32|
    |shl_ln604_7_fu_2225_p2      |       shl|   0|  0|  100|          32|          32|
    |shl_ln604_8_fu_3603_p2      |       shl|   0|  0|  100|          32|          32|
    |shl_ln604_9_fu_2431_p2      |       shl|   0|  0|  100|          32|          32|
    |shl_ln604_fu_3325_p2        |       shl|   0|  0|  100|          32|          32|
    |shl_ln949_3_fu_4151_p2      |       shl|   0|  0|  100|           1|          32|
    |shl_ln949_4_fu_1453_p2      |       shl|   0|  0|  100|           1|          32|
    |shl_ln949_5_fu_4452_p2      |       shl|   0|  0|  100|           1|          32|
    |shl_ln949_6_fu_1136_p2      |       shl|   0|  0|  100|           1|          32|
    |shl_ln949_7_fu_846_p2       |       shl|   0|  0|  100|           1|          32|
    |shl_ln949_8_fu_4737_p2      |       shl|   0|  0|  100|           1|          32|
    |shl_ln949_fu_554_p2         |       shl|   0|  0|  100|           1|          32|
    |shl_ln959_3_fu_4223_p2      |       shl|   0|  0|  182|          64|          64|
    |shl_ln959_4_fu_1525_p2      |       shl|   0|  0|  182|          64|          64|
    |shl_ln959_5_fu_4524_p2      |       shl|   0|  0|  182|          64|          64|
    |shl_ln959_6_fu_1208_p2      |       shl|   0|  0|  182|          64|          64|
    |shl_ln959_7_fu_936_p2       |       shl|   0|  0|  182|          64|          64|
    |shl_ln959_8_fu_4809_p2      |       shl|   0|  0|  182|          64|          64|
    |shl_ln959_fu_648_p2         |       shl|   0|  0|  182|          64|          64|
    |ap_enable_pp0               |       xor|   0|  0|    2|           1|           2|
    |xor_ln571_10_fu_3889_p2     |       xor|   0|  0|    2|           1|           2|
    |xor_ln571_11_fu_2717_p2     |       xor|   0|  0|    2|           1|           2|
    |xor_ln571_1_fu_1830_p2      |       xor|   0|  0|    2|           1|           2|
    |xor_ln571_2_fu_3187_p2      |       xor|   0|  0|    2|           1|           2|
    |xor_ln571_3_fu_2070_p2      |       xor|   0|  0|    2|           1|           2|
    |xor_ln571_4_fu_5161_p2      |       xor|   0|  0|    2|           1|           2|
    |xor_ln571_5_fu_5382_p2      |       xor|   0|  0|    2|           1|           2|
    |xor_ln571_6_fu_3609_p2      |       xor|   0|  0|    2|           1|           2|
    |xor_ln571_7_fu_5714_p2      |       xor|   0|  0|    2|           1|           2|
    |xor_ln571_8_fu_2437_p2      |       xor|   0|  0|    2|           1|           2|
    |xor_ln571_9_fu_6011_p2      |       xor|   0|  0|    2|           1|           2|
    |xor_ln571_fu_3331_p2        |       xor|   0|  0|    2|           1|           2|
    |xor_ln581_10_fu_3931_p2     |       xor|   0|  0|    2|           1|           2|
    |xor_ln581_11_fu_2759_p2     |       xor|   0|  0|    2|           1|           2|
    |xor_ln581_1_fu_1884_p2      |       xor|   0|  0|    2|           1|           2|
    |xor_ln581_2_fu_3241_p2      |       xor|   0|  0|    2|           1|           2|
    |xor_ln581_3_fu_2124_p2      |       xor|   0|  0|    2|           1|           2|
    |xor_ln581_4_fu_5213_p2      |       xor|   0|  0|    2|           1|           2|
    |xor_ln581_5_fu_5434_p2      |       xor|   0|  0|    2|           1|           2|
    |xor_ln581_6_fu_3651_p2      |       xor|   0|  0|    2|           1|           2|
    |xor_ln581_7_fu_5756_p2      |       xor|   0|  0|    2|           1|           2|
    |xor_ln581_8_fu_2479_p2      |       xor|   0|  0|    2|           1|           2|
    |xor_ln581_9_fu_6053_p2      |       xor|   0|  0|    2|           1|           2|
    |xor_ln581_fu_3021_p2        |       xor|   0|  0|    2|           1|           2|
    |xor_ln582_10_fu_3907_p2     |       xor|   0|  0|    2|           1|           2|
    |xor_ln582_11_fu_2735_p2     |       xor|   0|  0|    2|           1|           2|
    |xor_ln582_1_fu_1848_p2      |       xor|   0|  0|    2|           1|           2|
    |xor_ln582_2_fu_3205_p2      |       xor|   0|  0|    2|           1|           2|
    |xor_ln582_3_fu_2088_p2      |       xor|   0|  0|    2|           1|           2|
    |xor_ln582_4_fu_5177_p2      |       xor|   0|  0|    2|           1|           2|
    |xor_ln582_5_fu_5398_p2      |       xor|   0|  0|    2|           1|           2|
    |xor_ln582_6_fu_3627_p2      |       xor|   0|  0|    2|           1|           2|
    |xor_ln582_7_fu_5732_p2      |       xor|   0|  0|    2|           1|           2|
    |xor_ln582_8_fu_2455_p2      |       xor|   0|  0|    2|           1|           2|
    |xor_ln582_9_fu_6029_p2      |       xor|   0|  0|    2|           1|           2|
    |xor_ln582_fu_2985_p2        |       xor|   0|  0|    2|           1|           2|
    |xor_ln585_10_fu_3943_p2     |       xor|   0|  0|    2|           1|           2|
    |xor_ln585_11_fu_2771_p2     |       xor|   0|  0|    2|           1|           2|
    |xor_ln585_1_fu_1866_p2      |       xor|   0|  0|    2|           1|           2|
    |xor_ln585_2_fu_3223_p2      |       xor|   0|  0|    2|           1|           2|
    |xor_ln585_3_fu_2106_p2      |       xor|   0|  0|    2|           1|           2|
    |xor_ln585_4_fu_5195_p2      |       xor|   0|  0|    2|           1|           2|
    |xor_ln585_5_fu_5416_p2      |       xor|   0|  0|    2|           1|           2|
    |xor_ln585_6_fu_3663_p2      |       xor|   0|  0|    2|           1|           2|
    |xor_ln585_7_fu_5768_p2      |       xor|   0|  0|    2|           1|           2|
    |xor_ln585_8_fu_2491_p2      |       xor|   0|  0|    2|           1|           2|
    |xor_ln585_9_fu_6065_p2      |       xor|   0|  0|    2|           1|           2|
    |xor_ln585_fu_3003_p2        |       xor|   0|  0|    2|           1|           2|
    |xor_ln949_3_fu_1485_p2      |       xor|   0|  0|    2|           1|           2|
    |xor_ln949_4_fu_1168_p2      |       xor|   0|  0|    2|           1|           2|
    |xor_ln949_5_fu_878_p2       |       xor|   0|  0|    2|           1|           2|
    |xor_ln949_6_fu_4183_p2      |       xor|   0|  0|    2|           1|           2|
    |xor_ln949_7_fu_4484_p2      |       xor|   0|  0|    2|           1|           2|
    |xor_ln949_8_fu_4769_p2      |       xor|   0|  0|    2|           1|           2|
    |xor_ln949_fu_586_p2         |       xor|   0|  0|    2|           1|           2|
    +----------------------------+----------+----+---+-----+------------+------------+
    |Total                       |          |   0|  0|16102|        6503|        8415|
    +----------------------------+----------+----+---+-----+------------+------------+

    * Multiplexer: 
    +----------------------------+-----+-----------+-----+-----------+
    |            Name            | LUT | Input Size| Bits| Total Bits|
    +----------------------------+-----+-----------+-----+-----------+
    |ap_NS_fsm                   |  131|         28|    1|         28|
    |ap_done                     |    9|          2|    1|          2|
    |ap_enable_reg_pp0_iter2     |    9|          2|    1|          2|
    |ap_phi_mux_j_phi_fu_232_p4  |    9|          2|   31|         62|
    |ap_sig_allocacmp_p_Val2_72  |   14|          3|   32|         96|
    |ap_sig_allocacmp_p_Val2_s   |   14|          3|   32|         96|
    |grp_fu_239_opcode           |   14|          3|    2|          6|
    |grp_fu_239_p0               |   43|          8|   32|        256|
    |grp_fu_239_p1               |   31|          6|   32|        192|
    |grp_fu_243_opcode           |   14|          3|    2|          6|
    |grp_fu_243_p0               |   37|          7|   32|        224|
    |grp_fu_243_p1               |   26|          5|   32|        160|
    |grp_fu_253_p0               |   37|          7|   32|        224|
    |grp_fu_256_p0               |   26|          5|   32|        160|
    |grp_load_fu_267_p1          |   14|          3|   32|         96|
    |grp_load_fu_285_p1          |   14|          3|   32|         96|
    |i_blk_n                     |    9|          2|    1|          2|
    |j_reg_228                   |    9|          2|   31|         62|
    |lbVal_constprop_o           |   20|          4|   32|        128|
    |left_bound                  |   20|          4|   32|        128|
    |left_bound_preg             |   14|          3|   32|         96|
    |points_address0             |   20|          4|   12|         48|
    |rbVal_constprop_o           |   20|          4|   32|        128|
    +----------------------------+-----+-----------+-----+-----------+
    |Total                       |  554|        113|  530|       2298|
    +----------------------------+-----+-----------+-----+-----------+

    * Register: 
    +--------------------------------------------------+----+----+-----+-----------+
    |                       Name                       | FF | LUT| Bits| Const Bits|
    +--------------------------------------------------+----+----+-----+-----------+
    |add4_i_reg_6332                                   |  32|   0|   32|          0|
    |add_ln45_reg_6182                                 |  31|   0|   31|          0|
    |add_ln47_reg_6573                                 |  32|   0|   32|          0|
    |and_ln1495_11_reg_6493                            |   1|   0|    1|          0|
    |and_ln1495_1_reg_6578                             |   1|   0|    1|          0|
    |and_ln1495_3_reg_6737                             |   1|   0|    1|          0|
    |and_ln1495_5_reg_6489                             |   1|   0|    1|          0|
    |and_ln1495_7_reg_6741                             |   1|   0|    1|          0|
    |and_ln1495_9_reg_6582                             |   1|   0|    1|          0|
    |and_ln585_reg_6517                                |   1|   0|    1|          0|
    |and_ln603_1_reg_6428                              |   1|   0|    1|          0|
    |and_ln603_2_reg_6548                              |   1|   0|    1|          0|
    |and_ln603_3_reg_6463                              |   1|   0|    1|          0|
    |and_ln603_reg_6522                                |   1|   0|    1|          0|
    |ap_CS_fsm                                         |  27|   0|   27|          0|
    |ap_done_reg                                       |   1|   0|    1|          0|
    |ap_enable_reg_pp0_iter0                           |   1|   0|    1|          0|
    |ap_enable_reg_pp0_iter1                           |   1|   0|    1|          0|
    |ap_enable_reg_pp0_iter2                           |   1|   0|    1|          0|
    |bitcast_ln351_2_reg_6342                          |  31|   0|   32|          1|
    |bitcast_ln351_3_reg_6407                          |  31|   0|   32|          1|
    |bitcast_ln351_4_reg_6348                          |  31|   0|   32|          1|
    |bitcast_ln351_5_reg_6668                          |  31|   0|   32|          1|
    |bitcast_ln351_6_reg_6674                          |  31|   0|   32|          1|
    |bitcast_ln351_reg_6401                            |  31|   0|   32|          1|
    |empty_reg_6155                                    |   1|   0|    1|          0|
    |exp_tmp_1_reg_6685                                |  11|   0|   11|          0|
    |exp_tmp_3_reg_6706                                |  11|   0|   11|          0|
    |get_trapezoid_edgestrapezoid_edges_load_reg_6169  |  32|   0|   32|          0|
    |i_2_reg_6133                                      |   3|   0|    3|          0|
    |icmp_ln45_reg_6187                                |   1|   0|    1|          0|
    |icmp_ln571_1_reg_6695                             |   1|   0|    1|          0|
    |icmp_ln571_3_reg_6716                             |   1|   0|    1|          0|
    |icmp_ln571_reg_6502                               |   1|   0|    1|          0|
    |icmp_ln582_reg_6512                               |   1|   0|    1|          0|
    |icmp_ln935_3_reg_6359                             |   1|   0|    1|          0|
    |icmp_ln935_5_reg_6301                             |   1|   0|    1|          0|
    |icmp_ln935_7_reg_6254                             |   1|   0|    1|          0|
    |icmp_ln935_reg_6212                               |   1|   0|    1|          0|
    |icmp_ln958_7_reg_6275                             |   1|   0|    1|          0|
    |icmp_ln958_reg_6233                               |   1|   0|    1|          0|
    |j_1_reg_6159                                      |  31|   0|   31|          0|
    |j_2_reg_6164                                      |  31|   0|   32|          1|
    |j_reg_228                                         |  31|   0|   31|          0|
    |left_bound_preg                                   |  32|   0|   32|          0|
    |m_70_reg_6222                                     |  32|   0|   32|          0|
    |m_73_reg_6369                                     |  63|   0|   63|          0|
    |m_75_reg_6311                                     |  63|   0|   63|          0|
    |m_76_reg_6264                                     |  32|   0|   32|          0|
    |man_V_2_reg_6497                                  |  54|   0|   54|          0|
    |num_points_load_reg_6148                          |  32|   0|   32|          0|
    |or_ln603_11_reg_6478                              |   1|   0|    1|          0|
    |or_ln603_17_reg_6732                              |   1|   0|    1|          0|
    |or_ln603_3_reg_6433                               |   1|   0|    1|          0|
    |or_ln603_5_reg_6443                               |   1|   0|    1|          0|
    |or_ln603_6_reg_6553                               |   1|   0|    1|          0|
    |or_ln603_8_reg_6563                               |   1|   0|    1|          0|
    |or_ln603_9_reg_6468                               |   1|   0|    1|          0|
    |or_ln603_reg_6527                                 |   1|   0|    1|          0|
    |p_Result_127_reg_6217                             |   1|   0|    1|          0|
    |p_Result_131_reg_6354                             |  31|   0|   31|          0|
    |p_Result_132_reg_6364                             |   1|   0|    1|          0|
    |p_Result_138_reg_6296                             |  31|   0|   31|          0|
    |p_Result_139_reg_6306                             |   1|   0|    1|          0|
    |p_Result_145_reg_6259                             |   1|   0|    1|          0|
    |p_Result_149_reg_6390                             |  31|   0|   31|          0|
    |p_Result_152_reg_6337                             |  31|   0|   31|          0|
    |p_Result_163_reg_6597                             |   1|   0|    1|          0|
    |p_Result_167_reg_6653                             |  31|   0|   31|          0|
    |p_Result_168_reg_6625                             |   1|   0|    1|          0|
    |p_Result_172_reg_6680                             |   1|   0|    1|          0|
    |p_Result_174_reg_6614                             |  31|   0|   31|          0|
    |p_Result_175_reg_6642                             |   1|   0|    1|          0|
    |p_Result_179_reg_6701                             |   1|   0|    1|          0|
    |p_Result_39_reg_6374                              |   1|   0|    1|          0|
    |p_Result_47_reg_6316                              |   1|   0|    1|          0|
    |p_Val2_39_reg_6619                                |  32|   0|   32|          0|
    |p_Val2_44_reg_6636                                |  32|   0|   32|          0|
    |reg_303                                           |  32|   0|   32|          0|
    |reg_309                                           |  32|   0|   32|          0|
    |select_ln603_10_reg_6568                          |   1|   0|    1|          0|
    |select_ln603_14_reg_6727                          |  32|   0|   32|          0|
    |select_ln603_1_reg_6438                           |  32|   0|   32|          0|
    |select_ln603_4_reg_6558                           |  32|   0|   32|          0|
    |select_ln603_7_reg_6473                           |  32|   0|   32|          0|
    |select_ln935_2_reg_6384                           |  32|   0|   32|          0|
    |select_ln935_3_reg_6326                           |  32|   0|   32|          0|
    |select_ln935_4_reg_6290                           |  32|   0|   32|          0|
    |select_ln935_5_reg_6608                           |  32|   0|   32|          0|
    |select_ln935_6_reg_6658                           |  32|   0|   32|          0|
    |select_ln935_7_reg_6663                           |  32|   0|   32|          0|
    |select_ln935_reg_6248                             |  32|   0|   32|          0|
    |select_ln958_11_reg_6280                          |   1|   0|    1|          0|
    |select_ln958_reg_6238                             |   1|   0|    1|          0|
    |sh_amt_1_reg_6413                                 |  12|   0|   12|          0|
    |sh_amt_2_reg_6533                                 |  12|   0|   12|          0|
    |sh_amt_3_reg_6448                                 |  12|   0|   12|          0|
    |sh_amt_reg_6507                                   |  12|   0|   12|          0|
    |shl_ln_reg_6175                                   |   3|   0|   16|         13|
    |sub_ln47_reg_6202                                 |  32|   0|   32|          0|
    |sub_ln47_reg_6202_pp0_iter1_reg                   |  32|   0|   32|          0|
    |sub_ln944_7_reg_6269                              |  32|   0|   32|          0|
    |sub_ln944_reg_6227                                |  32|   0|   32|          0|
    |tmp_V_16_reg_6603                                 |  32|   0|   32|          0|
    |tmp_V_18_reg_6631                                 |  32|   0|   32|          0|
    |tmp_V_20_reg_6648                                 |  32|   0|   32|          0|
    |trunc_ln565_4_reg_6690                            |  52|   0|   52|          0|
    |trunc_ln565_5_reg_6711                            |  52|   0|   52|          0|
    |trunc_ln583_1_reg_6418                            |  32|   0|   32|          0|
    |trunc_ln583_2_reg_6538                            |  32|   0|   32|          0|
    |trunc_ln583_3_reg_6453                            |  32|   0|   32|          0|
    |trunc_ln943_3_reg_6379                            |   8|   0|    8|          0|
    |trunc_ln943_4_reg_6321                            |   8|   0|    8|          0|
    |trunc_ln943_5_reg_6285                            |   8|   0|    8|          0|
    |trunc_ln943_reg_6243                              |   8|   0|    8|          0|
    |v_assign_3_reg_6395                               |  32|   0|   32|          0|
    |v_assign_reg_6483                                 |  32|   0|   32|          0|
    |xor_ln571_1_reg_6423                              |   1|   0|    1|          0|
    |xor_ln571_2_reg_6543                              |   1|   0|    1|          0|
    |xor_ln571_3_reg_6458                              |   1|   0|    1|          0|
    |xor_ln571_5_reg_6722                              |   1|   0|    1|          0|
    |z_bits_2_reg_6591                                 |  32|   0|   32|          0|
    |zext_ln47_reg_6196                                |  31|   0|   32|          1|
    |zext_ln47_reg_6196_pp0_iter1_reg                  |  31|   0|   32|          1|
    +--------------------------------------------------+----+----+-----+-----------+
    |Total                                             |2150|   0| 2172|         22|
    +--------------------------------------------------+----+----+-----+-----------+



================================================================
== Interface
================================================================
* Summary: 
+--------------------------+-----+-----+------------+----------------------------------+--------------+
|         RTL Ports        | Dir | Bits|  Protocol  |           Source Object          |    C Type    |
+--------------------------+-----+-----+------------+----------------------------------+--------------+
|ap_clk                    |   in|    1|  ap_ctrl_hs|  _find_left_and_right_boundaries6|  return value|
|ap_rst                    |   in|    1|  ap_ctrl_hs|  _find_left_and_right_boundaries6|  return value|
|ap_start                  |   in|    1|  ap_ctrl_hs|  _find_left_and_right_boundaries6|  return value|
|ap_done                   |  out|    1|  ap_ctrl_hs|  _find_left_and_right_boundaries6|  return value|
|ap_continue               |   in|    1|  ap_ctrl_hs|  _find_left_and_right_boundaries6|  return value|
|ap_idle                   |  out|    1|  ap_ctrl_hs|  _find_left_and_right_boundaries6|  return value|
|ap_ready                  |  out|    1|  ap_ctrl_hs|  _find_left_and_right_boundaries6|  return value|
|num_points_address0       |  out|    3|   ap_memory|                        num_points|         array|
|num_points_ce0            |  out|    1|   ap_memory|                        num_points|         array|
|num_points_q0             |   in|   32|   ap_memory|                        num_points|         array|
|points_address0           |  out|   12|   ap_memory|                            points|         array|
|points_ce0                |  out|    1|   ap_memory|                            points|         array|
|points_q0                 |   in|  128|   ap_memory|                            points|         array|
|left_bound                |  out|   32|      ap_vld|                        left_bound|       pointer|
|left_bound_ap_vld         |  out|    1|      ap_vld|                        left_bound|       pointer|
|i_dout                    |   in|    3|     ap_fifo|                                 i|       pointer|
|i_empty_n                 |   in|    1|     ap_fifo|                                 i|       pointer|
|i_read                    |  out|    1|     ap_fifo|                                 i|       pointer|
|lbVal_constprop_i         |   in|   32|     ap_ovld|                   lbVal_constprop|       pointer|
|lbVal_constprop_o         |  out|   32|     ap_ovld|                   lbVal_constprop|       pointer|
|lbVal_constprop_o_ap_vld  |  out|    1|     ap_ovld|                   lbVal_constprop|       pointer|
|rbVal_constprop_i         |   in|   32|     ap_ovld|                   rbVal_constprop|       pointer|
|rbVal_constprop_o         |  out|   32|     ap_ovld|                   rbVal_constprop|       pointer|
|rbVal_constprop_o_ap_vld  |  out|    1|     ap_ovld|                   rbVal_constprop|       pointer|
+--------------------------+-----+-----+------------+----------------------------------+--------------+

